12-07 18:06:16.120  1250  1631 I AppsFilter: interaction: PackageSetting{7700fd3 com.fyp.resilientp2p/10282} -> PackageSetting{4028151 com.google.android.apps.photos/10155} BLOCKED
12-07 18:07:20.153  1250  1631 I AppsFilter: interaction: PackageSetting{7700fd3 com.fyp.resilientp2p/10282} -> PackageSetting{73dace6 com.google.android.apps.docs/10149} BLOCKED
12-07 18:07:41.973  1250 18473 I BackgroundDexOptService: Pinning optimized code {app.revanced.android.youtube, com.tbsmart.levision, com.android.externalstorage, com.tblenovo.tabpushout, com.whatsapp, com.google.android.apps.messaging, com.discord, com.lenovo.ota, com.google.android.adservices.api, com.dolby.dolbyvisionservice, com.reddit.frontpage, com.brave.browser, com.longcheertel.sarauth, com.google.android.gm, ch.protonvpn.android, com.fyp.resilientp2p, com.android.se}
12-07 18:10:15.123  1250  1631 I AppsFilter: interaction: PackageSetting{87a75c2 com.fyp.resilientp2p/10282} -> PackageSetting{44c6049 com.google.android.apps.classroom/10221} BLOCKED
12-07 18:10:15.123  1250  1631 I AppsFilter: interaction: PackageSetting{87a75c2 com.fyp.resilientp2p/10282} -> PackageSetting{44c6049 com.google.android.apps.classroom/10221} BLOCKED
12-07 18:10:15.123  1250  1631 I AppsFilter: interaction: PackageSetting{87a75c2 com.fyp.resilientp2p/10282} -> PackageSetting{b516d4e com.google.android.apps.classroom/10221} BLOCKED
12-07 18:10:15.124  1250  1631 I AppsFilter: interaction: PackageSetting{87a75c2 com.fyp.resilientp2p/10282} -> PackageSetting{b516d4e com.google.android.apps.classroom/10221} BLOCKED
12-07 18:10:17.524  1250  1631 I AppsFilter: interaction: PackageSetting{87a75c2 com.fyp.resilientp2p/10282} -> PackageSetting{b516d4e com.google.android.apps.classroom/10221} BLOCKED
12-07 18:47:59.345  1250  1631 I AppsFilter: interaction: PackageSetting{87a75c2 com.fyp.resilientp2p/10282} -> PackageSetting{f65bc26 com.brave.browser/10209} BLOCKED
12-07 18:47:59.345  1250  1631 I AppsFilter: interaction: PackageSetting{87a75c2 com.fyp.resilientp2p/10282} -> PackageSetting{f65bc26 com.brave.browser/10209} BLOCKED
12-07 18:47:59.345  1250  1631 I AppsFilter: interaction: PackageSetting{87a75c2 com.fyp.resilientp2p/10282} -> PackageSetting{908e067 com.brave.browser/10209} BLOCKED
12-07 18:47:59.345  1250  1631 I AppsFilter: interaction: PackageSetting{87a75c2 com.fyp.resilientp2p/10282} -> PackageSetting{908e067 com.brave.browser/10209} BLOCKED
12-07 18:48:00.985  1250  1631 I AppsFilter: interaction: PackageSetting{87a75c2 com.fyp.resilientp2p/10282} -> PackageSetting{908e067 com.brave.browser/10209} BLOCKED
12-07 18:48:40.624  1250  1631 I AppsFilter: interaction: PackageSetting{87a75c2 com.fyp.resilientp2p/10282} -> PackageSetting{b379d96 com.anydesk.anydeskandroid/10178} BLOCKED
12-07 18:48:40.624  1250  1631 I AppsFilter: interaction: PackageSetting{87a75c2 com.fyp.resilientp2p/10282} -> PackageSetting{b379d96 com.anydesk.anydeskandroid/10178} BLOCKED
12-07 18:48:40.624  1250  1631 I AppsFilter: interaction: PackageSetting{87a75c2 com.fyp.resilientp2p/10282} -> PackageSetting{b5fd17 com.anydesk.anydeskandroid/10178} BLOCKED
12-07 18:48:40.624  1250  1631 I AppsFilter: interaction: PackageSetting{87a75c2 com.fyp.resilientp2p/10282} -> PackageSetting{b5fd17 com.anydesk.anydeskandroid/10178} BLOCKED
12-07 18:48:41.574  1250  1631 I AppsFilter: interaction: PackageSetting{87a75c2 com.fyp.resilientp2p/10282} -> PackageSetting{b5fd17 com.anydesk.anydeskandroid/10178} BLOCKED
12-07 18:50:00.514  1250  1631 I AppsFilter: interaction: PackageSetting{87a75c2 com.fyp.resilientp2p/10282} -> PackageSetting{b1033f1 com.alibaba.aliexpresshd/10200} BLOCKED
12-07 18:50:00.514  1250  1631 I AppsFilter: interaction: PackageSetting{87a75c2 com.fyp.resilientp2p/10282} -> PackageSetting{b1033f1 com.alibaba.aliexpresshd/10200} BLOCKED
12-07 18:50:00.514  1250  1631 I AppsFilter: interaction: PackageSetting{87a75c2 com.fyp.resilientp2p/10282} -> PackageSetting{31fbbd6 com.alibaba.aliexpresshd/10200} BLOCKED
12-07 18:50:00.514  1250  1631 I AppsFilter: interaction: PackageSetting{87a75c2 com.fyp.resilientp2p/10282} -> PackageSetting{31fbbd6 com.alibaba.aliexpresshd/10200} BLOCKED
12-07 18:50:13.710  1250  1631 I AppsFilter: interaction: PackageSetting{7700fd3 com.fyp.resilientp2p/10282} -> PackageSetting{52074f9 com.google.android.apps.docs/10149} BLOCKED
12-07 18:50:13.714  1250  1631 I AppsFilter: interaction: PackageSetting{87a75c2 com.fyp.resilientp2p/10282} -> PackageSetting{31fbbd6 com.alibaba.aliexpresshd/10200} BLOCKED
12-07 18:52:43.393  1250  1631 I AppsFilter: interaction: PackageSetting{87a75c2 com.fyp.resilientp2p/10282} -> PackageSetting{f408fe4 com.innersloth.spacemafia/10230} BLOCKED
12-07 18:52:43.393  1250  1631 I AppsFilter: interaction: PackageSetting{87a75c2 com.fyp.resilientp2p/10282} -> PackageSetting{f408fe4 com.innersloth.spacemafia/10230} BLOCKED
12-07 18:52:43.393  1250  1631 I AppsFilter: interaction: PackageSetting{87a75c2 com.fyp.resilientp2p/10282} -> PackageSetting{8acec4d com.innersloth.spacemafia/10230} BLOCKED
12-07 18:52:43.393  1250  1631 I AppsFilter: interaction: PackageSetting{87a75c2 com.fyp.resilientp2p/10282} -> PackageSetting{8acec4d com.innersloth.spacemafia/10230} BLOCKED
12-07 18:52:43.645  1250  1631 I AppsFilter: interaction: PackageSetting{87a75c2 com.fyp.resilientp2p/10282} -> PackageSetting{8acec4d com.innersloth.spacemafia/10230} BLOCKED
12-07 19:50:01.975  1250  1631 I AppsFilter: interaction: PackageSetting{7700fd3 com.fyp.resilientp2p/10282} -> PackageSetting{da9bad com.google.android.apps.docs/10149} BLOCKED
12-07 20:05:02.014  1250  1631 I AppsFilter: interaction: PackageSetting{7700fd3 com.fyp.resilientp2p/10282} -> PackageSetting{b521725 com.connect.enduser/10242} BLOCKED
12-07 20:06:02.904  1250  1631 I AppsFilter: interaction: PackageSetting{7700fd3 com.fyp.resilientp2p/10282} -> PackageSetting{7269a8f com.connect.enduser/10242} BLOCKED
12-07 20:54:40.574  1250  1631 I AppsFilter: interaction: PackageSetting{7700fd3 com.fyp.resilientp2p/10282} -> PackageSetting{e583ac1 com.connect.enduser/10242} BLOCKED
12-07 20:55:40.741  1250  1631 I AppsFilter: interaction: PackageSetting{7700fd3 com.fyp.resilientp2p/10282} -> PackageSetting{150ae78 com.connect.enduser/10242} BLOCKED
12-07 21:35:52.769  1250  1631 I AppsFilter: interaction: PackageSetting{7700fd3 com.fyp.resilientp2p/10282} -> PackageSetting{5efe877 com.google.android.apps.docs/10149} BLOCKED
12-07 21:36:18.227  1156  1156 I Finsky  : [2] VerifyApps: Install-time verification requested for package com.fyp.resilientp2p, PackageManager id = 34, Verifier id = 8e8395f6-a2e8-40c3-964d-230fd80ba6db
12-07 21:36:18.291  1156 15998 I Finsky  : [467] VerifyApps: Anti-malware verification task started for package=com.fyp.resilientp2p
12-07 21:36:18.555  1156  1243 I Finsky  : [161] VerifyApps: Starting APK Analysis scan for com.fyp.resilientp2p.
12-07 21:36:18.557  1156  1243 I Finsky  : [161] Scanning package com.fyp.resilientp2p contents with client side protections. File: [LCeLSOniWLhlfltSTuR0c_PLrkqrcbzFe_9eSmpAQ0M]
12-07 21:36:19.112  1156 16022 I Finsky  : [475] VerifyApps: Verification package=com.fyp.resilientp2p, id=34, response=0, upload_requested=false, enable_ecm=false
12-07 21:36:19.113  1156 16022 I Finsky  : [475] VerifyApps: PAM result saving to datastore delayed for package: com.fyp.resilientp2p
12-07 21:36:25.412  1156  1243 I Finsky  : [161] VerifyApps: APK Analysis scan finished for com.fyp.resilientp2p. Verdict: SAFE
12-07 21:36:25.423  1156  1156 I Finsky  : [2] VerifyApps: Install-time verification complete: id=34, package_name=com.fyp.resilientp2p
12-07 21:36:25.430  1250  1341 I ActivityManager: Force stopping com.fyp.resilientp2p appid=10282 user=-1: installPackageLI
12-07 21:36:25.431  1250  1341 I ActivityManager: Killing 10763:com.fyp.resilientp2p/u0a282 (adj 200): stop com.fyp.resilientp2p due to installPackageLI
12-07 21:36:25.431  1250  1631 I PackageManager: Update package com.fyp.resilientp2p code path from /data/app/~~g1fPQ33LKEmFuJEGuaTqlQ==/com.fyp.resilientp2p-y--rNeoCP7orapqS8mZJjg== to /data/app/~~ViOs9OJqBqe8-Ut09bzNog==/com.fyp.resilientp2p-Glou8ds7t73pkIqhSzLAjg==; Retain data and using new
12-07 21:36:25.432  1250  1631 I AppsFilter: interaction: PackageSetting{86154a4 com.example.gnopressor/10203} -> PackageSetting{6dfc2ea com.fyp.resilientp2p/10282} BLOCKED
12-07 21:36:25.432  1250  1631 I AppsFilter: interaction: PackageSetting{86154a4 com.example.gnopressor/10203} -> PackageSetting{6dfc2ea com.fyp.resilientp2p/10282} BLOCKED
12-07 21:36:25.432  1250  1631 I AppsFilter: interaction: PackageSetting{86154a4 com.example.gnopressor/10203} -> PackageSetting{87a75c2 com.fyp.resilientp2p/10282} BLOCKED
12-07 21:36:25.432  1250  1631 I AppsFilter: interaction: PackageSetting{86154a4 com.example.gnopressor/10203} -> PackageSetting{87a75c2 com.fyp.resilientp2p/10282} BLOCKED
12-07 21:36:25.506  1250  1341 I mtkpower_client: [Legacy][PowerHal_Wrap_notifyAppState] com.fyp.resilientp2p/com.fyp.resilientp2p pid=10763 state:3
12-07 21:36:25.506  1250  1341 I game_scn: collectForegroundAppList packName=com.fyp.resilientp2p, actName=com.fyp.resilientp2p, pid=10763, uid=10282, state:DEAD
12-07 21:36:25.507   782   854 I libPowerHal: [perfNotifyAppState] pack:com.fyp.resilientp2p, act:com.fyp.resilientp2p, state:3, pid:10763, uid:10282, fps:-1
12-07 21:36:25.507   782   854 I libPowerHal: [perfNotifyAppState] pack:com.fyp.resilientp2p, pid:10763, STATE_DEAD
12-07 21:36:25.510  1250  2320 V ActivityManager: Got obituary of 10763:com.fyp.resilientp2p
12-07 21:36:25.517   908 26503 E cutils  : Failed to open(/data/misc/profiles/cur/10/com.fyp.resilientp2p/primary.prof): No such file or directory
12-07 21:36:25.517   908 26503 E installd: Failed to prepare /data/misc/profiles/cur/10/com.fyp.resilientp2p/primary.prof: No such file or directory
12-07 21:36:25.517  1250  1631 E ArtManagerService: Failed to prepare profile for com.fyp.resilientp2p:/data/app/~~ViOs9OJqBqe8-Ut09bzNog==/com.fyp.resilientp2p-Glou8ds7t73pkIqhSzLAjg==/base.apk
12-07 21:36:25.517  1250  1631 I AppsFilter: interaction: PackageSetting{86154a4 com.example.gnopressor/10203} -> PackageSetting{87a75c2 com.fyp.resilientp2p/10282} BLOCKED
12-07 21:36:25.518  1250  1631 I AppsFilter: interaction: PackageSetting{86154a4 com.example.gnopressor/10203} -> PackageSetting{87a75c2 com.fyp.resilientp2p/10282} BLOCKED
12-07 21:36:25.550  1250  1631 I ActivityManager: Force stopping com.fyp.resilientp2p appid=10282 user=0: pkg removed
12-07 21:36:25.562  5496  5496 V UserExperience: m.Y() pkg: com.fyp.resilientp2p, isDataRemoved: false, isReplacing: true
12-07 21:36:25.574  1250  1979 I SdkSandboxManager: No SDKs used. Skipping SDK data reconcilation for CallingInfo{mUid=10282, mPackageName='com.fyp.resilientp2p, mAppProcessToken='null'}
12-07 21:36:25.578  5496  5496 V UserExperience: m.X() pkg: com.fyp.resilientp2p, isReplacing: true
12-07 21:36:25.599  1250  1979 I SdkSandboxManager: No SDKs used. Skipping SDK data reconcilation for CallingInfo{mUid=10282, mPackageName='com.fyp.resilientp2p, mAppProcessToken='null'}
12-07 21:36:25.601  1250  1631 W ActivityManager: Skipping broadcast of Intent { act=android.intent.action.MY_PACKAGE_REPLACED flg=0x4000010 pkg=com.fyp.resilientp2p (has extras) }: user 10 and its parent (if any) are stopped
12-07 21:36:25.613  1156  1156 I Finsky  : [2] AIM: AppInfoCacheUpdater -> invalidating apps: [com.fyp.resilientp2p]
12-07 21:36:25.614  1250  1250 I Telecom : CarModeTracker: Package com.fyp.resilientp2p is not tracked.: SSH.oR@Aj0
12-07 21:36:25.616  1156  1237 I Finsky  : [157] AIM: AppInfoManager-Perf > OnDeviceAppInfo > cacheHitCount=0, cacheMissCount=1. Missed  in cache (limit 10) : [com.fyp.resilientp2p]
12-07 21:36:25.646 16935 16055 I ProximityAuth: [RecentAppsMediator] Package added: (user=UserHandle{0}) com.fyp.resilientp2p
12-07 21:36:25.646  2338  2338 D CarrierSvcBindHelper: onPackageUpdateFinished: com.fyp.resilientp2p
12-07 21:36:25.647  2338  2338 D CarrierSvcBindHelper: onPackageModified: com.fyp.resilientp2p
12-07 21:36:25.655  1156  1156 I Finsky  : [2] AIM: AppInfoCacheUpdater -> invalidating apps: [com.fyp.resilientp2p]
12-07 21:36:25.658  1156  1252 I Finsky  : [165] AIM: AppInfoManager-Perf > OnDeviceAppInfo > cacheHitCount=0, cacheMissCount=1. Missed  in cache (limit 10) : [com.fyp.resilientp2p]
12-07 21:36:25.738  1250  1627 E VerityUtils: Failed to measure fs-verity, errno 1: /data/app/~~ViOs9OJqBqe8-Ut09bzNog==/com.fyp.resilientp2p-Glou8ds7t73pkIqhSzLAjg==/base.apk
12-07 21:36:25.809  1250  1627 E VerityUtils: Failed to measure fs-verity, errno 1: /data/app/~~ViOs9OJqBqe8-Ut09bzNog==/com.fyp.resilientp2p-Glou8ds7t73pkIqhSzLAjg==/base.apk
12-07 21:36:25.833 16111 16028 W SQLiteLog: (28) double-quoted string literal: "com.fyp.resilientp2p"
12-07 21:36:26.060  2566  2671 E ModelWriter: item: WorkspaceItemInfo(id=557 type=APP container=# com.android.launcher3.logger.LauncherAtom$ContainerInfo@7bc6f targetComponent=ComponentInfo{com.fyp.resilientp2p/com.fyp.resilientp2p.MainActivity} screen=0 cell(5,0) span(1,1) minSpan(1,1) rank=0 user=UserHandle{0} title=Resilient P2P Testbed) container being set to: -201, not in the list of folders
12-07 21:36:26.116 16101 16101 W Monkey  : args: [-p, com.fyp.resilientp2p, 1]
12-07 21:36:26.116 16101 16101 W Monkey  :  arg: "com.fyp.resilientp2p"
12-07 21:36:26.116 16101 16101 W Monkey  : data="com.fyp.resilientp2p"
12-07 21:36:26.154  1250  5473 I ActivityTaskManager: START u0 {act=android.intent.action.MAIN cat=[android.intent.category.LAUNCHER] flg=0x10200000 cmp=com.fyp.resilientp2p/.MainActivity} from uid 2000 ,pid=16101
12-07 21:36:26.159  1250  5473 D ActivityTaskManager: TaskLaunchParamsModifier:task=null activity=ActivityRecord{98f5813 u0 com.fyp.resilientp2p/.MainActivity} display-id=0 display-windowing-mode=1 suggested-display-area=DefaultTaskDisplayArea@175535784
12-07 21:36:26.159  1250  5473 D ActivityTaskManager: TaskLaunchParamsModifier:task=null activity=ActivityRecord{98f5813 u0 com.fyp.resilientp2p/.MainActivity} t-1} display-id=0 display-windowing-mode=1 suggested-display-area=DefaultTaskDisplayArea@175535784 non-freeform-display display-area=DefaultTaskDisplayArea@175535784
12-07 21:36:26.162  1250  5473 D ActivityTaskManager: TaskLaunchParamsModifier:task=Task{907a50 #1109 type=standard A=10282:com.fyp.resilientp2p U=0 visible=false visibleRequested=false mode=fullscreen translucent=true sz=0} activity=ActivityRecord{98f5813 u0 com.fyp.resilientp2p/.MainActivity} t-1} display-from-task=0 display-id=0 display-windowing-mode=1 suggested-display-area=DefaultTaskDisplayArea@175535784 inherit-from-task=fullscreen activity-options-fullscreen=Rect(0, 0 - 0, 0) non-freeform-display display-area=DefaultTaskDisplayArea@175535784
12-07 21:36:26.167  1250  5473 I PowerHalWrapper: <amsBoostResume> last:com.dynamixsoftware.printershare, next:com.fyp.resilientp2p 
12-07 21:36:26.170  1250  1328 I PowerHalWrapper: amsBoostProcessCreate package:com.fyp.resilientp2p 
12-07 21:36:26.172  1250  2326 I PowerHalWrapper: amsBoostNotify pid:12175,activity:com.dynamixsoftware.printershare.ActivityPrintPictures, package:com.dynamixsoftware.printershare, mProcessCreatePackcom.fyp.resilientp2p 
12-07 21:36:26.176  1250  1993 D ZuiInputManager: updateTopTaskPackageStatus mTopTaskPackageName = com.fyp.resilientp2p
12-07 21:36:26.176  1250  5473 D CoreBackPreview: Window{1594368 u0 Splash Screen com.fyp.resilientp2p}: Setting back callback OnBackInvokedCallbackInfo{mCallback=android.window.IOnBackInvokedCallback$Stub$Proxy@bd54c26, mPriority=0}
12-07 21:36:26.176  1250  1993 D BluetoothPenInputPolicy: updateTopTaskPackageStatus: topPackageName = com.fyp.resilientp2pmRemountControlState = 0
12-07 21:36:26.176  1250  1993 D BigPalmInputPolicy: updateBigPalmInfoStatus: topPackageName com.fyp.resilientp2p,currentBigPalmStatus 0,mIsShowInstantMemoWindow false,mBigPalmStatus 0
12-07 21:36:26.176  1250  1993 D BigPalmInputPolicy: isGameAppPackage: mUiType = TABUI, packageName = com.fyp.resilientp2p
12-07 21:36:26.177  1250  1993 D BigPalmInputPolicy: boostStyluspen: mTopPackageName = com.fyp.resilientp2p
12-07 21:36:26.177  1250  1993 D BoostUtils: isBoostTargetPackage packageName = com.fyp.resilientp2p
12-07 21:36:26.178  2566  2671 E ModelWriter: item: WorkspaceItemInfo(id=557 type=APP container=# com.android.launcher3.logger.LauncherAtom$ContainerInfo@7bc6f targetComponent=ComponentInfo{com.fyp.resilientp2p/com.fyp.resilientp2p.MainActivity} screen=0 cell(0,0) span(1,1) minSpan(1,1) rank=0 user=UserHandle{0} title=Resilient P2P Testbed) container being set to: -201, not in the list of folders
12-07 21:36:26.180  1250  1335 D DexOptExtImpl: com.fyp.resilientp2p reason is 1 abi is arm64-v8a
12-07 21:36:26.183  1250  1342 I ActivityManager: Start proc 16167:com.fyp.resilientp2p/u0a282 for next-top-activity {com.fyp.resilientp2p/com.fyp.resilientp2p.MainActivity}
12-07 21:36:26.211   807  2449 I BufferQueueDebug: [Splash Screen com.fyp.resilientp2p#3842](this:0xb400007df2bce7c0,id:-1,api:0,p:-1,c:-1) BufferQueue core=(807:/system/bin/surfaceflinger)
12-07 21:36:26.260  1250  2326 I PowerHalWrapper: amsBoostNotify pid:16167,activity:com.fyp.resilientp2p.MainActivity, package:com.fyp.resilientp2p, mProcessCreatePackcom.fyp.resilientp2p 
12-07 21:36:26.260  1250  2326 I mtkpower_client: [Legacy][PowerHal_Wrap_notifyAppState] com.fyp.resilientp2p/com.fyp.resilientp2p.MainActivity pid=16167 state:1
12-07 21:36:26.260  1250  2326 I game_scn: collectForegroundAppList packName=com.fyp.resilientp2p, actName=com.fyp.resilientp2p.MainActivity, pid=16167, uid=10282, state:RESUMED
12-07 21:36:26.260   782   854 I libPowerHal: [perfNotifyAppState] pack:com.fyp.resilientp2p, act:com.fyp.resilientp2p.MainActivity, state:1, pid:16167, uid:10282, fps:-1
12-07 21:36:26.260   782   854 I libPowerHal: [perfNotifyAppState] foreground:com.fyp.resilientp2p, pid:16167, uid:10282
12-07 21:36:26.264   782   803 I mtkpower@impl: [notifyAppState] pc:1, com.dynamixsoftware.printershare => com.fyp.resilientp2p
12-07 21:36:26.277  1250  5469 I WindowManager: finishDrawing of orientation change: Window{1594368 u0 Splash Screen com.fyp.resilientp2p} 36ms
12-07 21:36:26.279   807   807 D BufferStateLayer: Splash Screen com.fyp.resilientp2p#3842 setBuffer frameId=1, bufferId=10045928507746 fenceId=222, w= 2560, h=1536
12-07 21:36:26.282 16167 16167 D nativeloader: Configuring clns-4 for other apk /system_ext/framework/androidx.window.extensions.jar. target_sdk_version=36, uses_libraries=ALL, library_path=/data/app/~~ViOs9OJqBqe8-Ut09bzNog==/com.fyp.resilientp2p-Glou8ds7t73pkIqhSzLAjg==/lib/arm64:/data/app/~~ViOs9OJqBqe8-Ut09bzNog==/com.fyp.resilientp2p-Glou8ds7t73pkIqhSzLAjg==/base.apk!/lib/arm64-v8a, permitted_path=/data:/mnt/expand:/data/user/0/com.fyp.resilientp2p
12-07 21:36:26.287 16167 16167 D nativeloader: Configuring clns-5 for other apk /system_ext/framework/androidx.window.sidecar.jar. target_sdk_version=36, uses_libraries=ALL, library_path=/data/app/~~ViOs9OJqBqe8-Ut09bzNog==/com.fyp.resilientp2p-Glou8ds7t73pkIqhSzLAjg==/lib/arm64:/data/app/~~ViOs9OJqBqe8-Ut09bzNog==/com.fyp.resilientp2p-Glou8ds7t73pkIqhSzLAjg==/base.apk!/lib/arm64-v8a, permitted_path=/data:/mnt/expand:/data/user/0/com.fyp.resilientp2p
12-07 21:36:26.382  1250  1993 D ZuiInputManager: updateTopTaskPackageStatus mTopTaskPackageName = com.fyp.resilientp2p
12-07 21:36:26.382  1250  1993 D BluetoothPenInputPolicy: updateTopTaskPackageStatus: topPackageName = com.fyp.resilientp2pmRemountControlState = 0
12-07 21:36:26.382  1250  1993 D BigPalmInputPolicy: updateBigPalmInfoStatus: topPackageName com.fyp.resilientp2p,currentBigPalmStatus 0,mIsShowInstantMemoWindow false,mBigPalmStatus 0
12-07 21:36:26.382  1250  1993 D BigPalmInputPolicy: isGameAppPackage: mUiType = TABUI, packageName = com.fyp.resilientp2p
12-07 21:36:26.382  1250  1993 D BigPalmInputPolicy: boostStyluspen: mTopPackageName = com.fyp.resilientp2p
12-07 21:36:26.382  1250  1993 D BoostUtils: isBoostTargetPackage packageName = com.fyp.resilientp2p
12-07 21:36:26.617 16167 16167 D nativeloader: Configuring clns-6 for other apk /data/app/~~ViOs9OJqBqe8-Ut09bzNog==/com.fyp.resilientp2p-Glou8ds7t73pkIqhSzLAjg==/base.apk. target_sdk_version=36, uses_libraries=, library_path=/data/app/~~ViOs9OJqBqe8-Ut09bzNog==/com.fyp.resilientp2p-Glou8ds7t73pkIqhSzLAjg==/lib/arm64:/data/app/~~ViOs9OJqBqe8-Ut09bzNog==/com.fyp.resilientp2p-Glou8ds7t73pkIqhSzLAjg==/base.apk!/lib/arm64-v8a, permitted_path=/data:/mnt/expand:/data/user/0/com.fyp.resilientp2p
12-07 21:36:26.624 16167 16167 V GraphicsEnvironment: ANGLE Developer option for 'com.fyp.resilientp2p' set to: 'default'
12-07 21:36:26.624 16167 16167 V GraphicsEnvironment: ANGLE GameManagerService for com.fyp.resilientp2p: false
12-07 21:36:26.649 16167 16167 D OpenGLRenderer: get process name:com.fyp.resilientp2p pid:16167
12-07 21:36:26.649 16167 16167 D OpenGLRenderer: check ys,get process name:com.fyp.resilientp2p pid:16167
12-07 21:36:26.686 16167 16220 D libMEOW : applied 0 plugin for [com.fyp.resilientp2p].
12-07 21:36:26.746 16167 16167 D DecorView: isCts, pkg: com.fyp.resilientp2p
12-07 21:36:26.792   807   871 D SurfaceFlinger: [SF client] NEW(0xb400007df2926ec0) for (16167:com.fyp.resilientp2p)
12-07 21:36:26.803  1250 12883 D CoreBackPreview: Window{8cb5d17 u0 com.fyp.resilientp2p/com.fyp.resilientp2p.MainActivity}: Setting back callback OnBackInvokedCallbackInfo{mCallback=android.window.IOnBackInvokedCallback$Stub$Proxy@bd31aed, mPriority=0}
12-07 21:36:26.803 16167 16167 D libMEOW : applied 0 plugin for [com.fyp.resilientp2p].
12-07 21:36:27.089 16167 16167 D DecorView: isCts, pkg: com.fyp.resilientp2p
12-07 21:36:27.090   807  1152 I BufferQueueDebug: [com.fyp.resilientp2p/com.fyp.resilientp2p.MainActivity#3847](this:0xb400007df2c247c0,id:-1,api:0,p:-1,c:-1) BufferQueue core=(807:/system/bin/surfaceflinger)
12-07 21:36:27.091  1250 12883 W WindowManager: Changing focus from null to Window{8cb5d17 u0 com.fyp.resilientp2p/com.fyp.resilientp2p.MainActivity} displayId=0 Callers=com.android.server.wm.RootWindowContainer.updateFocusedWindowLocked:486 com.android.server.wm.WindowManagerService.updateFocusedWindowLocked:6244 com.android.server.wm.WindowManagerService.relayoutWindow:2582 com.android.server.wm.Session.relayout:275 
12-07 21:36:27.093  1250 12883 I WindowManager: Relayout Window{8cb5d17 u0 com.fyp.resilientp2p/com.fyp.resilientp2p.MainActivity}: oldVis=4 newVis=0 focusMayChange = true requestedWidth = 2560 requestedHeight = 1536 outFrames = ClientWindowFrames{frame=[0,0][2560,1536] display=[0,0][2560,1536] parentFrame=[0,0][0,0] parentClippedByDisplayCutout=false} outSurfaceControl = Surface(name=com.fyp.resilientp2p/com.fyp.resilientp2p.MainActivity)/@0xc53d70
12-07 21:36:27.100 16167 16218 D libMEOW : applied 0 plugin for [com.fyp.resilientp2p].
12-07 21:36:27.279   807   807 D BufferStateLayer: com.fyp.resilientp2p/com.fyp.resilientp2p.MainActivity#3847 setBuffer frameId=1, bufferId=69436736274437 fenceId=313, w= 2560, h=1536
12-07 21:36:27.281  1250  1325 I ActivityTaskManager: Displayed com.fyp.resilientp2p/.MainActivity: +1s125ms
12-07 21:36:27.289 16935 16952 I NearbyConnections: Client 259828889 with package name com.fyp.resilientp2p and sdk version 12451000 has connected, downloads dir is set to null.
12-07 21:36:27.291  1250  1322 I WindowManager: finishDrawing of orientation change: Window{1594368 u0 Splash Screen com.fyp.resilientp2p} 9ms
12-07 21:36:27.296   807   807 I BufferQueueProducer: [Splash Screen com.fyp.resilientp2p#3842](this:0xb400007df2bce7c0,id:-1,api:0,p:-1,c:807) queueBuffer: fps=2.95 dur=1017.01 max=966.95 min=16.76
12-07 21:36:27.297  1250  1329 I WindowManager: Screen frozen for +1s114ms due to Window{1594368 u0 Splash Screen com.fyp.resilientp2p}
12-07 21:36:27.299   807   807 I SurfaceFlinger: operator()(), mtkRenderCntDebug 259256, screenshot (com.fyp.resilientp2p/com.fyp.resilientp2p.MainActivity#3847)
12-07 21:36:27.299   807   807 I SurfaceFlinger: operator()(), mtkRenderCntDebug 259256, screenshot (Splash Screen com.fyp.resilientp2p#3842)
12-07 21:36:27.307   807   807 I SurfaceFlinger: operator()(), mtkRenderCntDebug 259257, screenshot (com.fyp.resilientp2p/com.fyp.resilientp2p.MainActivity#3847)
12-07 21:36:27.307   807   807 I SurfaceFlinger: operator()(), mtkRenderCntDebug 259257, screenshot (Splash Screen com.fyp.resilientp2p#3842)
12-07 21:36:27.323 16167 16167 D DecorView: isCts, pkg: com.fyp.resilientp2p
12-07 21:36:27.338  5402  5402 I GoogleInputMethodService: GoogleInputMethodService.onStartInput():1347 onStartInput(EditorInfo{EditorInfo{packageName=com.fyp.resilientp2p, inputType=0, inputTypeString=NULL, enableLearning=false, autoCorrection=false, autoComplete=false, imeOptions=0, privateImeOptions=null, actionName=UNSPECIFIED, actionLabel=null, initialSelStart=-1, initialSelEnd=-1, initialCapsMode=0, label=null, fieldId=-1, fieldName=null, extras=null, hintText=null, hintLocales=[]}}, false)
12-07 21:36:27.354  1250  5469 I PowerHalWrapper: amsBoostNotify pid:12175,activity:com.dynamixsoftware.printershare.ActivityPrintPictures, package:com.dynamixsoftware.printershare, mProcessCreatePackcom.fyp.resilientp2p 
12-07 21:36:27.403   807   807 I SurfaceFlinger: operator()(), mtkRenderCntDebug 259258, screenshot (com.fyp.resilientp2p/com.fyp.resilientp2p.MainActivity#3847)
12-07 21:36:27.403   807   807 I SurfaceFlinger: operator()(), mtkRenderCntDebug 259258, screenshot (Splash Screen com.fyp.resilientp2p#3842)
12-07 21:36:27.503   807   807 I SurfaceFlinger: operator()(), mtkRenderCntDebug 259259, screenshot (com.fyp.resilientp2p/com.fyp.resilientp2p.MainActivity#3847)
12-07 21:36:27.503   807   807 I SurfaceFlinger: operator()(), mtkRenderCntDebug 259259, screenshot (Splash Screen com.fyp.resilientp2p#3842)
12-07 21:36:27.525  1250  5469 D CoreBackPreview: Window{1594368 u0 Splash Screen com.fyp.resilientp2p EXITING}: Setting back callback null
12-07 21:36:27.526  1250  2320 W InputManager-JNI: Input channel object '1594368 Splash Screen com.fyp.resilientp2p (client)' was disposed without first being removed with the input manager!
12-07 21:36:27.603   807   807 I SurfaceFlinger: operator()(), mtkRenderCntDebug 259260, screenshot (com.fyp.resilientp2p/com.fyp.resilientp2p.MainActivity#3847)
12-07 21:36:27.603   807   807 I SurfaceFlinger: operator()(), mtkRenderCntDebug 259260, screenshot (Splash Screen com.fyp.resilientp2p#3842)
12-07 21:36:27.680  1250  1329 D WindowManager: setParent old=ActivityRecord{98f5813 u0 com.fyp.resilientp2p/.MainActivity} t1109},new=null,this window=Window{1594368 u0 Splash Screen com.fyp.resilientp2p},callers=com.android.server.wm.WindowContainer.removeChild:783 com.android.server.wm.ActivityRecord.removeChild:4463 com.android.server.wm.ActivityRecord.removeChild:391 com.android.server.wm.WindowContainer.removeImmediately:839 com.android.server.wm.WindowState.removeImmediately:2521 com.android.server.wm.WindowState.destroySurface:3663 
12-07 21:36:27.697   807   807 I BufferQueueDebug: [Splash Screen com.fyp.resilientp2p#3842](this:0xb400007df2bce7c0,id:-1,api:0,p:-1,c:807) onDestructor()
12-07 21:36:27.703   807   807 I SurfaceFlinger: operator()(), mtkRenderCntDebug 259261, screenshot (com.fyp.resilientp2p/com.fyp.resilientp2p.MainActivity#3847)
12-07 21:36:27.789   782   854 I libPowerHal: [perfNotifyAppState] pack:com.fyp.resilientp2p, act:com.fyp.resilientp2p.MainActivity, state:5, pid:16167, uid:10282, fps:60
12-07 21:36:27.804   807   807 I SurfaceFlinger: operator()(), mtkRenderCntDebug 259262, screenshot (com.fyp.resilientp2p/com.fyp.resilientp2p.MainActivity#3847)
12-07 21:36:27.904   807   807 I SurfaceFlinger: operator()(), mtkRenderCntDebug 259263, screenshot (com.fyp.resilientp2p/com.fyp.resilientp2p.MainActivity#3847)
12-07 21:36:28.791   782   854 I libPowerHal: [perfNotifyAppState] pack:com.fyp.resilientp2p, act:com.fyp.resilientp2p.MainActivity, state:5, pid:16167, uid:10282, fps:-1
12-07 21:36:30.932   807   807 I SurfaceFlinger: operator()(), mtkRenderCntDebug 259264, screenshot (com.fyp.resilientp2p/com.fyp.resilientp2p.MainActivity#3847)
12-07 21:36:32.550 16167 16245 D ProfileInstaller: Installing profile for com.fyp.resilientp2p
12-07 21:36:35.582   807   807 I SurfaceFlinger: operator()(), mtkRenderCntDebug 259265, screenshot (com.fyp.resilientp2p/com.fyp.resilientp2p.MainActivity#3847)
12-07 21:36:36.609   807   807 I BufferQueueProducer: [com.fyp.resilientp2p/com.fyp.resilientp2p.MainActivity#3847](this:0xb400007df2c247c0,id:-1,api:0,p:-1,c:807) queueBuffer: fps=1.18 dur=9329.90 max=9046.83 min=16.37
12-07 21:36:36.611   807   807 I SurfaceFlinger: operator()(), mtkRenderCntDebug 259266, screenshot (com.fyp.resilientp2p/com.fyp.resilientp2p.MainActivity#3847)
12-07 21:36:36.719   807   807 I SurfaceFlinger: operator()(), mtkRenderCntDebug 259267, screenshot (com.fyp.resilientp2p/com.fyp.resilientp2p.MainActivity#3847)
12-07 21:36:36.798   782   854 I libPowerHal: [perfNotifyAppState] pack:com.fyp.resilientp2p, act:com.fyp.resilientp2p.MainActivity, state:5, pid:16167, uid:10282, fps:90
12-07 21:36:36.819   807   807 I SurfaceFlinger: operator()(), mtkRenderCntDebug 259268, screenshot (com.fyp.resilientp2p/com.fyp.resilientp2p.MainActivity#3847)
12-07 21:36:36.919   807   807 I SurfaceFlinger: operator()(), mtkRenderCntDebug 259269, screenshot (com.fyp.resilientp2p/com.fyp.resilientp2p.MainActivity#3847)
12-07 21:36:37.019   807   807 I SurfaceFlinger: operator()(), mtkRenderCntDebug 259270, screenshot (com.fyp.resilientp2p/com.fyp.resilientp2p.MainActivity#3847)
12-07 21:36:37.120   807   807 I SurfaceFlinger: operator()(), mtkRenderCntDebug 259271, screenshot (com.fyp.resilientp2p/com.fyp.resilientp2p.MainActivity#3847)
12-07 21:36:37.221   807   807 I SurfaceFlinger: operator()(), mtkRenderCntDebug 259272, screenshot (com.fyp.resilientp2p/com.fyp.resilientp2p.MainActivity#3847)
12-07 21:36:37.320   807   807 I SurfaceFlinger: operator()(), mtkRenderCntDebug 259273, screenshot (com.fyp.resilientp2p/com.fyp.resilientp2p.MainActivity#3847)
12-07 21:36:37.422   807   807 I SurfaceFlinger: operator()(), mtkRenderCntDebug 259274, screenshot (com.fyp.resilientp2p/com.fyp.resilientp2p.MainActivity#3847)
12-07 21:36:37.522   807   807 I SurfaceFlinger: operator()(), mtkRenderCntDebug 259275, screenshot (com.fyp.resilientp2p/com.fyp.resilientp2p.MainActivity#3847)
12-07 21:36:37.623   807   807 I SurfaceFlinger: operator()(), mtkRenderCntDebug 259276, screenshot (com.fyp.resilientp2p/com.fyp.resilientp2p.MainActivity#3847)
12-07 21:36:37.631   807   807 I BufferQueueProducer: [com.fyp.resilientp2p/com.fyp.resilientp2p.MainActivity#3847](this:0xb400007df2c247c0,id:-1,api:0,p:-1,c:807) queueBuffer: fps=52.85 dur=1021.85 max=116.76 min=15.90
12-07 21:36:37.723   807   807 I SurfaceFlinger: operator()(), mtkRenderCntDebug 259277, screenshot (com.fyp.resilientp2p/com.fyp.resilientp2p.MainActivity#3847)
12-07 21:36:37.799   782   854 I libPowerHal: [perfNotifyAppState] pack:com.fyp.resilientp2p, act:com.fyp.resilientp2p.MainActivity, state:5, pid:16167, uid:10282, fps:60
12-07 21:36:37.824   807   807 I SurfaceFlinger: operator()(), mtkRenderCntDebug 259278, screenshot (com.fyp.resilientp2p/com.fyp.resilientp2p.MainActivity#3847)
12-07 21:36:37.924   807   807 I SurfaceFlinger: operator()(), mtkRenderCntDebug 259279, screenshot (com.fyp.resilientp2p/com.fyp.resilientp2p.MainActivity#3847)
12-07 21:36:38.025   807   807 I SurfaceFlinger: operator()(), mtkRenderCntDebug 259280, screenshot (com.fyp.resilientp2p/com.fyp.resilientp2p.MainActivity#3847)
12-07 21:36:38.125   807   807 I SurfaceFlinger: operator()(), mtkRenderCntDebug 259281, screenshot (com.fyp.resilientp2p/com.fyp.resilientp2p.MainActivity#3847)
12-07 21:36:38.226   807   807 I SurfaceFlinger: operator()(), mtkRenderCntDebug 259282, screenshot (com.fyp.resilientp2p/com.fyp.resilientp2p.MainActivity#3847)
12-07 21:36:38.326   807   807 I SurfaceFlinger: operator()(), mtkRenderCntDebug 259283, screenshot (com.fyp.resilientp2p/com.fyp.resilientp2p.MainActivity#3847)
12-07 21:36:38.427   807   807 I SurfaceFlinger: operator()(), mtkRenderCntDebug 259284, screenshot (com.fyp.resilientp2p/com.fyp.resilientp2p.MainActivity#3847)
12-07 21:36:39.802   782   854 I libPowerHal: [perfNotifyAppState] pack:com.fyp.resilientp2p, act:com.fyp.resilientp2p.MainActivity, state:5, pid:16167, uid:10282, fps:-1
12-07 21:36:45.787   807   807 I SurfaceFlinger: operator()(), mtkRenderCntDebug 259285, screenshot (com.fyp.resilientp2p/com.fyp.resilientp2p.MainActivity#3847)
12-07 21:36:46.014   807   807 I SurfaceFlinger: operator()(), mtkRenderCntDebug 259286, screenshot (com.fyp.resilientp2p/com.fyp.resilientp2p.MainActivity#3847)
12-07 21:36:52.045   807   807 I SurfaceFlinger: operator()(), mtkRenderCntDebug 259287, screenshot (com.fyp.resilientp2p/com.fyp.resilientp2p.MainActivity#3847)
12-07 21:36:52.511 16935 16950 I NearbyConnections: ClientProxy(com.fyp.resilientp2p) allow WebRtc to use mobile data.
12-07 21:36:52.512 16935 15909 I NearbyConnections: 259828889 com.fyp.resilientp2p startAdvertising in nc mode.
12-07 21:36:52.565   807   807 I BufferQueueProducer: [com.fyp.resilientp2p/com.fyp.resilientp2p.MainActivity#3847](this:0xb400007df2c247c0,id:-1,api:0,p:-1,c:807) queueBuffer: fps=3.21 dur=14934.95 max=14151.55 min=16.21
12-07 21:36:52.568   807   807 I SurfaceFlinger: operator()(), mtkRenderCntDebug 259288, screenshot (com.fyp.resilientp2p/com.fyp.resilientp2p.MainActivity#3847)
12-07 21:36:52.580 16935 15787 I NearbyConnections: Get local endpoint id from the existing localEndpointId:0U5B (last:null) for client 259828889(com.fyp.resilientp2p)
12-07 21:36:52.580 16935 15787 I NearbyConnections: generateRxInstantConnectionAdvBytes() returns null because the client (com.fyp.resilientp2p) is not allowed for an instant connection.
12-07 21:36:52.582 16935 15787 W NearbyConnections: Missing permission: com.fyp.resilientp2p does not have required permission android.permission.NFC
12-07 21:36:52.592  2271 21096 I bt_btif_sock_rfcomm: btsock_rfc_listen: Adding listening socket service_name: com.fyp.resilientp2p - channel: -1
12-07 21:36:52.594 16935 15787 I NearbyMediums: Started accepting Bluetooth Classic connections for com.fyp.resilientp2p.
12-07 21:36:52.669   807   807 I SurfaceFlinger: operator()(), mtkRenderCntDebug 259289, screenshot (com.fyp.resilientp2p/com.fyp.resilientp2p.MainActivity#3847)
12-07 21:36:52.689 16935 15787 I NearbyMediums: Started accepting BLE Gatt connections, service-id=com.fyp.resilientp2p
12-07 21:36:52.703 16935 15787 I NearbyMediums: Started accepting BLE L2CAP connections, service-id=com.fyp.resilientp2p
12-07 21:36:52.896 16935 16935 E NearbyMediums: MEDIUM_ERROR [SYSTEM][BLE][START_ADVERTISING][START_LEGACY_ADVERTISING_FAILED][UNKNOWN], service-id=com.fyp.resilientp2p
12-07 21:36:52.898 16935 16935 W NearbyMediums: Failed to start BLE Legacy advertising, service-id=com.fyp.resilientp2p, with advertiseData : AdvertiseData [mServiceUuids=[0000fef3-0000-1000-8000-00805f9b34fb], mServiceSolicitationUuids=[], mTransportDiscoveryData=[], mManufacturerSpecificData={}, mServiceData={}, mIncludeTxPowerLevel=false, mIncludeDeviceName=false], scanResponse : AdvertiseData [mServiceUuids=[], mServiceSolicitationUuids=[], mTransportDiscoveryData=[], mManufacturerSpecificData={}, mServiceData={0000fef3-0000-1000-8000-00805f9b34fb=[74, 23, 35, 49, 75, 74, 81, 17, 52, -11, 110, -60, -78, 7, 19, 114, -92, -36, 29, -88, -109, -93, 40, -37, 61, 42, -42]}, mIncludeTxPowerLevel=false, mIncludeDeviceName=false], advertiseSettings : AdvertisingSetParameters [connectable=true, isLegacy=true, isAnonymous=false, includeTxPower=false, primaryPhy=1, secondaryPhy=1, interval=160, txPowerLevel=1, ownAddressType=-1]
12-07 21:36:52.900 16935 15787 E NearbyMediums: MEDIUM_ERROR [SYSTEM][BLE][START_ADVERTISING][START_LEGACY_ADVERTISING_FAILED][EXECUTION_EXCEPTION], service-id=com.fyp.resilientp2p
12-07 21:36:52.920 16935 16935 E NearbyMediums: MEDIUM_ERROR [SYSTEM][BLE][START_ADVERTISING][START_LEGACY_ADVERTISING_FAILED][UNKNOWN], service-id=com.fyp.resilientp2p
12-07 21:36:52.921 16935 16935 W NearbyMediums: Failed to start BLE Legacy advertising, service-id=com.fyp.resilientp2p, with advertiseData : AdvertiseData [mServiceUuids=[0000fef3-0000-1000-8000-00805f9b34fb], mServiceSolicitationUuids=[], mTransportDiscoveryData=[], mManufacturerSpecificData={}, mServiceData={}, mIncludeTxPowerLevel=false, mIncludeDeviceName=false], scanResponse : AdvertiseData [mServiceUuids=[], mServiceSolicitationUuids=[], mTransportDiscoveryData=[], mManufacturerSpecificData={}, mServiceData={0000fef3-0000-1000-8000-00805f9b34fb=[86, 82, 65, 81, 65, 103, 67, 103, 103, 65, 65, 67, 65, 68, 66, 112, 121, 112, 111, 121, 65, 78, 103]}, mIncludeTxPowerLevel=false, mIncludeDeviceName=false], advertiseSettings : AdvertisingSetParameters [connectable=true, isLegacy=true, isAnonymous=false, includeTxPower=false, primaryPhy=1, secondaryPhy=1, interval=160, txPowerLevel=1, ownAddressType=-1]
12-07 21:36:52.923 16935 15787 E NearbyMediums: MEDIUM_ERROR [SYSTEM][BLE][START_ADVERTISING][START_LEGACY_ADVERTISING_FAILED][EXECUTION_EXCEPTION], service-id=com.fyp.resilientp2p
12-07 21:36:52.924 16935 15787 I NearbyMediums: Successfully started BLE advertising of size 24 for service com.fyp.resilientp2p, deviceToken : [ 0x2a 0xd6 ].
12-07 21:36:52.934 16935 15787 I NearbyMediums: Successfully bound ServerSocket for service com.fyp.resilientp2p to the stable port 51559.
12-07 21:36:53.720 16935 15787 I NearbyMediums: Successfully advertised IjBVNUI6nt4AAA on serviceID com.fyp.resilientp2p over Wifi LAN.
12-07 21:36:53.723 16935 15787 W NearbyConnections: In startUsbAdvertising([ 0x54 0x42 0x31 0x33 0x32 0x46 0x55 ]), client 259828889 failed to start listening for incoming USB connections to ServiceId com.fyp.resilientp2p
12-07 21:36:53.729 16935 15787 I NearbyMediums: [WifiNetworkV2] WifiStatusChangedCallback registered for com.fyp.resilientp2p (wifiStatusChangedCallbacks.size:2)
12-07 21:36:53.730 16935 15787 I NearbyConnections: Get local endpoint id from the existing localEndpointId:0U5B (last:null) for client 259828889(com.fyp.resilientp2p)
12-07 21:36:53.842   807   807 I BufferQueueProducer: [com.fyp.resilientp2p/com.fyp.resilientp2p.MainActivity#3847](this:0xb400007df2c247c0,id:-1,api:0,p:-1,c:807) queueBuffer: fps=1.57 dur=1276.70 max=1260.18 min=16.52
12-07 21:36:53.848   807   807 I SurfaceFlinger: operator()(), mtkRenderCntDebug 259290, screenshot (com.fyp.resilientp2p/com.fyp.resilientp2p.MainActivity#3847)
12-07 21:36:53.954   807   807 I SurfaceFlinger: operator()(), mtkRenderCntDebug 259291, screenshot (com.fyp.resilientp2p/com.fyp.resilientp2p.MainActivity#3847)
12-07 21:36:54.036   782   854 I libPowerHal: [perfNotifyAppState] pack:com.fyp.resilientp2p, act:com.fyp.resilientp2p.MainActivity, state:5, pid:16167, uid:10282, fps:60
12-07 21:36:54.055   807   807 I SurfaceFlinger: operator()(), mtkRenderCntDebug 259292, screenshot (com.fyp.resilientp2p/com.fyp.resilientp2p.MainActivity#3847)
12-07 21:36:54.070 16935 15909 I NearbyConnections: [PcpManager] In onIncomingConnection(WIFI_LAN) for client com.fyp.resilientp2p, read ConnectionRequestFrame from endpoint WN36 (pcpManager:InstantConnectionPcpManager isSupportInstantConnection:true)
12-07 21:36:54.148 16935 15787 I NearbyConnections: Get local endpoint id from the existing localEndpointId:0U5B (last:null) for client 259828889(com.fyp.resilientp2p)
12-07 21:36:54.156   807   807 I SurfaceFlinger: operator()(), mtkRenderCntDebug 259293, screenshot (com.fyp.resilientp2p/com.fyp.resilientp2p.MainActivity#3847)
12-07 21:36:54.159 16935 15787 I NearbyConnections: Get local endpoint id from the existing localEndpointId:0U5B (last:null) for client 259828889(com.fyp.resilientp2p)
12-07 21:36:54.256   807   807 I SurfaceFlinger: operator()(), mtkRenderCntDebug 259294, screenshot (com.fyp.resilientp2p/com.fyp.resilientp2p.MainActivity#3847)
12-07 21:36:54.273 16935 16300 I NearbyConnections: ClientProxy(com.fyp.resilientp2p) reporting onPayloadReceived(WN36, -8923949516272692920), with result: DETAIL_SUCCESS
12-07 21:36:54.312 16935 16935 E NearbyMediums: MEDIUM_ERROR [SYSTEM][BLE][START_ADVERTISING][START_LEGACY_ADVERTISING_FAILED][UNKNOWN], service-id=com.fyp.resilientp2p
12-07 21:36:54.313 16935 16935 W NearbyMediums: Failed to start BLE Legacy advertising, service-id=com.fyp.resilientp2p, with advertiseData : AdvertiseData [mServiceUuids=[0000fef3-0000-1000-8000-00805f9b34fb], mServiceSolicitationUuids=[], mTransportDiscoveryData=[], mManufacturerSpecificData={}, mServiceData={}, mIncludeTxPowerLevel=false, mIncludeDeviceName=false], scanResponse : AdvertiseData [mServiceUuids=[], mServiceSolicitationUuids=[], mTransportDiscoveryData=[], mManufacturerSpecificData={}, mServiceData={0000fef3-0000-1000-8000-00805f9b34fb=[86, 81, 65, 65, 65, 75, 103, 65, 65, 65, 65, 75, 65, 65, 66, 54, 84, 115, 65, 116, 65, 78, 103]}, mIncludeTxPowerLevel=false, mIncludeDeviceName=false], advertiseSettings : AdvertisingSetParameters [connectable=true, isLegacy=true, isAnonymous=false, includeTxPower=false, primaryPhy=1, secondaryPhy=1, interval=400, txPowerLevel=1, ownAddressType=-1]
12-07 21:36:54.317 16935 15787 E NearbyMediums: MEDIUM_ERROR [SYSTEM][BLE][START_ADVERTISING][START_LEGACY_ADVERTISING_FAILED][EXECUTION_EXCEPTION], service-id=com.fyp.resilientp2p
12-07 21:36:54.318 16935 15787 I NearbyMediums: Successfully stopped BLE advertising for service com.fyp.resilientp2p
12-07 21:36:54.320 16935 15787 I NearbyMediums: Close BLE L2CAP server socket, service-id=com.fyp.resilientp2p
12-07 21:36:54.330 16935 15787 I NearbyMediums: Close BLE GATT server socket, service-id=com.fyp.resilientp2p
12-07 21:36:54.356   807   807 I SurfaceFlinger: operator()(), mtkRenderCntDebug 259295, screenshot (com.fyp.resilientp2p/com.fyp.resilientp2p.MainActivity#3847)
12-07 21:36:54.359 16935 16290 I NearbyConnections: ClientProxy(com.fyp.resilientp2p) reporting onPayloadTransferUpdate(WN36, -8923949516272692920, SUCCESS, 100%) processed(payloadListener:non-null isClientAlive:true)
12-07 21:36:54.370 16935 15787 I NearbyMediums: Stopped accepting Bluetooth Classic connections for com.fyp.resilientp2p.
12-07 21:36:54.373 16935 16290 I NearbyConnections: ClientProxy(com.fyp.resilientp2p) reporting onPayloadReceived(WN36, -6589996212037530437), with result: DETAIL_SUCCESS
12-07 21:36:54.373 16935 16290 I NearbyConnections: ClientProxy(com.fyp.resilientp2p) reporting onPayloadTransferUpdate(WN36, -6589996212037530437, SUCCESS, 100%) processed(payloadListener:non-null isClientAlive:true)
12-07 21:36:54.382 16935 16292 E NearbyMediums: MEDIUM_ERROR [SYSTEM][WIFI_LAN][START_LISTENING_INCOMING_CONNECTION][ACCEPT_CONNECTION_FAILED][SOCKET_CLOSED], service-id=com.fyp.resilientp2p
12-07 21:36:54.383 16935 15787 I NearbyMediums: Skipping stop accepting connections: we are not currently accepting WebRTC connections for com.fyp.resilientp2p.
12-07 21:36:54.384 16935 15787 I NearbyMediums: [WifiNetworkV2] WifiStatusChangedCallback unregistered for com.fyp.resilientp2p (wifiStatusChangedCallbacks.size:1)
12-07 21:36:54.386 16935 15787 I NearbyConnections: [InstantConnectionPcpMgr] In invalidateTxAdvertisementScanning(by stopAdvertising) tx advertisement scanning skipped or stopped for endpointId:1KJQ serviceId:com.fyp.resilientp2p isScreenUnlocked:true isAdvertising:false powerLevel:HIGH isTxScanning:false
12-07 21:36:54.399 16935 15787 I NearbyConnections: ClientProxy(com.fyp.resilientp2p) reporting onPayloadTransferUpdate(WN36, -8306428572080446735, SUCCESS, 100%) processed(payloadListener:non-null isClientAlive:true)
12-07 21:36:54.409 16935 15787 I NearbyConnections: ClientProxy(com.fyp.resilientp2p) reporting onPayloadTransferUpdate(WN36, -4753395348206149615, SUCCESS, 100%) processed(payloadListener:non-null isClientAlive:true)
12-07 21:36:54.417 16935 15909 I NearbyConnections: ClientProxy(com.fyp.resilientp2p) reporting onPayloadTransferUpdate(WN36, -6339944953535539830, SUCCESS, 100%) processed(payloadListener:non-null isClientAlive:true)
12-07 21:36:54.433 16935 15909 I NearbyConnections: ClientProxy(com.fyp.resilientp2p) reporting onPayloadReceived(WN36, -6124402637575166126), with result: DETAIL_SUCCESS
12-07 21:36:54.446 16935 15787 I NearbyConnections: ClientProxy(com.fyp.resilientp2p) reporting onPayloadTransferUpdate(WN36, -8218175234915930343, SUCCESS, 100%) processed(payloadListener:non-null isClientAlive:true)
12-07 21:36:54.457   807   807 I SurfaceFlinger: operator()(), mtkRenderCntDebug 259296, screenshot (com.fyp.resilientp2p/com.fyp.resilientp2p.MainActivity#3847)
12-07 21:36:54.538 16935 15787 I NearbyConnections: ClientProxy(com.fyp.resilientp2p) reporting onPayloadTransferUpdate(WN36, -6124402637575166126, SUCCESS, 100%) processed(payloadListener:non-null isClientAlive:true)
12-07 21:36:54.558   807   807 I SurfaceFlinger: operator()(), mtkRenderCntDebug 259297, screenshot (com.fyp.resilientp2p/com.fyp.resilientp2p.MainActivity#3847)
12-07 21:36:54.582 16935 15787 I NearbyConnections: ClientProxy(com.fyp.resilientp2p) reporting onPayloadReceived(WN36, -8464112156369394071), with result: DETAIL_SUCCESS
12-07 21:36:54.584 16935 15787 I NearbyConnections: ClientProxy(com.fyp.resilientp2p) reporting onPayloadTransferUpdate(WN36, -8464112156369394071, SUCCESS, 100%) processed(payloadListener:non-null isClientAlive:true)
12-07 21:36:56.037   782   854 I libPowerHal: [perfNotifyAppState] pack:com.fyp.resilientp2p, act:com.fyp.resilientp2p.MainActivity, state:5, pid:16167, uid:10282, fps:-1
12-07 21:36:59.338 16935 16935 E NearbyMediums: MEDIUM_ERROR [SYSTEM][BLE][START_ADVERTISING][START_LEGACY_ADVERTISING_FAILED][UNKNOWN], service-id=com.fyp.resilientp2p
12-07 21:36:59.340 16935 16935 W NearbyMediums: Failed to start BLE Legacy advertising, service-id=com.fyp.resilientp2p, with advertiseData : AdvertiseData [mServiceUuids=[0000fef3-0000-1000-8000-00805f9b34fb], mServiceSolicitationUuids=[], mTransportDiscoveryData=[], mManufacturerSpecificData={}, mServiceData={}, mIncludeTxPowerLevel=false, mIncludeDeviceName=false], scanResponse : AdvertiseData [mServiceUuids=[], mServiceSolicitationUuids=[], mTransportDiscoveryData=[], mManufacturerSpecificData={}, mServiceData={0000fef3-0000-1000-8000-00805f9b34fb=[86, 81, 65, 65, 65, 75, 103, 65, 65, 65, 65, 75, 65, 65, 66, 54, 84, 115, 65, 116, 65, 78, 103]}, mIncludeTxPowerLevel=false, mIncludeDeviceName=false], advertiseSettings : AdvertisingSetParameters [connectable=true, isLegacy=true, isAnonymous=false, includeTxPower=false, primaryPhy=1, secondaryPhy=1, interval=400, txPowerLevel=1, ownAddressType=-1]
12-07 21:36:59.342 16935 15787 E NearbyMediums: MEDIUM_ERROR [SYSTEM][BLE][START_ADVERTISING][START_LEGACY_ADVERTISING_FAILED][EXECUTION_EXCEPTION], service-id=com.fyp.resilientp2p
12-07 21:37:00.100   807   807 I SurfaceFlinger: operator()(), mtkRenderCntDebug 259298, screenshot (com.fyp.resilientp2p/com.fyp.resilientp2p.MainActivity#3847)
12-07 21:37:02.626   807   807 I BufferQueueProducer: [com.fyp.resilientp2p/com.fyp.resilientp2p.MainActivity#3847](this:0xb400007df2c247c0,id:-1,api:0,p:-1,c:807) queueBuffer: fps=2.96 dur=8783.75 max=8109.75 min=16.44
12-07 21:37:02.632   807   807 I SurfaceFlinger: operator()(), mtkRenderCntDebug 259299, screenshot (com.fyp.resilientp2p/com.fyp.resilientp2p.MainActivity#3847)
12-07 21:37:02.733   807   807 I SurfaceFlinger: operator()(), mtkRenderCntDebug 259300, screenshot (com.fyp.resilientp2p/com.fyp.resilientp2p.MainActivity#3847)
12-07 21:37:05.583   807   807 I SurfaceFlinger: operator()(), mtkRenderCntDebug 259301, screenshot (com.fyp.resilientp2p/com.fyp.resilientp2p.MainActivity#3847)
12-07 21:37:06.864 16935 16935 E NearbyMediums: MEDIUM_ERROR [SYSTEM][BLE][START_ADVERTISING][START_LEGACY_ADVERTISING_FAILED][UNKNOWN], service-id=com.fyp.resilientp2p
12-07 21:37:06.866 16935 16935 W NearbyMediums: Failed to start BLE Legacy advertising, service-id=com.fyp.resilientp2p, with advertiseData : AdvertiseData [mServiceUuids=[0000fef3-0000-1000-8000-00805f9b34fb], mServiceSolicitationUuids=[], mTransportDiscoveryData=[], mManufacturerSpecificData={}, mServiceData={}, mIncludeTxPowerLevel=false, mIncludeDeviceName=false], scanResponse : AdvertiseData [mServiceUuids=[], mServiceSolicitationUuids=[], mTransportDiscoveryData=[], mManufacturerSpecificData={}, mServiceData={0000fef3-0000-1000-8000-00805f9b34fb=[86, 81, 65, 65, 65, 75, 103, 65, 65, 65, 65, 75, 65, 65, 66, 54, 84, 115, 65, 116, 65, 78, 103]}, mIncludeTxPowerLevel=false, mIncludeDeviceName=false], advertiseSettings : AdvertisingSetParameters [connectable=true, isLegacy=true, isAnonymous=false, includeTxPower=false, primaryPhy=1, secondaryPhy=1, interval=400, txPowerLevel=1, ownAddressType=-1]
12-07 21:37:06.869 16935 16290 E NearbyMediums: MEDIUM_ERROR [SYSTEM][BLE][START_ADVERTISING][START_LEGACY_ADVERTISING_FAILED][EXECUTION_EXCEPTION], service-id=com.fyp.resilientp2p
12-07 21:37:17.526 16935 16952 I NearbyConnections: ClientProxy(com.fyp.resilientp2p) allow WebRtc to use mobile data.
12-07 21:37:17.529 16935 15787 I NearbyConnections: 259828889 com.fyp.resilientp2p startAdvertising in nc mode.
12-07 21:37:17.535 16935 16314 I NearbyConnections: Get local endpoint id from the existing localEndpointId:0U5B (last:0U5B) for client 259828889(com.fyp.resilientp2p)
12-07 21:37:17.535 16935 16314 I NearbyConnections: generateRxInstantConnectionAdvBytes() returns null because the client (com.fyp.resilientp2p) is not allowed for an instant connection.
12-07 21:37:17.536 16935 16314 W NearbyConnections: Missing permission: com.fyp.resilientp2p does not have required permission android.permission.NFC
