12-07 21:44:45.428 16935 16935 W NearbyMediums: Failed to start BLE Legacy advertising, service-id=com.fyp.resilientp2p, with advertiseData : AdvertiseData [mServiceUuids=[0000fef3-0000-1000-8000-00805f9b34fb], mServiceSolicitationUuids=[], mTransportDiscoveryData=[], mManufacturerSpecificData={}, mServiceData={}, mIncludeTxPowerLevel=false, mIncludeDeviceName=false], scanResponse : AdvertiseData [mServiceUuids=[], mServiceSolicitationUuids=[], mTransportDiscoveryData=[], mManufacturerSpecificData={}, mServiceData={0000fef3-0000-1000-8000-00805f9b34fb=[86, 81, 65, 65, 73, 69, 81, 65, 73, 69, 65, 65, 65, 65, 68, 107, 65, 83, 67, 75, 65, 79, 73]}, mIncludeTxPowerLevel=false, mIncludeDeviceName=false], advertiseSettings : AdvertisingSetParameters [connectable=true, isLegacy=true, isAnonymous=false, includeTxPower=false, primaryPhy=1, secondaryPhy=1, interval=400, txPowerLevel=1, ownAddressType=-1]
12-07 21:44:45.429 16935 16593 E NearbyMediums: MEDIUM_ERROR [SYSTEM][BLE][START_ADVERTISING][START_LEGACY_ADVERTISING_FAILED][EXECUTION_EXCEPTION], service-id=com.fyp.resilientp2p
12-07 21:44:45.948   807   807 I SurfaceFlinger: operator()(), mtkRenderCntDebug 259631, screenshot (com.fyp.resilientp2p/com.fyp.resilientp2p.MainActivity#3847)
12-07 21:44:47.816 16935 16593 I NearbyConnections: 259828889 com.fyp.resilientp2p startDiscovery in nc mode.
12-07 21:44:47.842 16935 16601 W NearbyConnections: Missing permission: com.fyp.resilientp2p does not have required permission android.permission.NFC
12-07 21:44:47.886 16935 16601 I NearbyMediums: Started BLE scanning, service-id=com.fyp.resilientp2p, is-extended-advert=true, power-level=3, scan-mode=low-latency
12-07 21:44:47.888 16935 16601 I NearbyConnections: Pause bluetooth discovery for service id : com.fyp.resilientp2p
12-07 21:44:47.909   807   807 I BufferQueueProducer: [com.fyp.resilientp2p/com.fyp.resilientp2p.MainActivity#3847](this:0xb400007df2c247c0,id:-1,api:0,p:-1,c:807) queueBuffer: fps=1.60 dur=15016.71 max=14576.17 min=16.11
12-07 21:44:47.911 16935 16601 I NearbyMediums: Successfully started Wifi LAN discovery for serviceID com.fyp.resilientp2p.
12-07 21:44:47.913 16935 16601 I NearbyConnections: In startUsbDiscovery(), client 259828889 couldn't start scanning on USB for serviceId com.fyp.resilientp2p.
12-07 21:44:47.914   807   807 I SurfaceFlinger: operator()(), mtkRenderCntDebug 259632, screenshot (com.fyp.resilientp2p/com.fyp.resilientp2p.MainActivity#3847)
12-07 21:44:48.016   807   807 I SurfaceFlinger: operator()(), mtkRenderCntDebug 259633, screenshot (com.fyp.resilientp2p/com.fyp.resilientp2p.MainActivity#3847)
12-07 21:44:48.116   807   807 I SurfaceFlinger: operator()(), mtkRenderCntDebug 259634, screenshot (com.fyp.resilientp2p/com.fyp.resilientp2p.MainActivity#3847)
12-07 21:44:48.216   807   807 I SurfaceFlinger: operator()(), mtkRenderCntDebug 259635, screenshot (com.fyp.resilientp2p/com.fyp.resilientp2p.MainActivity#3847)
12-07 21:44:48.316   807   807 I SurfaceFlinger: operator()(), mtkRenderCntDebug 259636, screenshot (com.fyp.resilientp2p/com.fyp.resilientp2p.MainActivity#3847)
12-07 21:44:48.417   807   807 I SurfaceFlinger: operator()(), mtkRenderCntDebug 259637, screenshot (com.fyp.resilientp2p/com.fyp.resilientp2p.MainActivity#3847)
12-07 21:44:48.938   782   854 I libPowerHal: [perfNotifyAppState] pack:com.fyp.resilientp2p, act:com.fyp.resilientp2p.MainActivity, state:5, pid:16167, uid:10282, fps:60
12-07 21:44:49.350   807   807 I SurfaceFlinger: operator()(), mtkRenderCntDebug 259638, screenshot (com.fyp.resilientp2p/com.fyp.resilientp2p.MainActivity#3847)
12-07 21:44:49.939   782   854 I libPowerHal: [perfNotifyAppState] pack:com.fyp.resilientp2p, act:com.fyp.resilientp2p.MainActivity, state:5, pid:16167, uid:10282, fps:-1
12-07 21:44:55.886 16935 16608 I NearbyMediums: Current Tracked Scanning Clients are : {NearbyConnections.EnvironmentMonitor, NearbySharing, NearbyConnections.TxAdvertisement, com.fyp.resilientp2p}
12-07 21:44:56.699 16935 16935 E NearbyMediums: MEDIUM_ERROR [SYSTEM][BLE][START_ADVERTISING][START_LEGACY_ADVERTISING_FAILED][UNKNOWN], service-id=com.fyp.resilientp2p
12-07 21:44:56.700 16935 16935 W NearbyMediums: Failed to start BLE Legacy advertising, service-id=com.fyp.resilientp2p, with advertiseData : AdvertiseData [mServiceUuids=[0000fef3-0000-1000-8000-00805f9b34fb], mServiceSolicitationUuids=[], mTransportDiscoveryData=[], mManufacturerSpecificData={}, mServiceData={}, mIncludeTxPowerLevel=false, mIncludeDeviceName=false], scanResponse : AdvertiseData [mServiceUuids=[], mServiceSolicitationUuids=[], mTransportDiscoveryData=[], mManufacturerSpecificData={}, mServiceData={0000fef3-0000-1000-8000-00805f9b34fb=[86, 81, 65, 65, 73, 69, 81, 65, 73, 69, 65, 65, 65, 65, 68, 107, 65, 83, 67, 75, 65, 79, 73]}, mIncludeTxPowerLevel=false, mIncludeDeviceName=false], advertiseSettings : AdvertisingSetParameters [connectable=true, isLegacy=true, isAnonymous=false, includeTxPower=false, primaryPhy=1, secondaryPhy=1, interval=400, txPowerLevel=1, ownAddressType=-1]
12-07 21:44:56.702 16935 16608 E NearbyMediums: MEDIUM_ERROR [SYSTEM][BLE][START_ADVERTISING][START_LEGACY_ADVERTISING_FAILED][EXECUTION_EXCEPTION], service-id=com.fyp.resilientp2p
12-07 21:44:57.883 16935 16608 I NearbyMediums: Stopped BLE scanning, service-id=com.fyp.resilientp2p
12-07 21:44:57.976   807   807 I BufferQueueProducer: [com.fyp.resilientp2p/com.fyp.resilientp2p.MainActivity#3847](this:0xb400007df2c247c0,id:-1,api:0,p:-1,c:807) queueBuffer: fps=2.38 dur=10066.51 max=9583.36 min=16.39
12-07 21:44:57.980   807   807 I SurfaceFlinger: operator()(), mtkRenderCntDebug 259639, screenshot (com.fyp.resilientp2p/com.fyp.resilientp2p.MainActivity#3847)
12-07 21:44:58.087   807   807 I SurfaceFlinger: operator()(), mtkRenderCntDebug 259640, screenshot (com.fyp.resilientp2p/com.fyp.resilientp2p.MainActivity#3847)
12-07 21:44:58.188   807   807 I SurfaceFlinger: operator()(), mtkRenderCntDebug 259641, screenshot (com.fyp.resilientp2p/com.fyp.resilientp2p.MainActivity#3847)
12-07 21:44:58.289   807   807 I SurfaceFlinger: operator()(), mtkRenderCntDebug 259642, screenshot (com.fyp.resilientp2p/com.fyp.resilientp2p.MainActivity#3847)
12-07 21:44:58.390   807   807 I SurfaceFlinger: operator()(), mtkRenderCntDebug 259643, screenshot (com.fyp.resilientp2p/com.fyp.resilientp2p.MainActivity#3847)
12-07 21:44:58.945   782   854 I libPowerHal: [perfNotifyAppState] pack:com.fyp.resilientp2p, act:com.fyp.resilientp2p.MainActivity, state:5, pid:16167, uid:10282, fps:60
12-07 21:44:59.945   782   854 I libPowerHal: [perfNotifyAppState] pack:com.fyp.resilientp2p, act:com.fyp.resilientp2p.MainActivity, state:5, pid:16167, uid:10282, fps:-1
12-07 21:45:00.100   807   807 I SurfaceFlinger: operator()(), mtkRenderCntDebug 259644, screenshot (com.fyp.resilientp2p/com.fyp.resilientp2p.MainActivity#3847)
12-07 21:45:04.433   807   807 I SurfaceFlinger: operator()(), mtkRenderCntDebug 259645, screenshot (com.fyp.resilientp2p/com.fyp.resilientp2p.MainActivity#3847)
12-07 21:45:12.835 16935  3412 I NearbyConnections: ClientProxy(com.fyp.resilientp2p) allow WebRtc to use mobile data.
12-07 21:45:12.837 16935 16593 I NearbyConnections: 259828889 com.fyp.resilientp2p startAdvertising in nc mode.
12-07 21:45:12.851 16935 16601 I NearbyConnections: Get local endpoint id from the existing localEndpointId:0U5B (last:null) for client 259828889(com.fyp.resilientp2p)
12-07 21:45:12.851 16935 16601 I NearbyConnections: generateRxInstantConnectionAdvBytes() returns null because the client (com.fyp.resilientp2p) is not allowed for an instant connection.
12-07 21:45:12.854 16935 16601 W NearbyConnections: Missing permission: com.fyp.resilientp2p does not have required permission android.permission.NFC
12-07 21:45:12.874  2271  5452 I bt_btif_sock_rfcomm: btsock_rfc_listen: Adding listening socket service_name: com.fyp.resilientp2p - channel: -1
12-07 21:45:12.879 16935 16601 I NearbyMediums: Started accepting Bluetooth Classic connections for com.fyp.resilientp2p.
12-07 21:45:12.943   807   807 I BufferQueueProducer: [com.fyp.resilientp2p/com.fyp.resilientp2p.MainActivity#3847](this:0xb400007df2c247c0,id:-1,api:0,p:-1,c:807) queueBuffer: fps=1.40 dur=14966.90 max=14627.66 min=16.26
12-07 21:45:12.948   807   807 I SurfaceFlinger: operator()(), mtkRenderCntDebug 259646, screenshot (com.fyp.resilientp2p/com.fyp.resilientp2p.MainActivity#3847)
12-07 21:45:12.963 16935 16601 I NearbyMediums: Started accepting BLE Gatt connections, service-id=com.fyp.resilientp2p
12-07 21:45:12.979 16935 16601 I NearbyMediums: Started accepting BLE L2CAP connections, service-id=com.fyp.resilientp2p
12-07 21:45:13.297 16935 16935 E NearbyMediums: MEDIUM_ERROR [SYSTEM][BLE][START_ADVERTISING][START_LEGACY_ADVERTISING_FAILED][UNKNOWN], service-id=com.fyp.resilientp2p
12-07 21:45:13.299 16935 16935 W NearbyMediums: Failed to start BLE Legacy advertising, service-id=com.fyp.resilientp2p, with advertiseData : AdvertiseData [mServiceUuids=[0000fef3-0000-1000-8000-00805f9b34fb], mServiceSolicitationUuids=[], mTransportDiscoveryData=[], mManufacturerSpecificData={}, mServiceData={}, mIncludeTxPowerLevel=false, mIncludeDeviceName=false], scanResponse : AdvertiseData [mServiceUuids=[], mServiceSolicitationUuids=[], mTransportDiscoveryData=[], mManufacturerSpecificData={}, mServiceData={0000fef3-0000-1000-8000-00805f9b34fb=[74, 23, 35, 49, 75, 74, 81, 17, 52, -11, 110, -60, -78, 7, 19, 114, -92, -36, 29, -88, -109, -93, 40, -37, 61, 42, -42]}, mIncludeTxPowerLevel=false, mIncludeDeviceName=false], advertiseSettings : AdvertisingSetParameters [connectable=true, isLegacy=true, isAnonymous=false, includeTxPower=false, primaryPhy=1, secondaryPhy=1, interval=160, txPowerLevel=1, ownAddressType=-1]
12-07 21:45:13.303 16935 16601 E NearbyMediums: MEDIUM_ERROR [SYSTEM][BLE][START_ADVERTISING][START_LEGACY_ADVERTISING_FAILED][EXECUTION_EXCEPTION], service-id=com.fyp.resilientp2p
12-07 21:45:13.321 16935 16935 E NearbyMediums: MEDIUM_ERROR [SYSTEM][BLE][START_ADVERTISING][START_LEGACY_ADVERTISING_FAILED][UNKNOWN], service-id=com.fyp.resilientp2p
12-07 21:45:13.322 16935 16935 W NearbyMediums: Failed to start BLE Legacy advertising, service-id=com.fyp.resilientp2p, with advertiseData : AdvertiseData [mServiceUuids=[0000fef3-0000-1000-8000-00805f9b34fb], mServiceSolicitationUuids=[], mTransportDiscoveryData=[], mManufacturerSpecificData={}, mServiceData={}, mIncludeTxPowerLevel=false, mIncludeDeviceName=false], scanResponse : AdvertiseData [mServiceUuids=[], mServiceSolicitationUuids=[], mTransportDiscoveryData=[], mManufacturerSpecificData={}, mServiceData={0000fef3-0000-1000-8000-00805f9b34fb=[86, 82, 69, 81, 65, 65, 71, 66, 103, 65, 69, 66, 65, 66, 67, 53, 99, 75, 49, 97, 65, 79, 77]}, mIncludeTxPowerLevel=false, mIncludeDeviceName=false], advertiseSettings : AdvertisingSetParameters [connectable=true, isLegacy=true, isAnonymous=false, includeTxPower=false, primaryPhy=1, secondaryPhy=1, interval=160, txPowerLevel=1, ownAddressType=-1]
12-07 21:45:13.324 16935 16601 E NearbyMediums: MEDIUM_ERROR [SYSTEM][BLE][START_ADVERTISING][START_LEGACY_ADVERTISING_FAILED][EXECUTION_EXCEPTION], service-id=com.fyp.resilientp2p
12-07 21:45:13.325 16935 16601 I NearbyMediums: Successfully started BLE advertising of size 24 for service com.fyp.resilientp2p, deviceToken : [ 0x2a 0xd6 ].
12-07 21:45:13.332 16935 16601 I NearbyMediums: Successfully bound ServerSocket for service com.fyp.resilientp2p to the stable port 51559.
12-07 21:45:13.517   807   807 I SurfaceFlinger: operator()(), mtkRenderCntDebug 259647, screenshot (com.fyp.resilientp2p/com.fyp.resilientp2p.MainActivity#3847)
12-07 21:45:14.141 16935 16601 I NearbyMediums: Successfully advertised IjBVNUI6nt4AAA on serviceID com.fyp.resilientp2p over Wifi LAN.
12-07 21:45:14.143 16935 16601 W NearbyConnections: In startUsbAdvertising([ 0x54 0x42 0x31 0x33 0x32 0x46 0x55 ]), client 259828889 failed to start listening for incoming USB connections to ServiceId com.fyp.resilientp2p
12-07 21:45:14.150 16935 16601 I NearbyMediums: [WifiNetworkV2] WifiStatusChangedCallback registered for com.fyp.resilientp2p (wifiStatusChangedCallbacks.size:2)
12-07 21:45:14.152 16935 16601 I NearbyConnections: Get local endpoint id from the existing localEndpointId:0U5B (last:null) for client 259828889(com.fyp.resilientp2p)
12-07 21:45:14.275   807   807 I BufferQueueProducer: [com.fyp.resilientp2p/com.fyp.resilientp2p.MainActivity#3847](this:0xb400007df2c247c0,id:-1,api:0,p:-1,c:807) queueBuffer: fps=0.75 dur=1332.03 max=1332.03 min=1332.03
12-07 21:45:14.281   807   807 I SurfaceFlinger: operator()(), mtkRenderCntDebug 259648, screenshot (com.fyp.resilientp2p/com.fyp.resilientp2p.MainActivity#3847)
12-07 21:45:14.382   807   807 I SurfaceFlinger: operator()(), mtkRenderCntDebug 259649, screenshot (com.fyp.resilientp2p/com.fyp.resilientp2p.MainActivity#3847)
12-07 21:45:14.482   807   807 I SurfaceFlinger: operator()(), mtkRenderCntDebug 259650, screenshot (com.fyp.resilientp2p/com.fyp.resilientp2p.MainActivity#3847)
12-07 21:45:14.583   807   807 I SurfaceFlinger: operator()(), mtkRenderCntDebug 259651, screenshot (com.fyp.resilientp2p/com.fyp.resilientp2p.MainActivity#3847)
12-07 21:45:14.683   807   807 I SurfaceFlinger: operator()(), mtkRenderCntDebug 259652, screenshot (com.fyp.resilientp2p/com.fyp.resilientp2p.MainActivity#3847)
12-07 21:45:14.932   782   854 I libPowerHal: [perfNotifyAppState] pack:com.fyp.resilientp2p, act:com.fyp.resilientp2p.MainActivity, state:5, pid:16167, uid:10282, fps:60
12-07 21:45:15.933   782   854 I libPowerHal: [perfNotifyAppState] pack:com.fyp.resilientp2p, act:com.fyp.resilientp2p.MainActivity, state:5, pid:16167, uid:10282, fps:-1
12-07 21:45:18.325 16935 16935 E NearbyMediums: MEDIUM_ERROR [SYSTEM][BLE][START_ADVERTISING][START_LEGACY_ADVERTISING_FAILED][UNKNOWN], service-id=com.fyp.resilientp2p
12-07 21:45:18.326 16935 16935 W NearbyMediums: Failed to start BLE Legacy advertising, service-id=com.fyp.resilientp2p, with advertiseData : AdvertiseData [mServiceUuids=[0000fef3-0000-1000-8000-00805f9b34fb], mServiceSolicitationUuids=[], mTransportDiscoveryData=[], mManufacturerSpecificData={}, mServiceData={}, mIncludeTxPowerLevel=false, mIncludeDeviceName=false], scanResponse : AdvertiseData [mServiceUuids=[], mServiceSolicitationUuids=[], mTransportDiscoveryData=[], mManufacturerSpecificData={}, mServiceData={0000fef3-0000-1000-8000-00805f9b34fb=[74, 23, 35, 49, 75, 74, 81, 17, 52, -11, 110, -60, -78, 7, 19, 114, -92, -36, 29, -88, -109, -93, 40, -37, 61, 42, -42]}, mIncludeTxPowerLevel=false, mIncludeDeviceName=false], advertiseSettings : AdvertisingSetParameters [connectable=true, isLegacy=true, isAnonymous=false, includeTxPower=false, primaryPhy=1, secondaryPhy=1, interval=160, txPowerLevel=1, ownAddressType=-1]
12-07 21:45:18.329 16935 16593 E NearbyMediums: MEDIUM_ERROR [SYSTEM][BLE][START_ADVERTISING][START_LEGACY_ADVERTISING_FAILED][EXECUTION_EXCEPTION], service-id=com.fyp.resilientp2p
12-07 21:45:18.348 16935 16935 E NearbyMediums: MEDIUM_ERROR [SYSTEM][BLE][START_ADVERTISING][START_LEGACY_ADVERTISING_FAILED][UNKNOWN], service-id=com.fyp.resilientp2p
12-07 21:45:18.350 16935 16935 W NearbyMediums: Failed to start BLE Legacy advertising, service-id=com.fyp.resilientp2p, with advertiseData : AdvertiseData [mServiceUuids=[0000fef3-0000-1000-8000-00805f9b34fb], mServiceSolicitationUuids=[], mTransportDiscoveryData=[], mManufacturerSpecificData={}, mServiceData={}, mIncludeTxPowerLevel=false, mIncludeDeviceName=false], scanResponse : AdvertiseData [mServiceUuids=[], mServiceSolicitationUuids=[], mTransportDiscoveryData=[], mManufacturerSpecificData={}, mServiceData={0000fef3-0000-1000-8000-00805f9b34fb=[86, 82, 69, 81, 65, 65, 71, 66, 103, 65, 69, 66, 65, 66, 67, 53, 99, 75, 49, 97, 65, 79, 77]}, mIncludeTxPowerLevel=false, mIncludeDeviceName=false], advertiseSettings : AdvertisingSetParameters [connectable=true, isLegacy=true, isAnonymous=false, includeTxPower=false, primaryPhy=1, secondaryPhy=1, interval=160, txPowerLevel=1, ownAddressType=-1]
12-07 21:45:18.353 16935 16593 E NearbyMediums: MEDIUM_ERROR [SYSTEM][BLE][START_ADVERTISING][START_LEGACY_ADVERTISING_FAILED][EXECUTION_EXCEPTION], service-id=com.fyp.resilientp2p
12-07 21:45:22.922 16935 16935 E NearbyMediums: MEDIUM_ERROR [SYSTEM][BLE][START_ADVERTISING][START_LEGACY_ADVERTISING_FAILED][UNKNOWN], service-id=com.fyp.resilientp2p
12-07 21:45:22.923 16935 16935 W NearbyMediums: Failed to start BLE Legacy advertising, service-id=com.fyp.resilientp2p, with advertiseData : AdvertiseData [mServiceUuids=[0000fef3-0000-1000-8000-00805f9b34fb], mServiceSolicitationUuids=[], mTransportDiscoveryData=[], mManufacturerSpecificData={}, mServiceData={}, mIncludeTxPowerLevel=false, mIncludeDeviceName=false], scanResponse : AdvertiseData [mServiceUuids=[], mServiceSolicitationUuids=[], mTransportDiscoveryData=[], mManufacturerSpecificData={}, mServiceData={0000fef3-0000-1000-8000-00805f9b34fb=[86, 85, 65, 65, 65, 81, 65, 65, 69, 65, 65, 67, 67, 65, 66, 72, 71, 71, 56, 65, 65, 79, 77]}, mIncludeTxPowerLevel=false, mIncludeDeviceName=false], advertiseSettings : AdvertisingSetParameters [connectable=true, isLegacy=true, isAnonymous=false, includeTxPower=false, primaryPhy=1, secondaryPhy=1, interval=400, txPowerLevel=1, ownAddressType=-1]
12-07 21:45:22.927 16935 16593 E NearbyMediums: MEDIUM_ERROR [SYSTEM][BLE][START_ADVERTISING][START_LEGACY_ADVERTISING_FAILED][EXECUTION_EXCEPTION], service-id=com.fyp.resilientp2p
12-07 21:45:22.930 16935 16593 I NearbyMediums: Successfully stopped BLE advertising for service com.fyp.resilientp2p
12-07 21:45:22.935 16935 16593 I NearbyMediums: Close BLE L2CAP server socket, service-id=com.fyp.resilientp2p
12-07 21:45:22.952 16935 16593 I NearbyMediums: Close BLE GATT server socket, service-id=com.fyp.resilientp2p
12-07 21:45:22.959   807   807 I BufferQueueProducer: [com.fyp.resilientp2p/com.fyp.resilientp2p.MainActivity#3847](this:0xb400007df2c247c0,id:-1,api:0,p:-1,c:807) queueBuffer: fps=2.65 dur=8684.63 max=8301.18 min=16.20
12-07 21:45:22.965   807   807 I SurfaceFlinger: operator()(), mtkRenderCntDebug 259653, screenshot (com.fyp.resilientp2p/com.fyp.resilientp2p.MainActivity#3847)
12-07 21:45:23.013 16935 16593 I NearbyMediums: Stopped accepting Bluetooth Classic connections for com.fyp.resilientp2p.
12-07 21:45:23.022 16935 16619 E NearbyMediums: MEDIUM_ERROR [SYSTEM][WIFI_LAN][START_LISTENING_INCOMING_CONNECTION][ACCEPT_CONNECTION_FAILED][SOCKET_CLOSED], service-id=com.fyp.resilientp2p
12-07 21:45:23.023 16935 16593 I NearbyMediums: Skipping stop accepting connections: we are not currently accepting WebRTC connections for com.fyp.resilientp2p.
12-07 21:45:23.023 16935 16593 I NearbyMediums: [WifiNetworkV2] WifiStatusChangedCallback unregistered for com.fyp.resilientp2p (wifiStatusChangedCallbacks.size:1)
12-07 21:45:23.062 16935 16593 I NearbyConnections: [InstantConnectionPcpMgr] In invalidateTxAdvertisementScanning(by stopAdvertising) tx advertisement scanning skipped or stopped for endpointId: serviceId:com.fyp.resilientp2p isScreenUnlocked:true isAdvertising:false powerLevel:HIGH isTxScanning:false
12-07 21:45:23.066   807   807 I SurfaceFlinger: operator()(), mtkRenderCntDebug 259654, screenshot (com.fyp.resilientp2p/com.fyp.resilientp2p.MainActivity#3847)
12-07 21:45:23.167   807   807 I SurfaceFlinger: operator()(), mtkRenderCntDebug 259655, screenshot (com.fyp.resilientp2p/com.fyp.resilientp2p.MainActivity#3847)
12-07 21:45:23.270   807   807 I SurfaceFlinger: operator()(), mtkRenderCntDebug 259656, screenshot (com.fyp.resilientp2p/com.fyp.resilientp2p.MainActivity#3847)
12-07 21:45:23.371   807   807 I SurfaceFlinger: operator()(), mtkRenderCntDebug 259657, screenshot (com.fyp.resilientp2p/com.fyp.resilientp2p.MainActivity#3847)
12-07 21:45:23.941   782   854 I libPowerHal: [perfNotifyAppState] pack:com.fyp.resilientp2p, act:com.fyp.resilientp2p.MainActivity, state:5, pid:16167, uid:10282, fps:60
12-07 21:45:24.942   782   854 I libPowerHal: [perfNotifyAppState] pack:com.fyp.resilientp2p, act:com.fyp.resilientp2p.MainActivity, state:5, pid:16167, uid:10282, fps:-1
12-07 21:45:27.948 16935 16935 E NearbyMediums: MEDIUM_ERROR [SYSTEM][BLE][START_ADVERTISING][START_LEGACY_ADVERTISING_FAILED][UNKNOWN], service-id=com.fyp.resilientp2p
12-07 21:45:27.950 16935 16935 W NearbyMediums: Failed to start BLE Legacy advertising, service-id=com.fyp.resilientp2p, with advertiseData : AdvertiseData [mServiceUuids=[0000fef3-0000-1000-8000-00805f9b34fb], mServiceSolicitationUuids=[], mTransportDiscoveryData=[], mManufacturerSpecificData={}, mServiceData={}, mIncludeTxPowerLevel=false, mIncludeDeviceName=false], scanResponse : AdvertiseData [mServiceUuids=[], mServiceSolicitationUuids=[], mTransportDiscoveryData=[], mManufacturerSpecificData={}, mServiceData={0000fef3-0000-1000-8000-00805f9b34fb=[86, 85, 65, 65, 65, 81, 65, 65, 69, 65, 65, 67, 67, 65, 66, 72, 71, 71, 56, 65, 65, 79, 77]}, mIncludeTxPowerLevel=false, mIncludeDeviceName=false], advertiseSettings : AdvertisingSetParameters [connectable=true, isLegacy=true, isAnonymous=false, includeTxPower=false, primaryPhy=1, secondaryPhy=1, interval=400, txPowerLevel=1, ownAddressType=-1]
12-07 21:45:27.952 16935 16613 E NearbyMediums: MEDIUM_ERROR [SYSTEM][BLE][START_ADVERTISING][START_LEGACY_ADVERTISING_FAILED][EXECUTION_EXCEPTION], service-id=com.fyp.resilientp2p
12-07 21:45:29.943   807   807 I SurfaceFlinger: operator()(), mtkRenderCntDebug 259658, screenshot (com.fyp.resilientp2p/com.fyp.resilientp2p.MainActivity#3847)
12-07 21:45:29.983   807   807 I SurfaceFlinger: operator()(), mtkRenderCntDebug 259659, screenshot (com.fyp.resilientp2p/com.fyp.resilientp2p.MainActivity#3847)
12-07 21:45:30.115   807   807 I SurfaceFlinger: operator()(), mtkRenderCntDebug 259660, screenshot (com.fyp.resilientp2p/com.fyp.resilientp2p.MainActivity#3847)
12-07 21:45:30.132   807   807 I SurfaceFlinger: operator()(), mtkRenderCntDebug 259661, screenshot (com.fyp.resilientp2p/com.fyp.resilientp2p.MainActivity#3847)
12-07 21:45:30.158  1250 12876 W WindowManager: Changing focus from Window{8cb5d17 u0 com.fyp.resilientp2p/com.fyp.resilientp2p.MainActivity} to null displayId=0 Callers=com.android.server.wm.RootWindowContainer.updateFocusedWindowLocked:486 com.android.server.wm.WindowManagerService.updateFocusedWindowLocked:6244 com.android.server.wm.ActivityRecord.commitVisibility:5477 com.android.server.wm.ActivityRecord.commitVisibility:5488 
12-07 21:45:30.165  1250 12876 I PowerHalWrapper: amsBoostNotify pid:16167,activity:com.fyp.resilientp2p.MainActivity, package:com.fyp.resilientp2p, mProcessCreatePackcom.fyp.resilientp2p 
12-07 21:45:30.165  1250 12876 I mtkpower_client: [Legacy][PowerHal_Wrap_notifyAppState] com.fyp.resilientp2p/com.fyp.resilientp2p.MainActivity pid=16167 state:0
12-07 21:45:30.165  1250 12876 I game_scn: collectForegroundAppList packName=com.fyp.resilientp2p, actName=com.fyp.resilientp2p.MainActivity, pid=16167, uid=10282, state:PAUSED
12-07 21:45:30.165  1250  1328 I PowerHalWrapper: amsBoostNotify pid:16167,activity:com.fyp.resilientp2p.MainActivity, package:com.fyp.resilientp2p, mProcessCreatePackcom.fyp.resilientp2p 
12-07 21:45:30.165   782   854 I libPowerHal: [perfNotifyAppState] pack:com.fyp.resilientp2p, act:com.fyp.resilientp2p.MainActivity, state:0, pid:16167, uid:10282, fps:-1
12-07 21:45:30.165  1250  1328 I mtkpower_client: [Legacy][PowerHal_Wrap_notifyAppState] com.fyp.resilientp2p/com.fyp.resilientp2p.MainActivity pid=16167 state:0
12-07 21:45:30.165  1250  1328 I game_scn: collectForegroundAppList packName=com.fyp.resilientp2p, actName=com.fyp.resilientp2p.MainActivity, pid=16167, uid=10282, state:PAUSED
12-07 21:45:30.167   782   854 I libPowerHal: [perfNotifyAppState] pack:com.fyp.resilientp2p, act:com.fyp.resilientp2p.MainActivity, state:0, pid:16167, uid:10282, fps:-1
12-07 21:45:30.169  1250  1993 D ZuiInputManager: updateTopTaskPackageStatus mTopTaskPackageName = com.fyp.resilientp2p
12-07 21:45:30.169  1250  1993 D BluetoothPenInputPolicy: updateTopTaskPackageStatus: topPackageName = com.fyp.resilientp2pmRemountControlState = 0
12-07 21:45:30.170  1250  1993 D BigPalmInputPolicy: updateBigPalmInfoStatus: topPackageName com.fyp.resilientp2p,currentBigPalmStatus 0,mIsShowInstantMemoWindow false,mBigPalmStatus 0
12-07 21:45:30.170  1250  1993 D BigPalmInputPolicy: isGameAppPackage: mUiType = TABUI, packageName = com.fyp.resilientp2p
12-07 21:45:30.170  1250  1993 D BigPalmInputPolicy: boostStyluspen: mTopPackageName = com.fyp.resilientp2p
12-07 21:45:30.170  1250  1993 D BoostUtils: isBoostTargetPackage packageName = com.fyp.resilientp2p
12-07 21:45:30.371 16167 16167 D DecorView: isCts, pkg: com.fyp.resilientp2p
12-07 21:45:37.856 16935 16950 I NearbyConnections: ClientProxy(com.fyp.resilientp2p) allow WebRtc to use mobile data.
12-07 21:45:37.859 16935 16614 I NearbyConnections: 259828889 com.fyp.resilientp2p startAdvertising in nc mode.
12-07 21:45:37.871 16935 16613 I NearbyConnections: [InstantConnectionPcpMgr] In invalidateTxAdvertisementScanning(by pre_startAdvertising) tx advertisement scanning skipped or stopped for endpointId: serviceId:com.fyp.resilientp2p isScreenUnlocked:false isAdvertising:false powerLevel:HIGH isTxScanning:false
12-07 21:45:37.873 16935 16613 I NearbyConnections: generateRxInstantConnectionAdvBytes() returns null because the client (com.fyp.resilientp2p) is not allowed for an instant connection.
12-07 21:45:37.875 16935 16613 W NearbyConnections: Missing permission: com.fyp.resilientp2p does not have required permission android.permission.NFC
12-07 21:45:37.889  2271  5452 I bt_btif_sock_rfcomm: btsock_rfc_listen: Adding listening socket service_name: com.fyp.resilientp2p - channel: -1
12-07 21:45:37.892 16935 16613 I NearbyMediums: Started accepting Bluetooth Classic connections for com.fyp.resilientp2p.
12-07 21:45:37.969 16935 16613 I NearbyMediums: Started accepting BLE Gatt connections, service-id=com.fyp.resilientp2p
12-07 21:45:37.979 16935 16613 I NearbyMediums: Started accepting BLE L2CAP connections, service-id=com.fyp.resilientp2p
12-07 21:45:38.170 16935 16935 E NearbyMediums: MEDIUM_ERROR [SYSTEM][BLE][START_ADVERTISING][START_LEGACY_ADVERTISING_FAILED][UNKNOWN], service-id=com.fyp.resilientp2p
12-07 21:45:38.173 16935 16935 W NearbyMediums: Failed to start BLE Legacy advertising, service-id=com.fyp.resilientp2p, with advertiseData : AdvertiseData [mServiceUuids=[0000fef3-0000-1000-8000-00805f9b34fb], mServiceSolicitationUuids=[], mTransportDiscoveryData=[], mManufacturerSpecificData={}, mServiceData={}, mIncludeTxPowerLevel=false, mIncludeDeviceName=false], scanResponse : AdvertiseData [mServiceUuids=[], mServiceSolicitationUuids=[], mTransportDiscoveryData=[], mManufacturerSpecificData={}, mServiceData={0000fef3-0000-1000-8000-00805f9b34fb=[74, 23, 35, 74, 50, 54, 77, 17, 52, -2, -57, -40, -115, -3, 61, 92, 74, -100, -39, 58, 63, -44, -21, -52, 79, -11, -96]}, mIncludeTxPowerLevel=false, mIncludeDeviceName=false], advertiseSettings : AdvertisingSetParameters [connectable=true, isLegacy=true, isAnonymous=false, includeTxPower=false, primaryPhy=1, secondaryPhy=1, interval=160, txPowerLevel=1, ownAddressType=-1]
12-07 21:45:38.174 16935 16613 E NearbyMediums: MEDIUM_ERROR [SYSTEM][BLE][START_ADVERTISING][START_LEGACY_ADVERTISING_FAILED][EXECUTION_EXCEPTION], service-id=com.fyp.resilientp2p
12-07 21:45:38.194 16935 16935 E NearbyMediums: MEDIUM_ERROR [SYSTEM][BLE][START_ADVERTISING][START_LEGACY_ADVERTISING_FAILED][UNKNOWN], service-id=com.fyp.resilientp2p
12-07 21:45:38.197 16935 16935 W NearbyMediums: Failed to start BLE Legacy advertising, service-id=com.fyp.resilientp2p, with advertiseData : AdvertiseData [mServiceUuids=[0000fef3-0000-1000-8000-00805f9b34fb], mServiceSolicitationUuids=[], mTransportDiscoveryData=[], mManufacturerSpecificData={}, mServiceData={}, mIncludeTxPowerLevel=false, mIncludeDeviceName=false], scanResponse : AdvertiseData [mServiceUuids=[], mServiceSolicitationUuids=[], mTransportDiscoveryData=[], mManufacturerSpecificData={}, mServiceData={0000fef3-0000-1000-8000-00805f9b34fb=[86, 82, 65, 89, 65, 65, 67, 65, 103, 66, 65, 73, 65, 66, 65, 104, 51, 115, 84, 84, 65, 79, 81]}, mIncludeTxPowerLevel=false, mIncludeDeviceName=false], advertiseSettings : AdvertisingSetParameters [connectable=true, isLegacy=true, isAnonymous=false, includeTxPower=false, primaryPhy=1, secondaryPhy=1, interval=160, txPowerLevel=1, ownAddressType=-1]
12-07 21:45:38.199 16935 16613 E NearbyMediums: MEDIUM_ERROR [SYSTEM][BLE][START_ADVERTISING][START_LEGACY_ADVERTISING_FAILED][EXECUTION_EXCEPTION], service-id=com.fyp.resilientp2p
12-07 21:45:38.201 16935 16613 I NearbyMediums: Successfully started BLE advertising of size 24 for service com.fyp.resilientp2p, deviceToken : [ 0xf5 0xa0 ].
12-07 21:45:38.208 16935 16613 I NearbyMediums: Successfully bound ServerSocket for service com.fyp.resilientp2p to the stable port 51559.
12-07 21:45:39.145 16935 16613 I NearbyMediums: Successfully advertised IjBVNUI6nt4AAA on serviceID com.fyp.resilientp2p over Wifi LAN.
12-07 21:45:39.147 16935 16613 W NearbyConnections: In startUsbAdvertising([ 0x54 0x42 0x31 0x33 0x32 0x46 0x55 ]), client 259828889 failed to start listening for incoming USB connections to ServiceId com.fyp.resilientp2p
12-07 21:45:39.153 16935 16613 I NearbyMediums: [WifiNetworkV2] WifiStatusChangedCallback registered for com.fyp.resilientp2p (wifiStatusChangedCallbacks.size:1)
12-07 21:45:39.155 16935 16613 I NearbyConnections: [InstantConnectionPcpMgr] In invalidateTxAdvertisementScanning(by final_startAdvertising) tx advertisement scanning skipped or stopped for endpointId: serviceId:com.fyp.resilientp2p isScreenUnlocked:false isAdvertising:true powerLevel:HIGH isTxScanning:false
12-07 21:45:43.200 16935 16935 E NearbyMediums: MEDIUM_ERROR [SYSTEM][BLE][START_ADVERTISING][START_LEGACY_ADVERTISING_FAILED][UNKNOWN], service-id=com.fyp.resilientp2p
12-07 21:45:43.201 16935 16935 W NearbyMediums: Failed to start BLE Legacy advertising, service-id=com.fyp.resilientp2p, with advertiseData : AdvertiseData [mServiceUuids=[0000fef3-0000-1000-8000-00805f9b34fb], mServiceSolicitationUuids=[], mTransportDiscoveryData=[], mManufacturerSpecificData={}, mServiceData={}, mIncludeTxPowerLevel=false, mIncludeDeviceName=false], scanResponse : AdvertiseData [mServiceUuids=[], mServiceSolicitationUuids=[], mTransportDiscoveryData=[], mManufacturerSpecificData={}, mServiceData={0000fef3-0000-1000-8000-00805f9b34fb=[74, 23, 35, 74, 50, 54, 77, 17, 52, -2, -57, -40, -115, -3, 61, 92, 74, -100, -39, 58, 63, -44, -21, -52, 79, -11, -96]}, mIncludeTxPowerLevel=false, mIncludeDeviceName=false], advertiseSettings : AdvertisingSetParameters [connectable=true, isLegacy=true, isAnonymous=false, includeTxPower=false, primaryPhy=1, secondaryPhy=1, interval=160, txPowerLevel=1, ownAddressType=-1]
12-07 21:45:43.203 16935 16601 E NearbyMediums: MEDIUM_ERROR [SYSTEM][BLE][START_ADVERTISING][START_LEGACY_ADVERTISING_FAILED][EXECUTION_EXCEPTION], service-id=com.fyp.resilientp2p
12-07 21:45:43.225 16935 16935 E NearbyMediums: MEDIUM_ERROR [SYSTEM][BLE][START_ADVERTISING][START_LEGACY_ADVERTISING_FAILED][UNKNOWN], service-id=com.fyp.resilientp2p
12-07 21:45:43.226 16935 16935 W NearbyMediums: Failed to start BLE Legacy advertising, service-id=com.fyp.resilientp2p, with advertiseData : AdvertiseData [mServiceUuids=[0000fef3-0000-1000-8000-00805f9b34fb], mServiceSolicitationUuids=[], mTransportDiscoveryData=[], mManufacturerSpecificData={}, mServiceData={}, mIncludeTxPowerLevel=false, mIncludeDeviceName=false], scanResponse : AdvertiseData [mServiceUuids=[], mServiceSolicitationUuids=[], mTransportDiscoveryData=[], mManufacturerSpecificData={}, mServiceData={0000fef3-0000-1000-8000-00805f9b34fb=[86, 82, 65, 89, 65, 65, 67, 65, 103, 66, 65, 73, 65, 66, 65, 104, 51, 115, 84, 84, 65, 79, 81]}, mIncludeTxPowerLevel=false, mIncludeDeviceName=false], advertiseSettings : AdvertisingSetParameters [connectable=true, isLegacy=true, isAnonymous=false, includeTxPower=false, primaryPhy=1, secondaryPhy=1, interval=160, txPowerLevel=1, ownAddressType=-1]
12-07 21:45:43.227 16935 16601 E NearbyMediums: MEDIUM_ERROR [SYSTEM][BLE][START_ADVERTISING][START_LEGACY_ADVERTISING_FAILED][EXECUTION_EXCEPTION], service-id=com.fyp.resilientp2p
12-07 21:45:47.930 16935 16935 E NearbyMediums: MEDIUM_ERROR [SYSTEM][BLE][START_ADVERTISING][START_LEGACY_ADVERTISING_FAILED][UNKNOWN], service-id=com.fyp.resilientp2p
12-07 21:45:47.931 16935 16935 W NearbyMediums: Failed to start BLE Legacy advertising, service-id=com.fyp.resilientp2p, with advertiseData : AdvertiseData [mServiceUuids=[0000fef3-0000-1000-8000-00805f9b34fb], mServiceSolicitationUuids=[], mTransportDiscoveryData=[], mManufacturerSpecificData={}, mServiceData={}, mIncludeTxPowerLevel=false, mIncludeDeviceName=false], scanResponse : AdvertiseData [mServiceUuids=[], mServiceSolicitationUuids=[], mTransportDiscoveryData=[], mManufacturerSpecificData={}, mServiceData={0000fef3-0000-1000-8000-00805f9b34fb=[86, 82, 67, 65, 65, 65, 65, 65, 73, 69, 65, 65, 103, 65, 66, 87, 67, 53, 54, 66, 65, 79, 81]}, mIncludeTxPowerLevel=false, mIncludeDeviceName=false], advertiseSettings : AdvertisingSetParameters [connectable=true, isLegacy=true, isAnonymous=false, includeTxPower=false, primaryPhy=1, secondaryPhy=1, interval=1600, txPowerLevel=-15, ownAddressType=-1]
12-07 21:45:47.936 16935 16601 E NearbyMediums: MEDIUM_ERROR [SYSTEM][BLE][START_ADVERTISING][START_LEGACY_ADVERTISING_FAILED][EXECUTION_EXCEPTION], service-id=com.fyp.resilientp2p
12-07 21:45:47.940 16935 16601 I NearbyMediums: Successfully stopped BLE advertising for service com.fyp.resilientp2p
12-07 21:45:47.942 16935 16601 I NearbyMediums: Close BLE L2CAP server socket, service-id=com.fyp.resilientp2p
12-07 21:45:47.952 16935 16601 I NearbyMediums: Close BLE GATT server socket, service-id=com.fyp.resilientp2p
12-07 21:45:47.998 16935 16601 I NearbyMediums: Stopped accepting Bluetooth Classic connections for com.fyp.resilientp2p.
12-07 21:45:48.005 16935 16615 E NearbyMediums: MEDIUM_ERROR [SYSTEM][WIFI_LAN][START_LISTENING_INCOMING_CONNECTION][ACCEPT_CONNECTION_FAILED][SOCKET_CLOSED], service-id=com.fyp.resilientp2p
12-07 21:45:48.005 16935 16601 I NearbyMediums: Skipping stop accepting connections: we are not currently accepting WebRTC connections for com.fyp.resilientp2p.
12-07 21:45:48.005 16935 16601 I NearbyMediums: [WifiNetworkV2] WifiStatusChangedCallback unregistered for com.fyp.resilientp2p (wifiStatusChangedCallbacks.size:0)
12-07 21:45:48.033 16935 16601 I NearbyConnections: [InstantConnectionPcpMgr] In invalidateTxAdvertisementScanning(by stopAdvertising) tx advertisement scanning skipped or stopped for endpointId: serviceId:com.fyp.resilientp2p isScreenUnlocked:false isAdvertising:false powerLevel:HIGH isTxScanning:false
12-07 21:45:52.960 16935 16935 E NearbyMediums: MEDIUM_ERROR [SYSTEM][BLE][START_ADVERTISING][START_LEGACY_ADVERTISING_FAILED][UNKNOWN], service-id=com.fyp.resilientp2p
12-07 21:45:52.961 16935 16935 W NearbyMediums: Failed to start BLE Legacy advertising, service-id=com.fyp.resilientp2p, with advertiseData : AdvertiseData [mServiceUuids=[0000fef3-0000-1000-8000-00805f9b34fb], mServiceSolicitationUuids=[], mTransportDiscoveryData=[], mManufacturerSpecificData={}, mServiceData={}, mIncludeTxPowerLevel=false, mIncludeDeviceName=false], scanResponse : AdvertiseData [mServiceUuids=[], mServiceSolicitationUuids=[], mTransportDiscoveryData=[], mManufacturerSpecificData={}, mServiceData={0000fef3-0000-1000-8000-00805f9b34fb=[86, 82, 67, 65, 65, 65, 65, 65, 73, 69, 65, 65, 103, 65, 66, 87, 67, 53, 54, 66, 65, 79, 81]}, mIncludeTxPowerLevel=false, mIncludeDeviceName=false], advertiseSettings : AdvertisingSetParameters [connectable=true, isLegacy=true, isAnonymous=false, includeTxPower=false, primaryPhy=1, secondaryPhy=1, interval=1600, txPowerLevel=-15, ownAddressType=-1]
12-07 21:45:52.964 16935 16625 E NearbyMediums: MEDIUM_ERROR [SYSTEM][BLE][START_ADVERTISING][START_LEGACY_ADVERTISING_FAILED][EXECUTION_EXCEPTION], service-id=com.fyp.resilientp2p
12-07 21:46:00.486 16935 16935 E NearbyMediums: MEDIUM_ERROR [SYSTEM][BLE][START_ADVERTISING][START_LEGACY_ADVERTISING_FAILED][UNKNOWN], service-id=com.fyp.resilientp2p
12-07 21:46:00.488 16935 16935 W NearbyMediums: Failed to start BLE Legacy advertising, service-id=com.fyp.resilientp2p, with advertiseData : AdvertiseData [mServiceUuids=[0000fef3-0000-1000-8000-00805f9b34fb], mServiceSolicitationUuids=[], mTransportDiscoveryData=[], mManufacturerSpecificData={}, mServiceData={}, mIncludeTxPowerLevel=false, mIncludeDeviceName=false], scanResponse : AdvertiseData [mServiceUuids=[], mServiceSolicitationUuids=[], mTransportDiscoveryData=[], mManufacturerSpecificData={}, mServiceData={0000fef3-0000-1000-8000-00805f9b34fb=[86, 82, 67, 65, 65, 65, 65, 65, 73, 69, 65, 65, 103, 65, 66, 87, 67, 53, 54, 66, 65, 79, 81]}, mIncludeTxPowerLevel=false, mIncludeDeviceName=false], advertiseSettings : AdvertisingSetParameters [connectable=true, isLegacy=true, isAnonymous=false, includeTxPower=false, primaryPhy=1, secondaryPhy=1, interval=1600, txPowerLevel=-15, ownAddressType=-1]
12-07 21:46:00.489 16935 16614 E NearbyMediums: MEDIUM_ERROR [SYSTEM][BLE][START_ADVERTISING][START_LEGACY_ADVERTISING_FAILED][EXECUTION_EXCEPTION], service-id=com.fyp.resilientp2p
12-07 21:46:02.874 16935 16950 I NearbyConnections: ClientProxy(com.fyp.resilientp2p) allow WebRtc to use mobile data.
12-07 21:46:02.876 16935 16614 I NearbyConnections: 259828889 com.fyp.resilientp2p startAdvertising in nc mode.
12-07 21:46:02.887 16935 16601 I NearbyConnections: [InstantConnectionPcpMgr] In invalidateTxAdvertisementScanning(by pre_startAdvertising) tx advertisement scanning skipped or stopped for endpointId: serviceId:com.fyp.resilientp2p isScreenUnlocked:false isAdvertising:false powerLevel:HIGH isTxScanning:false
12-07 21:46:02.889 16935 16601 I NearbyConnections: generateRxInstantConnectionAdvBytes() returns null because the client (com.fyp.resilientp2p) is not allowed for an instant connection.
12-07 21:46:02.892 16935 16601 W NearbyConnections: Missing permission: com.fyp.resilientp2p does not have required permission android.permission.NFC
12-07 21:46:02.910  2271  5452 I bt_btif_sock_rfcomm: btsock_rfc_listen: Adding listening socket service_name: com.fyp.resilientp2p - channel: -1
12-07 21:46:02.914 16935 16601 I NearbyMediums: Started accepting Bluetooth Classic connections for com.fyp.resilientp2p.
12-07 21:46:03.011 16935 16601 I NearbyMediums: Started accepting BLE Gatt connections, service-id=com.fyp.resilientp2p
12-07 21:46:03.026 16935 16601 I NearbyMediums: Started accepting BLE L2CAP connections, service-id=com.fyp.resilientp2p
12-07 21:46:03.342 16935 16935 E NearbyMediums: MEDIUM_ERROR [SYSTEM][BLE][START_ADVERTISING][START_LEGACY_ADVERTISING_FAILED][UNKNOWN], service-id=com.fyp.resilientp2p
12-07 21:46:03.344 16935 16935 W NearbyMediums: Failed to start BLE Legacy advertising, service-id=com.fyp.resilientp2p, with advertiseData : AdvertiseData [mServiceUuids=[0000fef3-0000-1000-8000-00805f9b34fb], mServiceSolicitationUuids=[], mTransportDiscoveryData=[], mManufacturerSpecificData={}, mServiceData={}, mIncludeTxPowerLevel=false, mIncludeDeviceName=false], scanResponse : AdvertiseData [mServiceUuids=[], mServiceSolicitationUuids=[], mTransportDiscoveryData=[], mManufacturerSpecificData={}, mServiceData={0000fef3-0000-1000-8000-00805f9b34fb=[74, 23, 35, 74, 50, 54, 77, 17, 52, -2, -57, -40, -115, -3, 61, 92, 74, -100, -39, 58, 63, -44, -21, -52, 79, -11, -96]}, mIncludeTxPowerLevel=false, mIncludeDeviceName=false], advertiseSettings : AdvertisingSetParameters [connectable=true, isLegacy=true, isAnonymous=false, includeTxPower=false, primaryPhy=1, secondaryPhy=1, interval=160, txPowerLevel=1, ownAddressType=-1]
12-07 21:46:03.345 16935 16601 E NearbyMediums: MEDIUM_ERROR [SYSTEM][BLE][START_ADVERTISING][START_LEGACY_ADVERTISING_FAILED][EXECUTION_EXCEPTION], service-id=com.fyp.resilientp2p
12-07 21:46:03.362 16935 16935 E NearbyMediums: MEDIUM_ERROR [SYSTEM][BLE][START_ADVERTISING][START_LEGACY_ADVERTISING_FAILED][UNKNOWN], service-id=com.fyp.resilientp2p
12-07 21:46:03.363 16935 16935 W NearbyMediums: Failed to start BLE Legacy advertising, service-id=com.fyp.resilientp2p, with advertiseData : AdvertiseData [mServiceUuids=[0000fef3-0000-1000-8000-00805f9b34fb], mServiceSolicitationUuids=[], mTransportDiscoveryData=[], mManufacturerSpecificData={}, mServiceData={}, mIncludeTxPowerLevel=false, mIncludeDeviceName=false], scanResponse : AdvertiseData [mServiceUuids=[], mServiceSolicitationUuids=[], mTransportDiscoveryData=[], mManufacturerSpecificData={}, mServiceData={0000fef3-0000-1000-8000-00805f9b34fb=[86, 82, 73, 81, 103, 65, 105, 65, 105, 65, 65, 65, 65, 104, 67, 54, 55, 81, 115, 83, 65, 79, 85]}, mIncludeTxPowerLevel=false, mIncludeDeviceName=false], advertiseSettings : AdvertisingSetParameters [connectable=true, isLegacy=true, isAnonymous=false, includeTxPower=false, primaryPhy=1, secondaryPhy=1, interval=160, txPowerLevel=1, ownAddressType=-1]
12-07 21:46:03.365 16935 16601 E NearbyMediums: MEDIUM_ERROR [SYSTEM][BLE][START_ADVERTISING][START_LEGACY_ADVERTISING_FAILED][EXECUTION_EXCEPTION], service-id=com.fyp.resilientp2p
12-07 21:46:03.367 16935 16601 I NearbyMediums: Successfully started BLE advertising of size 24 for service com.fyp.resilientp2p, deviceToken : [ 0xf5 0xa0 ].
12-07 21:46:03.373 16935 16601 I NearbyMediums: Successfully bound ServerSocket for service com.fyp.resilientp2p to the stable port 51559.
12-07 21:46:04.309 16935 16601 I NearbyMediums: Successfully advertised IjBVNUI6nt4AAA on serviceID com.fyp.resilientp2p over Wifi LAN.
12-07 21:46:04.312 16935 16601 W NearbyConnections: In startUsbAdvertising([ 0x54 0x42 0x31 0x33 0x32 0x46 0x55 ]), client 259828889 failed to start listening for incoming USB connections to ServiceId com.fyp.resilientp2p
12-07 21:46:04.318 16935 16601 I NearbyMediums: [WifiNetworkV2] WifiStatusChangedCallback registered for com.fyp.resilientp2p (wifiStatusChangedCallbacks.size:1)
12-07 21:46:04.320 16935 16601 I NearbyConnections: [InstantConnectionPcpMgr] In invalidateTxAdvertisementScanning(by final_startAdvertising) tx advertisement scanning skipped or stopped for endpointId: serviceId:com.fyp.resilientp2p isScreenUnlocked:false isAdvertising:true powerLevel:HIGH isTxScanning:false
12-07 21:46:08.364 16935 16935 E NearbyMediums: MEDIUM_ERROR [SYSTEM][BLE][START_ADVERTISING][START_LEGACY_ADVERTISING_FAILED][UNKNOWN], service-id=com.fyp.resilientp2p
12-07 21:46:08.365 16935 16935 W NearbyMediums: Failed to start BLE Legacy advertising, service-id=com.fyp.resilientp2p, with advertiseData : AdvertiseData [mServiceUuids=[0000fef3-0000-1000-8000-00805f9b34fb], mServiceSolicitationUuids=[], mTransportDiscoveryData=[], mManufacturerSpecificData={}, mServiceData={}, mIncludeTxPowerLevel=false, mIncludeDeviceName=false], scanResponse : AdvertiseData [mServiceUuids=[], mServiceSolicitationUuids=[], mTransportDiscoveryData=[], mManufacturerSpecificData={}, mServiceData={0000fef3-0000-1000-8000-00805f9b34fb=[74, 23, 35, 74, 50, 54, 77, 17, 52, -2, -57, -40, -115, -3, 61, 92, 74, -100, -39, 58, 63, -44, -21, -52, 79, -11, -96]}, mIncludeTxPowerLevel=false, mIncludeDeviceName=false], advertiseSettings : AdvertisingSetParameters [connectable=true, isLegacy=true, isAnonymous=false, includeTxPower=false, primaryPhy=1, secondaryPhy=1, interval=160, txPowerLevel=1, ownAddressType=-1]
12-07 21:46:08.367 16935 16614 E NearbyMediums: MEDIUM_ERROR [SYSTEM][BLE][START_ADVERTISING][START_LEGACY_ADVERTISING_FAILED][EXECUTION_EXCEPTION], service-id=com.fyp.resilientp2p
12-07 21:46:08.385 16935 16935 E NearbyMediums: MEDIUM_ERROR [SYSTEM][BLE][START_ADVERTISING][START_LEGACY_ADVERTISING_FAILED][UNKNOWN], service-id=com.fyp.resilientp2p
12-07 21:46:08.386 16935 16935 W NearbyMediums: Failed to start BLE Legacy advertising, service-id=com.fyp.resilientp2p, with advertiseData : AdvertiseData [mServiceUuids=[0000fef3-0000-1000-8000-00805f9b34fb], mServiceSolicitationUuids=[], mTransportDiscoveryData=[], mManufacturerSpecificData={}, mServiceData={}, mIncludeTxPowerLevel=false, mIncludeDeviceName=false], scanResponse : AdvertiseData [mServiceUuids=[], mServiceSolicitationUuids=[], mTransportDiscoveryData=[], mManufacturerSpecificData={}, mServiceData={0000fef3-0000-1000-8000-00805f9b34fb=[86, 82, 73, 81, 103, 65, 105, 65, 105, 65, 65, 65, 65, 104, 67, 54, 55, 81, 115, 83, 65, 79, 85]}, mIncludeTxPowerLevel=false, mIncludeDeviceName=false], advertiseSettings : AdvertisingSetParameters [connectable=true, isLegacy=true, isAnonymous=false, includeTxPower=false, primaryPhy=1, secondaryPhy=1, interval=160, txPowerLevel=1, ownAddressType=-1]
12-07 21:46:08.387 16935 16614 E NearbyMediums: MEDIUM_ERROR [SYSTEM][BLE][START_ADVERTISING][START_LEGACY_ADVERTISING_FAILED][EXECUTION_EXCEPTION], service-id=com.fyp.resilientp2p
12-07 21:46:12.949 16935 16935 E NearbyMediums: MEDIUM_ERROR [SYSTEM][BLE][START_ADVERTISING][START_LEGACY_ADVERTISING_FAILED][UNKNOWN], service-id=com.fyp.resilientp2p
12-07 21:46:12.950 16935 16935 W NearbyMediums: Failed to start BLE Legacy advertising, service-id=com.fyp.resilientp2p, with advertiseData : AdvertiseData [mServiceUuids=[0000fef3-0000-1000-8000-00805f9b34fb], mServiceSolicitationUuids=[], mTransportDiscoveryData=[], mManufacturerSpecificData={}, mServiceData={}, mIncludeTxPowerLevel=false, mIncludeDeviceName=false], scanResponse : AdvertiseData [mServiceUuids=[], mServiceSolicitationUuids=[], mTransportDiscoveryData=[], mManufacturerSpecificData={}, mServiceData={0000fef3-0000-1000-8000-00805f9b34fb=[86, 81, 65, 81, 65, 65, 73, 65, 67, 65, 65, 66, 65, 65, 81, 107, 85, 48, 83, 88, 65, 79, 85]}, mIncludeTxPowerLevel=false, mIncludeDeviceName=false], advertiseSettings : AdvertisingSetParameters [connectable=true, isLegacy=true, isAnonymous=false, includeTxPower=false, primaryPhy=1, secondaryPhy=1, interval=1600, txPowerLevel=-15, ownAddressType=-1]
12-07 21:46:12.951 16935 16614 E NearbyMediums: MEDIUM_ERROR [SYSTEM][BLE][START_ADVERTISING][START_LEGACY_ADVERTISING_FAILED][EXECUTION_EXCEPTION], service-id=com.fyp.resilientp2p
12-07 21:46:12.954 16935 16614 I NearbyMediums: Successfully stopped BLE advertising for service com.fyp.resilientp2p
12-07 21:46:12.958 16935 16614 I NearbyMediums: Close BLE L2CAP server socket, service-id=com.fyp.resilientp2p
12-07 21:46:12.965 16935 16614 I NearbyMediums: Close BLE GATT server socket, service-id=com.fyp.resilientp2p
12-07 21:46:13.005 16935 16614 I NearbyMediums: Stopped accepting Bluetooth Classic connections for com.fyp.resilientp2p.
12-07 21:46:13.014 16935 16637 E NearbyMediums: MEDIUM_ERROR [SYSTEM][WIFI_LAN][START_LISTENING_INCOMING_CONNECTION][ACCEPT_CONNECTION_FAILED][SOCKET_CLOSED], service-id=com.fyp.resilientp2p
12-07 21:46:13.015 16935 16614 I NearbyMediums: Skipping stop accepting connections: we are not currently accepting WebRTC connections for com.fyp.resilientp2p.
12-07 21:46:13.016 16935 16614 I NearbyMediums: [WifiNetworkV2] WifiStatusChangedCallback unregistered for com.fyp.resilientp2p (wifiStatusChangedCallbacks.size:0)
12-07 21:46:13.046 16935 16614 I NearbyConnections: [InstantConnectionPcpMgr] In invalidateTxAdvertisementScanning(by stopAdvertising) tx advertisement scanning skipped or stopped for endpointId: serviceId:com.fyp.resilientp2p isScreenUnlocked:false isAdvertising:false powerLevel:HIGH isTxScanning:false
12-07 21:46:17.980 16935 16935 E NearbyMediums: MEDIUM_ERROR [SYSTEM][BLE][START_ADVERTISING][START_LEGACY_ADVERTISING_FAILED][UNKNOWN], service-id=com.fyp.resilientp2p
12-07 21:46:17.981 16935 16935 W NearbyMediums: Failed to start BLE Legacy advertising, service-id=com.fyp.resilientp2p, with advertiseData : AdvertiseData [mServiceUuids=[0000fef3-0000-1000-8000-00805f9b34fb], mServiceSolicitationUuids=[], mTransportDiscoveryData=[], mManufacturerSpecificData={}, mServiceData={}, mIncludeTxPowerLevel=false, mIncludeDeviceName=false], scanResponse : AdvertiseData [mServiceUuids=[], mServiceSolicitationUuids=[], mTransportDiscoveryData=[], mManufacturerSpecificData={}, mServiceData={0000fef3-0000-1000-8000-00805f9b34fb=[86, 81, 65, 81, 65, 65, 73, 65, 67, 65, 65, 66, 65, 65, 81, 107, 85, 48, 83, 88, 65, 79, 85]}, mIncludeTxPowerLevel=false, mIncludeDeviceName=false], advertiseSettings : AdvertisingSetParameters [connectable=true, isLegacy=true, isAnonymous=false, includeTxPower=false, primaryPhy=1, secondaryPhy=1, interval=1600, txPowerLevel=-15, ownAddressType=-1]
12-07 21:46:17.983 16935 16625 E NearbyMediums: MEDIUM_ERROR [SYSTEM][BLE][START_ADVERTISING][START_LEGACY_ADVERTISING_FAILED][EXECUTION_EXCEPTION], service-id=com.fyp.resilientp2p
12-07 21:46:25.506 16935 16935 E NearbyMediums: MEDIUM_ERROR [SYSTEM][BLE][START_ADVERTISING][START_LEGACY_ADVERTISING_FAILED][UNKNOWN], service-id=com.fyp.resilientp2p
12-07 21:46:25.508 16935 16935 W NearbyMediums: Failed to start BLE Legacy advertising, service-id=com.fyp.resilientp2p, with advertiseData : AdvertiseData [mServiceUuids=[0000fef3-0000-1000-8000-00805f9b34fb], mServiceSolicitationUuids=[], mTransportDiscoveryData=[], mManufacturerSpecificData={}, mServiceData={}, mIncludeTxPowerLevel=false, mIncludeDeviceName=false], scanResponse : AdvertiseData [mServiceUuids=[], mServiceSolicitationUuids=[], mTransportDiscoveryData=[], mManufacturerSpecificData={}, mServiceData={0000fef3-0000-1000-8000-00805f9b34fb=[86, 81, 65, 81, 65, 65, 73, 65, 67, 65, 65, 66, 65, 65, 81, 107, 85, 48, 83, 88, 65, 79, 85]}, mIncludeTxPowerLevel=false, mIncludeDeviceName=false], advertiseSettings : AdvertisingSetParameters [connectable=true, isLegacy=true, isAnonymous=false, includeTxPower=false, primaryPhy=1, secondaryPhy=1, interval=1600, txPowerLevel=-15, ownAddressType=-1]
