12-07 21:40:13.698 16935 16434 I NearbyConnections: ClientProxy(com.fyp.resilientp2p) reporting onPayloadTransferUpdate(7KLU, -5370249724696479060, SUCCESS, 100%) processed(payloadListener:non-null isClientAlive:true)
12-07 21:40:13.700 16935 16434 I NearbyConnections: ClientProxy(com.fyp.resilientp2p) reporting onPayloadReceived(7KLU, -4622118316951590225), with result: DETAIL_SUCCESS
12-07 21:40:13.702 16935 16434 I NearbyConnections: ClientProxy(com.fyp.resilientp2p) reporting onPayloadTransferUpdate(7KLU, -4622118316951590225, SUCCESS, 100%) processed(payloadListener:non-null isClientAlive:true)
12-07 21:40:13.703 16935 16417 I NearbyConnections: ClientProxy(com.fyp.resilientp2p) reporting onPayloadReceived(7KLU, -9068188899040858486), with result: DETAIL_SUCCESS
12-07 21:40:13.705 16935 16417 I NearbyConnections: ClientProxy(com.fyp.resilientp2p) reporting onPayloadTransferUpdate(7KLU, -9068188899040858486, SUCCESS, 100%) processed(payloadListener:non-null isClientAlive:true)
12-07 21:40:13.708 16935 16440 I NearbyConnections: ClientProxy(com.fyp.resilientp2p) reporting onPayloadTransferUpdate(7KLU, -7596286564494265207, SUCCESS, 100%) processed(payloadListener:non-null isClientAlive:true)
12-07 21:40:13.710 16935 16434 I NearbyConnections: ClientProxy(com.fyp.resilientp2p) reporting onPayloadTransferUpdate(7KLU, -6983079473156565757, SUCCESS, 100%) processed(payloadListener:non-null isClientAlive:true)
12-07 21:40:13.721   807   807 I SurfaceFlinger: operator()(), mtkRenderCntDebug 259454, screenshot (com.fyp.resilientp2p/com.fyp.resilientp2p.MainActivity#3847)
12-07 21:40:13.733   807   807 I BufferQueueProducer: [com.fyp.resilientp2p/com.fyp.resilientp2p.MainActivity#3847](this:0xb400007df2c247c0,id:-1,api:0,p:-1,c:807) queueBuffer: fps=34.73 dur=1007.83 max=200.26 min=16.14
12-07 21:40:13.824   807   807 I SurfaceFlinger: operator()(), mtkRenderCntDebug 259455, screenshot (com.fyp.resilientp2p/com.fyp.resilientp2p.MainActivity#3847)
12-07 21:40:13.869 16935 16438 I NearbyConnections: ClientProxy(com.fyp.resilientp2p) reporting onPayloadReceived(7KLU, -8358420266285065257), with result: DETAIL_SUCCESS
12-07 21:40:13.870 16935 16438 I NearbyConnections: ClientProxy(com.fyp.resilientp2p) reporting onPayloadTransferUpdate(7KLU, -8358420266285065257, SUCCESS, 100%) processed(payloadListener:non-null isClientAlive:true)
12-07 21:40:14.507   807   807 I SurfaceFlinger: operator()(), mtkRenderCntDebug 259456, screenshot (com.fyp.resilientp2p/com.fyp.resilientp2p.MainActivity#3847)
12-07 21:40:15.017   807   807 I BufferQueueProducer: [com.fyp.resilientp2p/com.fyp.resilientp2p.MainActivity#3847](this:0xb400007df2c247c0,id:-1,api:0,p:-1,c:807) queueBuffer: fps=1.56 dur=1283.82 max=1250.50 min=33.32
12-07 21:40:15.021   807   807 I SurfaceFlinger: operator()(), mtkRenderCntDebug 259457, screenshot (com.fyp.resilientp2p/com.fyp.resilientp2p.MainActivity#3847)
12-07 21:40:15.121   807   807 I SurfaceFlinger: operator()(), mtkRenderCntDebug 259458, screenshot (com.fyp.resilientp2p/com.fyp.resilientp2p.MainActivity#3847)
12-07 21:40:15.223   807   807 I SurfaceFlinger: operator()(), mtkRenderCntDebug 259459, screenshot (com.fyp.resilientp2p/com.fyp.resilientp2p.MainActivity#3847)
12-07 21:40:15.323   807   807 I SurfaceFlinger: operator()(), mtkRenderCntDebug 259460, screenshot (com.fyp.resilientp2p/com.fyp.resilientp2p.MainActivity#3847)
12-07 21:40:15.423   807   807 I SurfaceFlinger: operator()(), mtkRenderCntDebug 259461, screenshot (com.fyp.resilientp2p/com.fyp.resilientp2p.MainActivity#3847)
12-07 21:40:15.524   807   807 I SurfaceFlinger: operator()(), mtkRenderCntDebug 259462, screenshot (com.fyp.resilientp2p/com.fyp.resilientp2p.MainActivity#3847)
12-07 21:40:16.472   782   854 I libPowerHal: [perfNotifyAppState] pack:com.fyp.resilientp2p, act:com.fyp.resilientp2p.MainActivity, state:5, pid:16167, uid:10282, fps:-1
12-07 21:40:17.514   807   807 I SurfaceFlinger: operator()(), mtkRenderCntDebug 259463, screenshot (com.fyp.resilientp2p/com.fyp.resilientp2p.MainActivity#3847)
12-07 21:40:18.701 16935 16438 I NearbyConnections: ClientProxy(com.fyp.resilientp2p) reporting onPayloadReceived(7KLU, -5903570479469248881), with result: DETAIL_SUCCESS
12-07 21:40:18.708 16935 16438 I NearbyConnections: ClientProxy(com.fyp.resilientp2p) reporting onPayloadTransferUpdate(7KLU, -5903570479469248881, SUCCESS, 100%) processed(payloadListener:non-null isClientAlive:true)
12-07 21:40:18.793   807   807 I BufferQueueProducer: [com.fyp.resilientp2p/com.fyp.resilientp2p.MainActivity#3847](this:0xb400007df2c247c0,id:-1,api:0,p:-1,c:807) queueBuffer: fps=6.09 dur=3775.46 max=3308.32 min=16.46
12-07 21:40:18.799   807   807 I SurfaceFlinger: operator()(), mtkRenderCntDebug 259464, screenshot (com.fyp.resilientp2p/com.fyp.resilientp2p.MainActivity#3847)
12-07 21:40:18.900   807   807 I SurfaceFlinger: operator()(), mtkRenderCntDebug 259465, screenshot (com.fyp.resilientp2p/com.fyp.resilientp2p.MainActivity#3847)
12-07 21:40:20.550   807   807 I SurfaceFlinger: operator()(), mtkRenderCntDebug 259466, screenshot (com.fyp.resilientp2p/com.fyp.resilientp2p.MainActivity#3847)
12-07 21:40:21.550 16935 16935 E NearbyMediums: MEDIUM_ERROR [SYSTEM][BLE][START_ADVERTISING][START_LEGACY_ADVERTISING_FAILED][UNKNOWN], service-id=com.fyp.resilientp2p
12-07 21:40:21.552 16935 16935 W NearbyMediums: Failed to start BLE Legacy advertising, service-id=com.fyp.resilientp2p, with advertiseData : AdvertiseData [mServiceUuids=[0000fef3-0000-1000-8000-00805f9b34fb], mServiceSolicitationUuids=[], mTransportDiscoveryData=[], mManufacturerSpecificData={}, mServiceData={}, mIncludeTxPowerLevel=false, mIncludeDeviceName=false], scanResponse : AdvertiseData [mServiceUuids=[], mServiceSolicitationUuids=[], mTransportDiscoveryData=[], mManufacturerSpecificData={}, mServiceData={0000fef3-0000-1000-8000-00805f9b34fb=[86, 81, 69, 65, 73, 65, 65, 65, 67, 65, 65, 69, 65, 65, 75, 50, 84, 105, 86, 104, 65, 78, 115]}, mIncludeTxPowerLevel=false, mIncludeDeviceName=false], advertiseSettings : AdvertisingSetParameters [connectable=true, isLegacy=true, isAnonymous=false, includeTxPower=false, primaryPhy=1, secondaryPhy=1, interval=400, txPowerLevel=1, ownAddressType=-1]
12-07 21:40:21.557 16935 16434 E NearbyMediums: MEDIUM_ERROR [SYSTEM][BLE][START_ADVERTISING][START_LEGACY_ADVERTISING_FAILED][EXECUTION_EXCEPTION], service-id=com.fyp.resilientp2p
12-07 21:40:22.726   807   807 I BufferQueueProducer: [com.fyp.resilientp2p/com.fyp.resilientp2p.MainActivity#3847](this:0xb400007df2c247c0,id:-1,api:0,p:-1,c:807) queueBuffer: fps=0.76 dur=3933.37 max=3856.15 min=27.22
12-07 21:40:22.732   807   807 I SurfaceFlinger: operator()(), mtkRenderCntDebug 259467, screenshot (com.fyp.resilientp2p/com.fyp.resilientp2p.MainActivity#3847)
12-07 21:40:22.834   807   807 I SurfaceFlinger: operator()(), mtkRenderCntDebug 259468, screenshot (com.fyp.resilientp2p/com.fyp.resilientp2p.MainActivity#3847)
12-07 21:40:25.866   807   807 I SurfaceFlinger: operator()(), mtkRenderCntDebug 259469, screenshot (com.fyp.resilientp2p/com.fyp.resilientp2p.MainActivity#3847)
12-07 21:40:32.633   807   807 I SurfaceFlinger: operator()(), mtkRenderCntDebug 259470, screenshot (com.fyp.resilientp2p/com.fyp.resilientp2p.MainActivity#3847)
12-07 21:40:35.650   807   807 I SurfaceFlinger: operator()(), mtkRenderCntDebug 259471, screenshot (com.fyp.resilientp2p/com.fyp.resilientp2p.MainActivity#3847)
12-07 21:40:37.659 16935 17025 I NearbyConnections: ClientProxy(com.fyp.resilientp2p) allow WebRtc to use mobile data.
12-07 21:40:37.662 16935 16447 I NearbyConnections: 259828889 com.fyp.resilientp2p startAdvertising in nc mode.
12-07 21:40:37.675 16935 16438 I NearbyConnections: Get local endpoint id from the existing localEndpointId:0U5B (last:5V3S) for client 259828889(com.fyp.resilientp2p)
12-07 21:40:37.676 16935 16438 I NearbyConnections: generateRxInstantConnectionAdvBytes() returns null because the client (com.fyp.resilientp2p) is not allowed for an instant connection.
12-07 21:40:37.678 16935 16438 W NearbyConnections: Missing permission: com.fyp.resilientp2p does not have required permission android.permission.NFC
12-07 21:40:37.695  2271 21096 I bt_btif_sock_rfcomm: btsock_rfc_listen: Adding listening socket service_name: com.fyp.resilientp2p - channel: -1
12-07 21:40:37.698 16935 16438 I NearbyMediums: Started accepting Bluetooth Classic connections for com.fyp.resilientp2p.
12-07 21:40:37.742   807   807 I BufferQueueProducer: [com.fyp.resilientp2p/com.fyp.resilientp2p.MainActivity#3847](this:0xb400007df2c247c0,id:-1,api:0,p:-1,c:807) queueBuffer: fps=0.20 dur=15016.33 max=14916.58 min=33.09
12-07 21:40:37.746   807   807 I SurfaceFlinger: operator()(), mtkRenderCntDebug 259472, screenshot (com.fyp.resilientp2p/com.fyp.resilientp2p.MainActivity#3847)
12-07 21:40:37.809 16935 16438 I NearbyMediums: Started accepting BLE Gatt connections, service-id=com.fyp.resilientp2p
12-07 21:40:37.826 16935 16438 I NearbyMediums: Started accepting BLE L2CAP connections, service-id=com.fyp.resilientp2p
12-07 21:40:37.848   807   807 I SurfaceFlinger: operator()(), mtkRenderCntDebug 259473, screenshot (com.fyp.resilientp2p/com.fyp.resilientp2p.MainActivity#3847)
12-07 21:40:38.148 16935 16935 E NearbyMediums: MEDIUM_ERROR [SYSTEM][BLE][START_ADVERTISING][START_LEGACY_ADVERTISING_FAILED][UNKNOWN], service-id=com.fyp.resilientp2p
12-07 21:40:38.150 16935 16935 W NearbyMediums: Failed to start BLE Legacy advertising, service-id=com.fyp.resilientp2p, with advertiseData : AdvertiseData [mServiceUuids=[0000fef3-0000-1000-8000-00805f9b34fb], mServiceSolicitationUuids=[], mTransportDiscoveryData=[], mManufacturerSpecificData={}, mServiceData={}, mIncludeTxPowerLevel=false, mIncludeDeviceName=false], scanResponse : AdvertiseData [mServiceUuids=[], mServiceSolicitationUuids=[], mTransportDiscoveryData=[], mManufacturerSpecificData={}, mServiceData={0000fef3-0000-1000-8000-00805f9b34fb=[74, 23, 35, 49, 75, 74, 81, 17, 52, -11, 110, -60, -78, 7, 19, 114, -92, -36, 29, -88, -109, -93, 40, -37, 61, 42, -42]}, mIncludeTxPowerLevel=false, mIncludeDeviceName=false], advertiseSettings : AdvertisingSetParameters [connectable=true, isLegacy=true, isAnonymous=false, includeTxPower=false, primaryPhy=1, secondaryPhy=1, interval=160, txPowerLevel=1, ownAddressType=-1]
12-07 21:40:38.153 16935 16438 E NearbyMediums: MEDIUM_ERROR [SYSTEM][BLE][START_ADVERTISING][START_LEGACY_ADVERTISING_FAILED][EXECUTION_EXCEPTION], service-id=com.fyp.resilientp2p
12-07 21:40:38.177 16935 16935 E NearbyMediums: MEDIUM_ERROR [SYSTEM][BLE][START_ADVERTISING][START_LEGACY_ADVERTISING_FAILED][UNKNOWN], service-id=com.fyp.resilientp2p
12-07 21:40:38.178 16935 16935 W NearbyMediums: Failed to start BLE Legacy advertising, service-id=com.fyp.resilientp2p, with advertiseData : AdvertiseData [mServiceUuids=[0000fef3-0000-1000-8000-00805f9b34fb], mServiceSolicitationUuids=[], mTransportDiscoveryData=[], mManufacturerSpecificData={}, mServiceData={}, mIncludeTxPowerLevel=false, mIncludeDeviceName=false], scanResponse : AdvertiseData [mServiceUuids=[], mServiceSolicitationUuids=[], mTransportDiscoveryData=[], mManufacturerSpecificData={}, mServiceData={0000fef3-0000-1000-8000-00805f9b34fb=[86, 82, 81, 85, 73, 65, 67, 65, 103, 67, 81, 65, 65, 66, 68, 113, 101, 102, 78, 65, 65, 78, 119]}, mIncludeTxPowerLevel=false, mIncludeDeviceName=false], advertiseSettings : AdvertisingSetParameters [connectable=true, isLegacy=true, isAnonymous=false, includeTxPower=false, primaryPhy=1, secondaryPhy=1, interval=160, txPowerLevel=1, ownAddressType=-1]
12-07 21:40:38.179 16935 16438 E NearbyMediums: MEDIUM_ERROR [SYSTEM][BLE][START_ADVERTISING][START_LEGACY_ADVERTISING_FAILED][EXECUTION_EXCEPTION], service-id=com.fyp.resilientp2p
12-07 21:40:38.183 16935 16438 I NearbyMediums: Successfully started BLE advertising of size 24 for service com.fyp.resilientp2p, deviceToken : [ 0x2a 0xd6 ].
12-07 21:40:38.190 16935 16438 I NearbyMediums: Successfully bound ServerSocket for service com.fyp.resilientp2p to the stable port 51559.
12-07 21:40:39.072 16935 16438 I NearbyMediums: Successfully advertised IjBVNUI6nt4AAA on serviceID com.fyp.resilientp2p over Wifi LAN.
12-07 21:40:39.074 16935 16438 W NearbyConnections: In startUsbAdvertising([ 0x54 0x42 0x31 0x33 0x32 0x46 0x55 ]), client 259828889 failed to start listening for incoming USB connections to ServiceId com.fyp.resilientp2p
12-07 21:40:39.081 16935 16438 I NearbyMediums: [WifiNetworkV2] WifiStatusChangedCallback registered for com.fyp.resilientp2p (wifiStatusChangedCallbacks.size:2)
12-07 21:40:39.082 16935 16438 I NearbyConnections: Get local endpoint id from the existing localEndpointId:0U5B (last:5V3S) for client 259828889(com.fyp.resilientp2p)
12-07 21:40:39.126   807   807 I BufferQueueProducer: [com.fyp.resilientp2p/com.fyp.resilientp2p.MainActivity#3847](this:0xb400007df2c247c0,id:-1,api:0,p:-1,c:807) queueBuffer: fps=1.45 dur=1383.42 max=1316.72 min=66.71
12-07 21:40:39.132   807   807 I SurfaceFlinger: operator()(), mtkRenderCntDebug 259474, screenshot (com.fyp.resilientp2p/com.fyp.resilientp2p.MainActivity#3847)
12-07 21:40:39.232   807   807 I SurfaceFlinger: operator()(), mtkRenderCntDebug 259475, screenshot (com.fyp.resilientp2p/com.fyp.resilientp2p.MainActivity#3847)
12-07 21:40:39.880 16935 16447 I NearbyMediums: [MultiplexSocket] Accept new virtual socket request service ID : com.fyp.resilientp2p, hash salt : zEXv9qNTzrBkMzrr0AA3JA, hash key : WeIfiA on medium 5
12-07 21:40:40.098 16935 16438 I NearbyConnections: [PcpManager] In onIncomingConnection(WIFI_LAN) for client com.fyp.resilientp2p, read ConnectionRequestFrame from endpoint CRIZ (pcpManager:InstantConnectionPcpManager isSupportInstantConnection:true)
12-07 21:40:41.294 16935 16447 I NearbyConnections: Get local endpoint id from the existing localEndpointId:0U5B (last:5V3S) for client 259828889(com.fyp.resilientp2p)
12-07 21:40:41.301 16935 16447 I NearbyConnections: Get local endpoint id from the existing localEndpointId:0U5B (last:5V3S) for client 259828889(com.fyp.resilientp2p)
12-07 21:40:41.393   807   807 I BufferQueueProducer: [com.fyp.resilientp2p/com.fyp.resilientp2p.MainActivity#3847](this:0xb400007df2c247c0,id:-1,api:0,p:-1,c:807) queueBuffer: fps=0.88 dur=2267.17 max=2234.01 min=33.17
12-07 21:40:41.400   807   807 I SurfaceFlinger: operator()(), mtkRenderCntDebug 259476, screenshot (com.fyp.resilientp2p/com.fyp.resilientp2p.MainActivity#3847)
12-07 21:40:41.501   807   807 I SurfaceFlinger: operator()(), mtkRenderCntDebug 259477, screenshot (com.fyp.resilientp2p/com.fyp.resilientp2p.MainActivity#3847)
12-07 21:40:42.141 16935 16935 E NearbyMediums: MEDIUM_ERROR [SYSTEM][BLE][START_ADVERTISING][START_LEGACY_ADVERTISING_FAILED][UNKNOWN], service-id=com.fyp.resilientp2p
12-07 21:40:42.142 16935 16935 W NearbyMediums: Failed to start BLE Legacy advertising, service-id=com.fyp.resilientp2p, with advertiseData : AdvertiseData [mServiceUuids=[0000fef3-0000-1000-8000-00805f9b34fb], mServiceSolicitationUuids=[], mTransportDiscoveryData=[], mManufacturerSpecificData={}, mServiceData={}, mIncludeTxPowerLevel=false, mIncludeDeviceName=false], scanResponse : AdvertiseData [mServiceUuids=[], mServiceSolicitationUuids=[], mTransportDiscoveryData=[], mManufacturerSpecificData={}, mServiceData={0000fef3-0000-1000-8000-00805f9b34fb=[86, 89, 67, 65, 65, 65, 65, 65, 69, 65, 65, 69, 66, 65, 65, 65, 101, 56, 107, 85, 65, 78, 119]}, mIncludeTxPowerLevel=false, mIncludeDeviceName=false], advertiseSettings : AdvertisingSetParameters [connectable=true, isLegacy=true, isAnonymous=false, includeTxPower=false, primaryPhy=1, secondaryPhy=1, interval=400, txPowerLevel=1, ownAddressType=-1]
12-07 21:40:42.143 16935 16483 E NearbyMediums: MEDIUM_ERROR [SYSTEM][BLE][START_ADVERTISING][START_LEGACY_ADVERTISING_FAILED][EXECUTION_EXCEPTION], service-id=com.fyp.resilientp2p
12-07 21:40:42.143 16935 16483 I NearbyMediums: Successfully stopped BLE advertising for service com.fyp.resilientp2p
12-07 21:40:42.145   807   807 I SurfaceFlinger: operator()(), mtkRenderCntDebug 259478, screenshot (com.fyp.resilientp2p/com.fyp.resilientp2p.MainActivity#3847)
12-07 21:40:42.146 16935 16483 I NearbyMediums: Close BLE L2CAP server socket, service-id=com.fyp.resilientp2p
12-07 21:40:42.154 16935 16483 I NearbyMediums: Close BLE GATT server socket, service-id=com.fyp.resilientp2p
12-07 21:40:42.185 16935 16483 I NearbyMediums: Stopped accepting Bluetooth Classic connections for com.fyp.resilientp2p.
12-07 21:40:42.191 16935 16483 I NearbyMediums: Skipping stop accepting connections: we are not currently accepting WebRTC connections for com.fyp.resilientp2p.
12-07 21:40:42.191 16935 16483 I NearbyMediums: [WifiNetworkV2] WifiStatusChangedCallback unregistered for com.fyp.resilientp2p (wifiStatusChangedCallbacks.size:1)
12-07 21:40:42.192 16935 16480 E NearbyMediums: MEDIUM_ERROR [SYSTEM][WIFI_LAN][START_LISTENING_INCOMING_CONNECTION][ACCEPT_CONNECTION_FAILED][SOCKET_CLOSED], service-id=com.fyp.resilientp2p
12-07 21:40:42.193 16935 16483 I NearbyConnections: [InstantConnectionPcpMgr] In invalidateTxAdvertisementScanning(by stopAdvertising) tx advertisement scanning skipped or stopped for endpointId: serviceId:com.fyp.resilientp2p isScreenUnlocked:true isAdvertising:false powerLevel:HIGH isTxScanning:false
12-07 21:40:42.201 16935 16438 I NearbyConnections: ClientProxy(com.fyp.resilientp2p) reporting onPayloadTransferUpdate(CRIZ, -8546510851953695855, SUCCESS, 100%) processed(payloadListener:non-null isClientAlive:true)
12-07 21:40:42.247   807   807 I SurfaceFlinger: operator()(), mtkRenderCntDebug 259479, screenshot (com.fyp.resilientp2p/com.fyp.resilientp2p.MainActivity#3847)
12-07 21:40:42.396 16935 16438 I NearbyConnections: ClientProxy(com.fyp.resilientp2p) reporting onPayloadReceived(CRIZ, -5172645850196103319), with result: DETAIL_SUCCESS
12-07 21:40:42.401 16935 16438 I NearbyConnections: ClientProxy(com.fyp.resilientp2p) reporting onPayloadReceived(7KLU, -5823723200302358925), with result: DETAIL_SUCCESS
12-07 21:40:42.403 16935 16438 I NearbyConnections: ClientProxy(com.fyp.resilientp2p) reporting onPayloadTransferUpdate(CRIZ, -5172645850196103319, SUCCESS, 100%) processed(payloadListener:non-null isClientAlive:true)
12-07 21:40:42.416 16935 16483 I NearbyConnections: ClientProxy(com.fyp.resilientp2p) reporting onPayloadTransferUpdate(7KLU, -5823723200302358925, SUCCESS, 100%) processed(payloadListener:non-null isClientAlive:true)
12-07 21:40:42.420 16935 16480 I NearbyConnections: ClientProxy(com.fyp.resilientp2p) reporting onPayloadReceived(CRIZ, -5823723200302358925), with result: DETAIL_SUCCESS
12-07 21:40:42.422 16935 16480 I NearbyConnections: ClientProxy(com.fyp.resilientp2p) reporting onPayloadTransferUpdate(CRIZ, -5823723200302358925, SUCCESS, 100%) processed(payloadListener:non-null isClientAlive:true)
12-07 21:40:42.430 16935 16438 I NearbyConnections: ClientProxy(com.fyp.resilientp2p) reporting onPayloadTransferUpdate(7KLU, -8980753940974035703, SUCCESS, 100%) processed(payloadListener:non-null isClientAlive:true)
12-07 21:40:42.433   807   807 I BufferQueueProducer: [com.fyp.resilientp2p/com.fyp.resilientp2p.MainActivity#3847](this:0xb400007df2c247c0,id:-1,api:0,p:-1,c:807) queueBuffer: fps=5.77 dur=1039.71 max=699.54 min=16.31
12-07 21:40:42.435   807   807 I SurfaceFlinger: operator()(), mtkRenderCntDebug 259480, screenshot (com.fyp.resilientp2p/com.fyp.resilientp2p.MainActivity#3847)
12-07 21:40:42.460 16935 16480 I NearbyConnections: ClientProxy(com.fyp.resilientp2p) reporting onPayloadTransferUpdate(7KLU, -8669493703293374584, SUCCESS, 100%) processed(payloadListener:non-null isClientAlive:true)
12-07 21:40:42.538   807   807 I SurfaceFlinger: operator()(), mtkRenderCntDebug 259481, screenshot (com.fyp.resilientp2p/com.fyp.resilientp2p.MainActivity#3847)
12-07 21:40:42.646   782   854 I libPowerHal: [perfNotifyAppState] pack:com.fyp.resilientp2p, act:com.fyp.resilientp2p.MainActivity, state:5, pid:16167, uid:10282, fps:60
12-07 21:40:43.170 16935 16445 I NearbyConnections: ClientProxy(com.fyp.resilientp2p) reporting onPayloadReceived(7KLU, -6708341211614613374), with result: DETAIL_SUCCESS
12-07 21:40:43.170 16935 16445 I NearbyConnections: ClientProxy(com.fyp.resilientp2p) reporting onPayloadReceived(CRIZ, -6708341211614613374), with result: DETAIL_SUCCESS
12-07 21:40:43.179 16935 16445 I NearbyConnections: ClientProxy(com.fyp.resilientp2p) reporting onPayloadTransferUpdate(7KLU, -6708341211614613374, SUCCESS, 100%) processed(payloadListener:non-null isClientAlive:true)
12-07 21:40:43.197 16935 16438 I NearbyConnections: ClientProxy(com.fyp.resilientp2p) reporting onPayloadTransferUpdate(7KLU, -6014654732352963646, SUCCESS, 100%) processed(payloadListener:non-null isClientAlive:true)
12-07 21:40:43.224   807   807 I SurfaceFlinger: operator()(), mtkRenderCntDebug 259482, screenshot (com.fyp.resilientp2p/com.fyp.resilientp2p.MainActivity#3847)
12-07 21:40:43.419 16935 16480 I NearbyConnections: ClientProxy(com.fyp.resilientp2p) reporting onPayloadReceived(7KLU, -7046141557779958189), with result: DETAIL_SUCCESS
12-07 21:40:43.419 16935 16480 I NearbyConnections: ClientProxy(com.fyp.resilientp2p) reporting onPayloadReceived(CRIZ, -7046141557779958189), with result: DETAIL_SUCCESS
12-07 21:40:43.425 16935 16480 I NearbyConnections: ClientProxy(com.fyp.resilientp2p) reporting onPayloadTransferUpdate(7KLU, -7046141557779958189, SUCCESS, 100%) processed(payloadListener:non-null isClientAlive:true)
12-07 21:40:43.468   807   807 I BufferQueueProducer: [com.fyp.resilientp2p/com.fyp.resilientp2p.MainActivity#3847](this:0xb400007df2c247c0,id:-1,api:0,p:-1,c:807) queueBuffer: fps=3.86 dur=1035.30 max=734.18 min=16.93
12-07 21:40:43.475   807   807 I SurfaceFlinger: operator()(), mtkRenderCntDebug 259483, screenshot (com.fyp.resilientp2p/com.fyp.resilientp2p.MainActivity#3847)
12-07 21:40:43.646   782   854 I libPowerHal: [perfNotifyAppState] pack:com.fyp.resilientp2p, act:com.fyp.resilientp2p.MainActivity, state:5, pid:16167, uid:10282, fps:-1
12-07 21:40:45.884   807   807 I SurfaceFlinger: operator()(), mtkRenderCntDebug 259484, screenshot (com.fyp.resilientp2p/com.fyp.resilientp2p.MainActivity#3847)
12-07 21:40:46.892   807   807 I BufferQueueProducer: [com.fyp.resilientp2p/com.fyp.resilientp2p.MainActivity#3847](this:0xb400007df2c247c0,id:-1,api:0,p:-1,c:807) queueBuffer: fps=0.29 dur=3424.39 max=3424.39 min=3424.39
12-07 21:40:46.897   807   807 I SurfaceFlinger: operator()(), mtkRenderCntDebug 259485, screenshot (com.fyp.resilientp2p/com.fyp.resilientp2p.MainActivity#3847)
12-07 21:40:46.998   807   807 I SurfaceFlinger: operator()(), mtkRenderCntDebug 259486, screenshot (com.fyp.resilientp2p/com.fyp.resilientp2p.MainActivity#3847)
12-07 21:40:47.166 16935 16935 E NearbyMediums: MEDIUM_ERROR [SYSTEM][BLE][START_ADVERTISING][START_LEGACY_ADVERTISING_FAILED][UNKNOWN], service-id=com.fyp.resilientp2p
12-07 21:40:47.168 16935 16935 W NearbyMediums: Failed to start BLE Legacy advertising, service-id=com.fyp.resilientp2p, with advertiseData : AdvertiseData [mServiceUuids=[0000fef3-0000-1000-8000-00805f9b34fb], mServiceSolicitationUuids=[], mTransportDiscoveryData=[], mManufacturerSpecificData={}, mServiceData={}, mIncludeTxPowerLevel=false, mIncludeDeviceName=false], scanResponse : AdvertiseData [mServiceUuids=[], mServiceSolicitationUuids=[], mTransportDiscoveryData=[], mManufacturerSpecificData={}, mServiceData={0000fef3-0000-1000-8000-00805f9b34fb=[86, 89, 67, 65, 65, 65, 65, 65, 69, 65, 65, 69, 66, 65, 65, 65, 101, 56, 107, 85, 65, 78, 119]}, mIncludeTxPowerLevel=false, mIncludeDeviceName=false], advertiseSettings : AdvertisingSetParameters [connectable=true, isLegacy=true, isAnonymous=false, includeTxPower=false, primaryPhy=1, secondaryPhy=1, interval=400, txPowerLevel=1, ownAddressType=-1]
12-07 21:40:47.169 16935 16438 E NearbyMediums: MEDIUM_ERROR [SYSTEM][BLE][START_ADVERTISING][START_LEGACY_ADVERTISING_FAILED][EXECUTION_EXCEPTION], service-id=com.fyp.resilientp2p
12-07 21:40:47.253 16935 16483 I NearbyMediums: [MultiplexSocket] Virtual socket(com.fyp.resilientp2p) disconnected
12-07 21:40:47.308   807   807 I SurfaceFlinger: operator()(), mtkRenderCntDebug 259487, screenshot (com.fyp.resilientp2p/com.fyp.resilientp2p.MainActivity#3847)
12-07 21:40:47.408   807   807 I SurfaceFlinger: operator()(), mtkRenderCntDebug 259488, screenshot (com.fyp.resilientp2p/com.fyp.resilientp2p.MainActivity#3847)
12-07 21:40:47.708   807   807 I SurfaceFlinger: operator()(), mtkRenderCntDebug 259489, screenshot (com.fyp.resilientp2p/com.fyp.resilientp2p.MainActivity#3847)
12-07 21:40:47.809   807   807 I SurfaceFlinger: operator()(), mtkRenderCntDebug 259490, screenshot (com.fyp.resilientp2p/com.fyp.resilientp2p.MainActivity#3847)
12-07 21:40:51.310 16935 16482 I NearbyConnections: java.util.concurrent.ExecutionException: java.io.IOException: Failed to write data because the VirtualOutputStream for com.fyp.resilientp2p closed
12-07 21:40:51.310 16935 16482 I NearbyConnections: Caused by: java.io.IOException: Failed to write data because the VirtualOutputStream for com.fyp.resilientp2p closed
12-07 21:40:51.310 16935 16482 I NearbyConnections: java.io.IOException: java.io.IOException: Failed to write data because the VirtualOutputStream for com.fyp.resilientp2p closed
12-07 21:40:51.310 16935 16482 I NearbyConnections: Caused by: java.io.IOException: Failed to write data because the VirtualOutputStream for com.fyp.resilientp2p closed
12-07 21:40:51.311 16935 16482 E NearbyMediums: MEDIUM_ERROR [NETWORK][WIFI_LAN][RECEIVE_PAYLOAD][RECEIVE_PAYLOAD_FAILED][UNKNOWN], service-id=com.fyp.resilientp2p
12-07 21:40:51.311 16935 16482 E NearbyMediums: Extra Sensitive/PII message : java.io.IOException: Failed to write data because the VirtualOutputStream for com.fyp.resilientp2p closed
12-07 21:40:51.319 16935 16481 E NearbyMediums: MEDIUM_ERROR [NETWORK][WIFI_LAN][RECEIVE_PAYLOAD][RECEIVE_PAYLOAD_FAILED][NULL_MESSAGE], service-id=com.fyp.resilientp2p
12-07 21:40:51.320 16935 16482 I NearbyMediums: Successfully bound ServerSocket for service com.fyp.resilientp2p_RECONNECT to the stable port 53869.
12-07 21:40:51.321 16935 16482 I NearbyConnections: [ReconnectManager] alarm created for serviceId com.fyp.resilientp2p_RECONNECT.
12-07 21:40:54.691 16935 16935 E NearbyMediums: MEDIUM_ERROR [SYSTEM][BLE][START_ADVERTISING][START_LEGACY_ADVERTISING_FAILED][UNKNOWN], service-id=com.fyp.resilientp2p
12-07 21:40:54.692 16935 16935 W NearbyMediums: Failed to start BLE Legacy advertising, service-id=com.fyp.resilientp2p, with advertiseData : AdvertiseData [mServiceUuids=[0000fef3-0000-1000-8000-00805f9b34fb], mServiceSolicitationUuids=[], mTransportDiscoveryData=[], mManufacturerSpecificData={}, mServiceData={}, mIncludeTxPowerLevel=false, mIncludeDeviceName=false], scanResponse : AdvertiseData [mServiceUuids=[], mServiceSolicitationUuids=[], mTransportDiscoveryData=[], mManufacturerSpecificData={}, mServiceData={0000fef3-0000-1000-8000-00805f9b34fb=[86, 89, 67, 65, 65, 65, 65, 65, 69, 65, 65, 69, 66, 65, 65, 65, 101, 56, 107, 85, 65, 78, 119]}, mIncludeTxPowerLevel=false, mIncludeDeviceName=false], advertiseSettings : AdvertisingSetParameters [connectable=true, isLegacy=true, isAnonymous=false, includeTxPower=false, primaryPhy=1, secondaryPhy=1, interval=400, txPowerLevel=1, ownAddressType=-1]
12-07 21:40:54.696 16935 16483 E NearbyMediums: MEDIUM_ERROR [SYSTEM][BLE][START_ADVERTISING][START_LEGACY_ADVERTISING_FAILED][EXECUTION_EXCEPTION], service-id=com.fyp.resilientp2p
12-07 21:40:57.794   807   807 I SurfaceFlinger: operator()(), mtkRenderCntDebug 259491, screenshot (com.fyp.resilientp2p/com.fyp.resilientp2p.MainActivity#3847)
12-07 21:41:00.100   807   807 I SurfaceFlinger: operator()(), mtkRenderCntDebug 259492, screenshot (com.fyp.resilientp2p/com.fyp.resilientp2p.MainActivity#3847)
12-07 21:41:02.678 16935 17123 I NearbyConnections: ClientProxy(com.fyp.resilientp2p) allow WebRtc to use mobile data.
12-07 21:41:02.680 16935 16437 I NearbyConnections: 259828889 com.fyp.resilientp2p startAdvertising in nc mode.
12-07 21:41:02.693 16935 16483 I NearbyConnections: Get local endpoint id from the existing localEndpointId:0U5B (last:0U5B) for client 259828889(com.fyp.resilientp2p)
12-07 21:41:02.694 16935 16483 I NearbyConnections: generateRxInstantConnectionAdvBytes() returns null because the client (com.fyp.resilientp2p) is not allowed for an instant connection.
12-07 21:41:02.697 16935 16483 W NearbyConnections: Missing permission: com.fyp.resilientp2p does not have required permission android.permission.NFC
12-07 21:41:02.712  2271 21096 I bt_btif_sock_rfcomm: btsock_rfc_listen: Adding listening socket service_name: com.fyp.resilientp2p - channel: -1
12-07 21:41:02.718 16935 16483 I NearbyMediums: Started accepting Bluetooth Classic connections for com.fyp.resilientp2p.
12-07 21:41:02.760   807   807 I BufferQueueProducer: [com.fyp.resilientp2p/com.fyp.resilientp2p.MainActivity#3847](this:0xb400007df2c247c0,id:-1,api:0,p:-1,c:807) queueBuffer: fps=0.50 dur=15867.37 max=14990.21 min=16.75
12-07 21:41:02.765   807   807 I SurfaceFlinger: operator()(), mtkRenderCntDebug 259493, screenshot (com.fyp.resilientp2p/com.fyp.resilientp2p.MainActivity#3847)
12-07 21:41:02.823 16935 16483 I NearbyMediums: Started accepting BLE Gatt connections, service-id=com.fyp.resilientp2p
12-07 21:41:02.837 16935 16483 I NearbyMediums: Started accepting BLE L2CAP connections, service-id=com.fyp.resilientp2p
12-07 21:41:02.867   807   807 I SurfaceFlinger: operator()(), mtkRenderCntDebug 259494, screenshot (com.fyp.resilientp2p/com.fyp.resilientp2p.MainActivity#3847)
12-07 21:41:03.157 16935 16935 E NearbyMediums: MEDIUM_ERROR [SYSTEM][BLE][START_ADVERTISING][START_LEGACY_ADVERTISING_FAILED][UNKNOWN], service-id=com.fyp.resilientp2p
12-07 21:41:03.158 16935 16935 W NearbyMediums: Failed to start BLE Legacy advertising, service-id=com.fyp.resilientp2p, with advertiseData : AdvertiseData [mServiceUuids=[0000fef3-0000-1000-8000-00805f9b34fb], mServiceSolicitationUuids=[], mTransportDiscoveryData=[], mManufacturerSpecificData={}, mServiceData={}, mIncludeTxPowerLevel=false, mIncludeDeviceName=false], scanResponse : AdvertiseData [mServiceUuids=[], mServiceSolicitationUuids=[], mTransportDiscoveryData=[], mManufacturerSpecificData={}, mServiceData={0000fef3-0000-1000-8000-00805f9b34fb=[74, 23, 35, 49, 75, 74, 81, 17, 52, -11, 110, -60, -78, 7, 19, 114, -92, -36, 29, -88, -109, -93, 40, -37, 61, 42, -42]}, mIncludeTxPowerLevel=false, mIncludeDeviceName=false], advertiseSettings : AdvertisingSetParameters [connectable=true, isLegacy=true, isAnonymous=false, includeTxPower=false, primaryPhy=1, secondaryPhy=1, interval=160, txPowerLevel=1, ownAddressType=-1]
12-07 21:41:03.163 16935 16483 E NearbyMediums: MEDIUM_ERROR [SYSTEM][BLE][START_ADVERTISING][START_LEGACY_ADVERTISING_FAILED][EXECUTION_EXCEPTION], service-id=com.fyp.resilientp2p
12-07 21:41:03.183 16935 16935 E NearbyMediums: MEDIUM_ERROR [SYSTEM][BLE][START_ADVERTISING][START_LEGACY_ADVERTISING_FAILED][UNKNOWN], service-id=com.fyp.resilientp2p
12-07 21:41:03.184 16935 16935 W NearbyMediums: Failed to start BLE Legacy advertising, service-id=com.fyp.resilientp2p, with advertiseData : AdvertiseData [mServiceUuids=[0000fef3-0000-1000-8000-00805f9b34fb], mServiceSolicitationUuids=[], mTransportDiscoveryData=[], mManufacturerSpecificData={}, mServiceData={}, mIncludeTxPowerLevel=false, mIncludeDeviceName=false], scanResponse : AdvertiseData [mServiceUuids=[], mServiceSolicitationUuids=[], mTransportDiscoveryData=[], mManufacturerSpecificData={}, mServiceData={0000fef3-0000-1000-8000-00805f9b34fb=[86, 82, 70, 81, 65, 65, 83, 65, 103, 119, 65, 65, 65, 66, 67, 81, 90, 57, 67, 111, 65, 78, 48]}, mIncludeTxPowerLevel=false, mIncludeDeviceName=false], advertiseSettings : AdvertisingSetParameters [connectable=true, isLegacy=true, isAnonymous=false, includeTxPower=false, primaryPhy=1, secondaryPhy=1, interval=160, txPowerLevel=1, ownAddressType=-1]
12-07 21:41:03.185 16935 16483 E NearbyMediums: MEDIUM_ERROR [SYSTEM][BLE][START_ADVERTISING][START_LEGACY_ADVERTISING_FAILED][EXECUTION_EXCEPTION], service-id=com.fyp.resilientp2p
12-07 21:41:03.188 16935 16483 I NearbyMediums: Successfully started BLE advertising of size 24 for service com.fyp.resilientp2p, deviceToken : [ 0x2a 0xd6 ].
12-07 21:41:03.200 16935 16483 I NearbyMediums: Successfully bound ServerSocket for service com.fyp.resilientp2p to the stable port 51559.
12-07 21:41:04.098 16935 16483 I NearbyMediums: Successfully advertised IjBVNUI6nt4AAA on serviceID com.fyp.resilientp2p over Wifi LAN.
12-07 21:41:04.100 16935 16483 W NearbyConnections: In startUsbAdvertising([ 0x54 0x42 0x31 0x33 0x32 0x46 0x55 ]), client 259828889 failed to start listening for incoming USB connections to ServiceId com.fyp.resilientp2p
12-07 21:41:04.107 16935 16483 I NearbyMediums: [WifiNetworkV2] WifiStatusChangedCallback registered for com.fyp.resilientp2p (wifiStatusChangedCallbacks.size:2)
12-07 21:41:04.109 16935 16483 I NearbyConnections: Get local endpoint id from the existing localEndpointId:0U5B (last:0U5B) for client 259828889(com.fyp.resilientp2p)
12-07 21:41:04.193   807   807 I BufferQueueProducer: [com.fyp.resilientp2p/com.fyp.resilientp2p.MainActivity#3847](this:0xb400007df2c247c0,id:-1,api:0,p:-1,c:807) queueBuffer: fps=1.40 dur=1432.96 max=1383.16 min=49.80
12-07 21:41:04.200   807   807 I SurfaceFlinger: operator()(), mtkRenderCntDebug 259495, screenshot (com.fyp.resilientp2p/com.fyp.resilientp2p.MainActivity#3847)
12-07 21:41:04.301   807   807 I SurfaceFlinger: operator()(), mtkRenderCntDebug 259496, screenshot (com.fyp.resilientp2p/com.fyp.resilientp2p.MainActivity#3847)
12-07 21:41:05.566   807   807 I SurfaceFlinger: operator()(), mtkRenderCntDebug 259497, screenshot (com.fyp.resilientp2p/com.fyp.resilientp2p.MainActivity#3847)
12-07 21:41:05.884   807   807 I SurfaceFlinger: operator()(), mtkRenderCntDebug 259498, screenshot (com.fyp.resilientp2p/com.fyp.resilientp2p.MainActivity#3847)
12-07 21:41:06.323 16935 16437 I NearbyConnections: [ReconnectManager] timeout after 15000 ms stopListeningForIncomingConnections WIFI_LAN for com.fyp.resilientp2p_RECONNECT to rehost initiated by CRIZ, unregister all still not connected endpointIds.
12-07 21:41:06.324 16935 16437 I NearbyConnections: [ReconnectManager] alarm cancelled for serviceId com.fyp.resilientp2p_RECONNECT.
12-07 21:41:06.329 16935 16415 E NearbyMediums: MEDIUM_ERROR [SYSTEM][WIFI_LAN][START_LISTENING_INCOMING_CONNECTION][ACCEPT_CONNECTION_FAILED][SOCKET_CLOSED], service-id=com.fyp.resilientp2p_RECONNECT
12-07 21:41:06.333 16935 16437 I NearbyConnections: [ReconnectManager] no more pending incoming connections stopListeningForIncomingConnections for com.fyp.resilientp2p_RECONNECT before timeout.
12-07 21:41:06.339 16935 16437 I NearbyConnections: [ReconnectManager] no more pending incoming connections stopListeningForIncomingConnections for com.fyp.resilientp2p_RECONNECT before timeout.
12-07 21:41:06.461   807   807 I BufferQueueProducer: [com.fyp.resilientp2p/com.fyp.resilientp2p.MainActivity#3847](this:0xb400007df2c247c0,id:-1,api:0,p:-1,c:807) queueBuffer: fps=0.88 dur=2268.45 max=2218.49 min=49.97
12-07 21:41:06.468   807   807 I SurfaceFlinger: operator()(), mtkRenderCntDebug 259499, screenshot (com.fyp.resilientp2p/com.fyp.resilientp2p.MainActivity#3847)
12-07 21:41:06.568   807   807 I SurfaceFlinger: operator()(), mtkRenderCntDebug 259500, screenshot (com.fyp.resilientp2p/com.fyp.resilientp2p.MainActivity#3847)
12-07 21:41:08.185 16935 16935 E NearbyMediums: MEDIUM_ERROR [SYSTEM][BLE][START_ADVERTISING][START_LEGACY_ADVERTISING_FAILED][UNKNOWN], service-id=com.fyp.resilientp2p
12-07 21:41:08.186 16935 16935 W NearbyMediums: Failed to start BLE Legacy advertising, service-id=com.fyp.resilientp2p, with advertiseData : AdvertiseData [mServiceUuids=[0000fef3-0000-1000-8000-00805f9b34fb], mServiceSolicitationUuids=[], mTransportDiscoveryData=[], mManufacturerSpecificData={}, mServiceData={}, mIncludeTxPowerLevel=false, mIncludeDeviceName=false], scanResponse : AdvertiseData [mServiceUuids=[], mServiceSolicitationUuids=[], mTransportDiscoveryData=[], mManufacturerSpecificData={}, mServiceData={0000fef3-0000-1000-8000-00805f9b34fb=[74, 23, 35, 49, 75, 74, 81, 17, 52, -11, 110, -60, -78, 7, 19, 114, -92, -36, 29, -88, -109, -93, 40, -37, 61, 42, -42]}, mIncludeTxPowerLevel=false, mIncludeDeviceName=false], advertiseSettings : AdvertisingSetParameters [connectable=true, isLegacy=true, isAnonymous=false, includeTxPower=false, primaryPhy=1, secondaryPhy=1, interval=160, txPowerLevel=1, ownAddressType=-1]
12-07 21:41:08.188 16935 16437 E NearbyMediums: MEDIUM_ERROR [SYSTEM][BLE][START_ADVERTISING][START_LEGACY_ADVERTISING_FAILED][EXECUTION_EXCEPTION], service-id=com.fyp.resilientp2p
12-07 21:41:08.208 16935 16935 E NearbyMediums: MEDIUM_ERROR [SYSTEM][BLE][START_ADVERTISING][START_LEGACY_ADVERTISING_FAILED][UNKNOWN], service-id=com.fyp.resilientp2p
12-07 21:41:08.210 16935 16935 W NearbyMediums: Failed to start BLE Legacy advertising, service-id=com.fyp.resilientp2p, with advertiseData : AdvertiseData [mServiceUuids=[0000fef3-0000-1000-8000-00805f9b34fb], mServiceSolicitationUuids=[], mTransportDiscoveryData=[], mManufacturerSpecificData={}, mServiceData={}, mIncludeTxPowerLevel=false, mIncludeDeviceName=false], scanResponse : AdvertiseData [mServiceUuids=[], mServiceSolicitationUuids=[], mTransportDiscoveryData=[], mManufacturerSpecificData={}, mServiceData={0000fef3-0000-1000-8000-00805f9b34fb=[86, 82, 70, 81, 65, 65, 83, 65, 103, 119, 65, 65, 65, 66, 67, 81, 90, 57, 67, 111, 65, 78, 48]}, mIncludeTxPowerLevel=false, mIncludeDeviceName=false], advertiseSettings : AdvertisingSetParameters [connectable=true, isLegacy=true, isAnonymous=false, includeTxPower=false, primaryPhy=1, secondaryPhy=1, interval=160, txPowerLevel=1, ownAddressType=-1]
12-07 21:41:08.212 16935 16437 E NearbyMediums: MEDIUM_ERROR [SYSTEM][BLE][START_ADVERTISING][START_LEGACY_ADVERTISING_FAILED][EXECUTION_EXCEPTION], service-id=com.fyp.resilientp2p
12-07 21:41:12.759 16935 16935 E NearbyMediums: MEDIUM_ERROR [SYSTEM][BLE][START_ADVERTISING][START_LEGACY_ADVERTISING_FAILED][UNKNOWN], service-id=com.fyp.resilientp2p
12-07 21:41:12.760 16935 16935 W NearbyMediums: Failed to start BLE Legacy advertising, service-id=com.fyp.resilientp2p, with advertiseData : AdvertiseData [mServiceUuids=[0000fef3-0000-1000-8000-00805f9b34fb], mServiceSolicitationUuids=[], mTransportDiscoveryData=[], mManufacturerSpecificData={}, mServiceData={}, mIncludeTxPowerLevel=false, mIncludeDeviceName=false], scanResponse : AdvertiseData [mServiceUuids=[], mServiceSolicitationUuids=[], mTransportDiscoveryData=[], mManufacturerSpecificData={}, mServiceData={0000fef3-0000-1000-8000-00805f9b34fb=[86, 81, 65, 65, 65, 103, 69, 65, 67, 65, 81, 65, 73, 65, 67, 53, 119, 113, 69, 84, 65, 78, 48]}, mIncludeTxPowerLevel=false, mIncludeDeviceName=false], advertiseSettings : AdvertisingSetParameters [connectable=true, isLegacy=true, isAnonymous=false, includeTxPower=false, primaryPhy=1, secondaryPhy=1, interval=400, txPowerLevel=1, ownAddressType=-1]
12-07 21:41:12.764 16935 16437 E NearbyMediums: MEDIUM_ERROR [SYSTEM][BLE][START_ADVERTISING][START_LEGACY_ADVERTISING_FAILED][EXECUTION_EXCEPTION], service-id=com.fyp.resilientp2p
12-07 21:41:12.772 16935 16437 I NearbyMediums: Successfully stopped BLE advertising for service com.fyp.resilientp2p
12-07 21:41:12.774 16935 16437 I NearbyMediums: Close BLE L2CAP server socket, service-id=com.fyp.resilientp2p
12-07 21:41:12.776   807   807 I BufferQueueProducer: [com.fyp.resilientp2p/com.fyp.resilientp2p.MainActivity#3847](this:0xb400007df2c247c0,id:-1,api:0,p:-1,c:807) queueBuffer: fps=0.48 dur=6314.70 max=6261.55 min=17.95
12-07 21:41:12.780   807   807 I SurfaceFlinger: operator()(), mtkRenderCntDebug 259501, screenshot (com.fyp.resilientp2p/com.fyp.resilientp2p.MainActivity#3847)
12-07 21:41:12.790 16935 16437 I NearbyMediums: Close BLE GATT server socket, service-id=com.fyp.resilientp2p
12-07 21:41:12.834 16935 16437 I NearbyMediums: Stopped accepting Bluetooth Classic connections for com.fyp.resilientp2p.
12-07 21:41:12.844 16935 16488 E NearbyMediums: MEDIUM_ERROR [SYSTEM][WIFI_LAN][START_LISTENING_INCOMING_CONNECTION][ACCEPT_CONNECTION_FAILED][SOCKET_CLOSED], service-id=com.fyp.resilientp2p
12-07 21:41:12.846 16935 16437 I NearbyMediums: Skipping stop accepting connections: we are not currently accepting WebRTC connections for com.fyp.resilientp2p.
12-07 21:41:12.847 16935 16437 I NearbyMediums: [WifiNetworkV2] WifiStatusChangedCallback unregistered for com.fyp.resilientp2p (wifiStatusChangedCallbacks.size:1)
12-07 21:41:12.881   807   807 I SurfaceFlinger: operator()(), mtkRenderCntDebug 259502, screenshot (com.fyp.resilientp2p/com.fyp.resilientp2p.MainActivity#3847)
12-07 21:41:12.884 16935 16437 I NearbyConnections: [InstantConnectionPcpMgr] In invalidateTxAdvertisementScanning(by stopAdvertising) tx advertisement scanning skipped or stopped for endpointId: serviceId:com.fyp.resilientp2p isScreenUnlocked:true isAdvertising:false powerLevel:HIGH isTxScanning:false
12-07 21:41:12.982   807   807 I SurfaceFlinger: operator()(), mtkRenderCntDebug 259503, screenshot (com.fyp.resilientp2p/com.fyp.resilientp2p.MainActivity#3847)
12-07 21:41:13.083   807   807 I SurfaceFlinger: operator()(), mtkRenderCntDebug 259504, screenshot (com.fyp.resilientp2p/com.fyp.resilientp2p.MainActivity#3847)
12-07 21:41:13.097   782   854 I libPowerHal: [perfNotifyAppState] pack:com.fyp.resilientp2p, act:com.fyp.resilientp2p.MainActivity, state:5, pid:16167, uid:10282, fps:60
12-07 21:41:13.184   807   807 I SurfaceFlinger: operator()(), mtkRenderCntDebug 259505, screenshot (com.fyp.resilientp2p/com.fyp.resilientp2p.MainActivity#3847)
12-07 21:41:14.098   782   854 I libPowerHal: [perfNotifyAppState] pack:com.fyp.resilientp2p, act:com.fyp.resilientp2p.MainActivity, state:5, pid:16167, uid:10282, fps:-1
12-07 21:41:17.790 16935 16935 E NearbyMediums: MEDIUM_ERROR [SYSTEM][BLE][START_ADVERTISING][START_LEGACY_ADVERTISING_FAILED][UNKNOWN], service-id=com.fyp.resilientp2p
12-07 21:41:17.791 16935 16935 W NearbyMediums: Failed to start BLE Legacy advertising, service-id=com.fyp.resilientp2p, with advertiseData : AdvertiseData [mServiceUuids=[0000fef3-0000-1000-8000-00805f9b34fb], mServiceSolicitationUuids=[], mTransportDiscoveryData=[], mManufacturerSpecificData={}, mServiceData={}, mIncludeTxPowerLevel=false, mIncludeDeviceName=false], scanResponse : AdvertiseData [mServiceUuids=[], mServiceSolicitationUuids=[], mTransportDiscoveryData=[], mManufacturerSpecificData={}, mServiceData={0000fef3-0000-1000-8000-00805f9b34fb=[86, 81, 65, 65, 65, 103, 69, 65, 67, 65, 81, 65, 73, 65, 67, 53, 119, 113, 69, 84, 65, 78, 48]}, mIncludeTxPowerLevel=false, mIncludeDeviceName=false], advertiseSettings : AdvertisingSetParameters [connectable=true, isLegacy=true, isAnonymous=false, includeTxPower=false, primaryPhy=1, secondaryPhy=1, interval=400, txPowerLevel=1, ownAddressType=-1]
12-07 21:41:17.793 16935 16485 E NearbyMediums: MEDIUM_ERROR [SYSTEM][BLE][START_ADVERTISING][START_LEGACY_ADVERTISING_FAILED][EXECUTION_EXCEPTION], service-id=com.fyp.resilientp2p
12-07 21:41:23.983   807   807 I SurfaceFlinger: operator()(), mtkRenderCntDebug 259506, screenshot (com.fyp.resilientp2p/com.fyp.resilientp2p.MainActivity#3847)
12-07 21:41:25.314 16935 16935 E NearbyMediums: MEDIUM_ERROR [SYSTEM][BLE][START_ADVERTISING][START_LEGACY_ADVERTISING_FAILED][UNKNOWN], service-id=com.fyp.resilientp2p
12-07 21:41:25.316 16935 16935 W NearbyMediums: Failed to start BLE Legacy advertising, service-id=com.fyp.resilientp2p, with advertiseData : AdvertiseData [mServiceUuids=[0000fef3-0000-1000-8000-00805f9b34fb], mServiceSolicitationUuids=[], mTransportDiscoveryData=[], mManufacturerSpecificData={}, mServiceData={}, mIncludeTxPowerLevel=false, mIncludeDeviceName=false], scanResponse : AdvertiseData [mServiceUuids=[], mServiceSolicitationUuids=[], mTransportDiscoveryData=[], mManufacturerSpecificData={}, mServiceData={0000fef3-0000-1000-8000-00805f9b34fb=[86, 81, 65, 65, 65, 103, 69, 65, 67, 65, 81, 65, 73, 65, 67, 53, 119, 113, 69, 84, 65, 78, 48]}, mIncludeTxPowerLevel=false, mIncludeDeviceName=false], advertiseSettings : AdvertisingSetParameters [connectable=true, isLegacy=true, isAnonymous=false, includeTxPower=false, primaryPhy=1, secondaryPhy=1, interval=400, txPowerLevel=1, ownAddressType=-1]
12-07 21:41:25.319 16935 16489 E NearbyMediums: MEDIUM_ERROR [SYSTEM][BLE][START_ADVERTISING][START_LEGACY_ADVERTISING_FAILED][EXECUTION_EXCEPTION], service-id=com.fyp.resilientp2p
12-07 21:41:25.903   807   807 I SurfaceFlinger: operator()(), mtkRenderCntDebug 259507, screenshot (com.fyp.resilientp2p/com.fyp.resilientp2p.MainActivity#3847)
12-07 21:41:27.000   807   807 I SurfaceFlinger: operator()(), mtkRenderCntDebug 259508, screenshot (com.fyp.resilientp2p/com.fyp.resilientp2p.MainActivity#3847)
12-07 21:41:27.698 16935 16489 I NearbyConnections: 259828889 com.fyp.resilientp2p startDiscovery in nc mode.
12-07 21:41:27.722 16935 16485 W NearbyConnections: Missing permission: com.fyp.resilientp2p does not have required permission android.permission.NFC
12-07 21:41:27.759   807   807 I BufferQueueProducer: [com.fyp.resilientp2p/com.fyp.resilientp2p.MainActivity#3847](this:0xb400007df2c247c0,id:-1,api:0,p:-1,c:807) queueBuffer: fps=1.40 dur=14983.39 max=14622.73 min=16.11
12-07 21:41:27.765   807   807 I SurfaceFlinger: operator()(), mtkRenderCntDebug 259509, screenshot (com.fyp.resilientp2p/com.fyp.resilientp2p.MainActivity#3847)
12-07 21:41:27.772 16935 16485 I NearbyMediums: Started BLE scanning, service-id=com.fyp.resilientp2p, is-extended-advert=true, power-level=3, scan-mode=low-latency
12-07 21:41:27.773 16935 16485 I NearbyConnections: Pause bluetooth discovery for service id : com.fyp.resilientp2p
12-07 21:41:27.804 16935 16485 I NearbyMediums: Successfully started Wifi LAN discovery for serviceID com.fyp.resilientp2p.
12-07 21:41:27.806 16935 16485 I NearbyConnections: In startUsbDiscovery(), client 259828889 couldn't start scanning on USB for serviceId com.fyp.resilientp2p.
12-07 21:41:27.868   807   807 I SurfaceFlinger: operator()(), mtkRenderCntDebug 259510, screenshot (com.fyp.resilientp2p/com.fyp.resilientp2p.MainActivity#3847)
12-07 21:41:27.962   782   854 I libPowerHal: [perfNotifyAppState] pack:com.fyp.resilientp2p, act:com.fyp.resilientp2p.MainActivity, state:5, pid:16167, uid:10282, fps:60
12-07 21:41:27.968 16935 16494 I NearbyConnections: ClientProxy(259828889 com.fyp.resilientp2p) reporting onEndpointFound(7KLU)
12-07 21:41:27.970   807   807 I SurfaceFlinger: operator()(), mtkRenderCntDebug 259511, screenshot (com.fyp.resilientp2p/com.fyp.resilientp2p.MainActivity#3847)
12-07 21:41:27.982 16935 17025 I NearbyConnections: ClientProxy(com.fyp.resilientp2p) allow WebRtc to use mobile data.
12-07 21:41:28.036 16935 16485 I NearbyConnections: In requestConnection(), client com.fyp.resilientp2p attempting to connect to endpoint 7KLU over mediums [WIFI_LAN, BLUETOOTH].
12-07 21:41:28.070   807   807 I SurfaceFlinger: operator()(), mtkRenderCntDebug 259512, screenshot (com.fyp.resilientp2p/com.fyp.resilientp2p.MainActivity#3847)
12-07 21:41:28.096 16935 16485 I NearbyConnections: Get local endpoint id from the existing localEndpointId:RT97 (last:null) for client 259828889(com.fyp.resilientp2p)
12-07 21:41:28.171   807   807 I SurfaceFlinger: operator()(), mtkRenderCntDebug 259513, screenshot (com.fyp.resilientp2p/com.fyp.resilientp2p.MainActivity#3847)
12-07 21:41:28.217 16935 16494 I NearbyConnections: Get local endpoint id from the existing localEndpointId:RT97 (last:null) for client 259828889(com.fyp.resilientp2p)
12-07 21:41:28.223 16935 16494 I NearbyConnections: Get local endpoint id from the existing localEndpointId:RT97 (last:null) for client 259828889(com.fyp.resilientp2p)
12-07 21:41:28.272   807   807 I SurfaceFlinger: operator()(), mtkRenderCntDebug 259514, screenshot (com.fyp.resilientp2p/com.fyp.resilientp2p.MainActivity#3847)
12-07 21:41:28.372   807   807 I SurfaceFlinger: operator()(), mtkRenderCntDebug 259515, screenshot (com.fyp.resilientp2p/com.fyp.resilientp2p.MainActivity#3847)
12-07 21:41:28.416 16935 16485 I NearbyMediums: Stopped BLE scanning, service-id=com.fyp.resilientp2p
12-07 21:41:28.452 16935 16485 I NearbyConnections: ClientProxy(com.fyp.resilientp2p) reporting onPayloadTransferUpdate(7KLU, -5633980434987435072, SUCCESS, 100%) processed(payloadListener:non-null isClientAlive:true)
12-07 21:41:28.473   807   807 I SurfaceFlinger: operator()(), mtkRenderCntDebug 259516, screenshot (com.fyp.resilientp2p/com.fyp.resilientp2p.MainActivity#3847)
12-07 21:41:28.583 16935 16485 I NearbyConnections: ClientProxy(com.fyp.resilientp2p) reporting onPayloadReceived(7KLU, -6580688562983210434), with result: DETAIL_SUCCESS
12-07 21:41:28.606 16935 16489 I NearbyConnections: ClientProxy(com.fyp.resilientp2p) reporting onPayloadTransferUpdate(7KLU, -8561567435432974953, SUCCESS, 100%) processed(payloadListener:non-null isClientAlive:true)
12-07 21:41:28.638   807   807 I SurfaceFlinger: operator()(), mtkRenderCntDebug 259517, screenshot (com.fyp.resilientp2p/com.fyp.resilientp2p.MainActivity#3847)
12-07 21:41:28.661 16935 16494 I NearbyConnections: ClientProxy(com.fyp.resilientp2p) reporting onPayloadTransferUpdate(7KLU, -6580688562983210434, SUCCESS, 100%) processed(payloadListener:non-null isClientAlive:true)
12-07 21:41:28.661 16935 16494 I NearbyConnections: ClientProxy(com.fyp.resilientp2p) reporting onPayloadReceived(7KLU, -8112675985728030645), with result: DETAIL_SUCCESS
