12-07 21:41:28.662 16935 16494 I NearbyConnections: ClientProxy(com.fyp.resilientp2p) reporting onPayloadTransferUpdate(7KLU, -8112675985728030645, SUCCESS, 100%) processed(payloadListener:non-null isClientAlive:true)
12-07 21:41:28.663 16935 16494 I NearbyConnections: ClientProxy(com.fyp.resilientp2p) reporting onPayloadReceived(7KLU, -4909520889977327361), with result: DETAIL_SUCCESS
12-07 21:41:28.664 16935 16494 I NearbyConnections: ClientProxy(com.fyp.resilientp2p) reporting onPayloadTransferUpdate(7KLU, -4909520889977327361, SUCCESS, 100%) processed(payloadListener:non-null isClientAlive:true)
12-07 21:41:28.668 16935 16489 I NearbyConnections: ClientProxy(com.fyp.resilientp2p) reporting onPayloadTransferUpdate(7KLU, -5033585091638735353, SUCCESS, 100%) processed(payloadListener:non-null isClientAlive:true)
12-07 21:41:28.670 16935 16485 I NearbyConnections: ClientProxy(com.fyp.resilientp2p) reporting onPayloadTransferUpdate(7KLU, -7008710511570938855, SUCCESS, 100%) processed(payloadListener:non-null isClientAlive:true)
12-07 21:41:28.671 16935 16494 I NearbyConnections: ClientProxy(com.fyp.resilientp2p) reporting onPayloadReceived(7KLU, -4804943526650330442), with result: DETAIL_SUCCESS
12-07 21:41:28.671 16935 16494 I NearbyConnections: ClientProxy(com.fyp.resilientp2p) reporting onPayloadTransferUpdate(7KLU, -4804943526650330442, SUCCESS, 100%) processed(payloadListener:non-null isClientAlive:true)
12-07 21:41:28.737   807   807 I SurfaceFlinger: operator()(), mtkRenderCntDebug 259518, screenshot (com.fyp.resilientp2p/com.fyp.resilientp2p.MainActivity#3847)
12-07 21:41:29.962   782   854 I libPowerHal: [perfNotifyAppState] pack:com.fyp.resilientp2p, act:com.fyp.resilientp2p.MainActivity, state:5, pid:16167, uid:10282, fps:-1
12-07 21:41:33.033   807   807 I SurfaceFlinger: operator()(), mtkRenderCntDebug 259519, screenshot (com.fyp.resilientp2p/com.fyp.resilientp2p.MainActivity#3847)
12-07 21:41:34.709   807   807 I BufferQueueProducer: [com.fyp.resilientp2p/com.fyp.resilientp2p.MainActivity#3847](this:0xb400007df2c247c0,id:-1,api:0,p:-1,c:807) queueBuffer: fps=5.04 dur=6949.76 max=5994.58 min=16.21
12-07 21:41:34.714   807   807 I SurfaceFlinger: operator()(), mtkRenderCntDebug 259520, screenshot (com.fyp.resilientp2p/com.fyp.resilientp2p.MainActivity#3847)
12-07 21:41:34.814   807   807 I SurfaceFlinger: operator()(), mtkRenderCntDebug 259521, screenshot (com.fyp.resilientp2p/com.fyp.resilientp2p.MainActivity#3847)
12-07 21:41:34.915   807   807 I SurfaceFlinger: operator()(), mtkRenderCntDebug 259522, screenshot (com.fyp.resilientp2p/com.fyp.resilientp2p.MainActivity#3847)
12-07 21:41:34.965   782   854 I libPowerHal: [perfNotifyAppState] pack:com.fyp.resilientp2p, act:com.fyp.resilientp2p.MainActivity, state:5, pid:16167, uid:10282, fps:60
12-07 21:41:35.015   807   807 I SurfaceFlinger: operator()(), mtkRenderCntDebug 259523, screenshot (com.fyp.resilientp2p/com.fyp.resilientp2p.MainActivity#3847)
12-07 21:41:35.116   807   807 I SurfaceFlinger: operator()(), mtkRenderCntDebug 259524, screenshot (com.fyp.resilientp2p/com.fyp.resilientp2p.MainActivity#3847)
12-07 21:41:36.047   807   807 I SurfaceFlinger: operator()(), mtkRenderCntDebug 259525, screenshot (com.fyp.resilientp2p/com.fyp.resilientp2p.MainActivity#3847)
12-07 21:41:36.587 16935 16935 E NearbyMediums: MEDIUM_ERROR [SYSTEM][BLE][START_ADVERTISING][START_LEGACY_ADVERTISING_FAILED][UNKNOWN], service-id=com.fyp.resilientp2p
12-07 21:41:36.588 16935 16935 W NearbyMediums: Failed to start BLE Legacy advertising, service-id=com.fyp.resilientp2p, with advertiseData : AdvertiseData [mServiceUuids=[0000fef3-0000-1000-8000-00805f9b34fb], mServiceSolicitationUuids=[], mTransportDiscoveryData=[], mManufacturerSpecificData={}, mServiceData={}, mIncludeTxPowerLevel=false, mIncludeDeviceName=false], scanResponse : AdvertiseData [mServiceUuids=[], mServiceSolicitationUuids=[], mTransportDiscoveryData=[], mManufacturerSpecificData={}, mServiceData={0000fef3-0000-1000-8000-00805f9b34fb=[86, 81, 65, 65, 65, 103, 69, 65, 67, 65, 81, 65, 73, 65, 67, 53, 119, 113, 69, 84, 65, 78, 48]}, mIncludeTxPowerLevel=false, mIncludeDeviceName=false], advertiseSettings : AdvertisingSetParameters [connectable=true, isLegacy=true, isAnonymous=false, includeTxPower=false, primaryPhy=1, secondaryPhy=1, interval=400, txPowerLevel=1, ownAddressType=-1]
12-07 21:41:36.590 16935 16485 E NearbyMediums: MEDIUM_ERROR [SYSTEM][BLE][START_ADVERTISING][START_LEGACY_ADVERTISING_FAILED][EXECUTION_EXCEPTION], service-id=com.fyp.resilientp2p
12-07 21:41:36.969   782   854 I libPowerHal: [perfNotifyAppState] pack:com.fyp.resilientp2p, act:com.fyp.resilientp2p.MainActivity, state:5, pid:16167, uid:10282, fps:-1
12-07 21:41:37.742   807   807 I BufferQueueProducer: [com.fyp.resilientp2p/com.fyp.resilientp2p.MainActivity#3847](this:0xb400007df2c247c0,id:-1,api:0,p:-1,c:807) queueBuffer: fps=7.25 dur=3033.45 max=2657.40 min=16.50
12-07 21:41:37.747   807   807 I SurfaceFlinger: operator()(), mtkRenderCntDebug 259526, screenshot (com.fyp.resilientp2p/com.fyp.resilientp2p.MainActivity#3847)
12-07 21:41:37.849   807   807 I SurfaceFlinger: operator()(), mtkRenderCntDebug 259527, screenshot (com.fyp.resilientp2p/com.fyp.resilientp2p.MainActivity#3847)
12-07 21:41:48.133   807   807 I SurfaceFlinger: operator()(), mtkRenderCntDebug 259528, screenshot (com.fyp.resilientp2p/com.fyp.resilientp2p.MainActivity#3847)
12-07 21:41:51.166   807   807 I SurfaceFlinger: operator()(), mtkRenderCntDebug 259529, screenshot (com.fyp.resilientp2p/com.fyp.resilientp2p.MainActivity#3847)
12-07 21:41:52.704 16935 17025 I NearbyConnections: ClientProxy(com.fyp.resilientp2p) allow WebRtc to use mobile data.
12-07 21:41:52.707 16935 16494 I NearbyConnections: 259828889 com.fyp.resilientp2p startAdvertising in nc mode.
12-07 21:41:52.713 16935 16503 I NearbyConnections: Get local endpoint id from the existing localEndpointId:0U5B (last:RT97) for client 259828889(com.fyp.resilientp2p)
12-07 21:41:52.713 16935 16503 I NearbyConnections: generateRxInstantConnectionAdvBytes() returns null because the client (com.fyp.resilientp2p) is not allowed for an instant connection.
12-07 21:41:52.714 16935 16503 W NearbyConnections: Missing permission: com.fyp.resilientp2p does not have required permission android.permission.NFC
12-07 21:41:52.724  2271  5452 I bt_btif_sock_rfcomm: btsock_rfc_listen: Adding listening socket service_name: com.fyp.resilientp2p - channel: -1
12-07 21:41:52.726 16935 16503 I NearbyMediums: Started accepting Bluetooth Classic connections for com.fyp.resilientp2p.
12-07 21:41:52.742   807   807 I BufferQueueProducer: [com.fyp.resilientp2p/com.fyp.resilientp2p.MainActivity#3847](this:0xb400007df2c247c0,id:-1,api:0,p:-1,c:807) queueBuffer: fps=0.20 dur=14999.95 max=14938.53 min=16.95
12-07 21:41:52.747   807   807 I SurfaceFlinger: operator()(), mtkRenderCntDebug 259530, screenshot (com.fyp.resilientp2p/com.fyp.resilientp2p.MainActivity#3847)
12-07 21:41:52.806 16935 16503 I NearbyMediums: Started accepting BLE Gatt connections, service-id=com.fyp.resilientp2p
12-07 21:41:52.818 16935 16503 I NearbyMediums: Started accepting BLE L2CAP connections, service-id=com.fyp.resilientp2p
12-07 21:41:52.850   807   807 I SurfaceFlinger: operator()(), mtkRenderCntDebug 259531, screenshot (com.fyp.resilientp2p/com.fyp.resilientp2p.MainActivity#3847)
12-07 21:41:53.141 16935 16935 E NearbyMediums: MEDIUM_ERROR [SYSTEM][BLE][START_ADVERTISING][START_LEGACY_ADVERTISING_FAILED][UNKNOWN], service-id=com.fyp.resilientp2p
12-07 21:41:53.142 16935 16935 W NearbyMediums: Failed to start BLE Legacy advertising, service-id=com.fyp.resilientp2p, with advertiseData : AdvertiseData [mServiceUuids=[0000fef3-0000-1000-8000-00805f9b34fb], mServiceSolicitationUuids=[], mTransportDiscoveryData=[], mManufacturerSpecificData={}, mServiceData={}, mIncludeTxPowerLevel=false, mIncludeDeviceName=false], scanResponse : AdvertiseData [mServiceUuids=[], mServiceSolicitationUuids=[], mTransportDiscoveryData=[], mManufacturerSpecificData={}, mServiceData={0000fef3-0000-1000-8000-00805f9b34fb=[74, 23, 35, 49, 75, 74, 81, 17, 52, -11, 110, -60, -78, 7, 19, 114, -92, -36, 29, -88, -109, -93, 40, -37, 61, 42, -42]}, mIncludeTxPowerLevel=false, mIncludeDeviceName=false], advertiseSettings : AdvertisingSetParameters [connectable=true, isLegacy=true, isAnonymous=false, includeTxPower=false, primaryPhy=1, secondaryPhy=1, interval=160, txPowerLevel=1, ownAddressType=-1]
12-07 21:41:53.143 16935 16503 E NearbyMediums: MEDIUM_ERROR [SYSTEM][BLE][START_ADVERTISING][START_LEGACY_ADVERTISING_FAILED][EXECUTION_EXCEPTION], service-id=com.fyp.resilientp2p
12-07 21:41:53.164 16935 16935 E NearbyMediums: MEDIUM_ERROR [SYSTEM][BLE][START_ADVERTISING][START_LEGACY_ADVERTISING_FAILED][UNKNOWN], service-id=com.fyp.resilientp2p
12-07 21:41:53.165 16935 16935 W NearbyMediums: Failed to start BLE Legacy advertising, service-id=com.fyp.resilientp2p, with advertiseData : AdvertiseData [mServiceUuids=[0000fef3-0000-1000-8000-00805f9b34fb], mServiceSolicitationUuids=[], mTransportDiscoveryData=[], mManufacturerSpecificData={}, mServiceData={}, mIncludeTxPowerLevel=false, mIncludeDeviceName=false], scanResponse : AdvertiseData [mServiceUuids=[], mServiceSolicitationUuids=[], mTransportDiscoveryData=[], mManufacturerSpecificData={}, mServiceData={0000fef3-0000-1000-8000-00805f9b34fb=[86, 82, 65, 81, 67, 65, 67, 65, 103, 65, 65, 81, 67, 66, 67, 119, 103, 122, 81, 89, 65, 78, 52]}, mIncludeTxPowerLevel=false, mIncludeDeviceName=false], advertiseSettings : AdvertisingSetParameters [connectable=true, isLegacy=true, isAnonymous=false, includeTxPower=false, primaryPhy=1, secondaryPhy=1, interval=160, txPowerLevel=1, ownAddressType=-1]
12-07 21:41:53.166 16935 16503 E NearbyMediums: MEDIUM_ERROR [SYSTEM][BLE][START_ADVERTISING][START_LEGACY_ADVERTISING_FAILED][EXECUTION_EXCEPTION], service-id=com.fyp.resilientp2p
12-07 21:41:53.168 16935 16503 I NearbyMediums: Successfully started BLE advertising of size 24 for service com.fyp.resilientp2p, deviceToken : [ 0x2a 0xd6 ].
12-07 21:41:53.179 16935 16503 I NearbyMediums: Successfully bound ServerSocket for service com.fyp.resilientp2p to the stable port 51559.
12-07 21:41:54.065 16935 16503 I NearbyMediums: Successfully advertised IjBVNUI6nt4AAA on serviceID com.fyp.resilientp2p over Wifi LAN.
12-07 21:41:54.067 16935 16503 W NearbyConnections: In startUsbAdvertising([ 0x54 0x42 0x31 0x33 0x32 0x46 0x55 ]), client 259828889 failed to start listening for incoming USB connections to ServiceId com.fyp.resilientp2p
12-07 21:41:54.074 16935 16503 I NearbyMediums: [WifiNetworkV2] WifiStatusChangedCallback registered for com.fyp.resilientp2p (wifiStatusChangedCallbacks.size:2)
12-07 21:41:54.076 16935 16503 I NearbyConnections: Get local endpoint id from the existing localEndpointId:0U5B (last:RT97) for client 259828889(com.fyp.resilientp2p)
12-07 21:41:54.109   807   807 I BufferQueueProducer: [com.fyp.resilientp2p/com.fyp.resilientp2p.MainActivity#3847](this:0xb400007df2c247c0,id:-1,api:0,p:-1,c:807) queueBuffer: fps=2.19 dur=1366.78 max=1313.02 min=17.09
12-07 21:41:54.114   807   807 I SurfaceFlinger: operator()(), mtkRenderCntDebug 259532, screenshot (com.fyp.resilientp2p/com.fyp.resilientp2p.MainActivity#3847)
12-07 21:41:54.215   807   807 I SurfaceFlinger: operator()(), mtkRenderCntDebug 259533, screenshot (com.fyp.resilientp2p/com.fyp.resilientp2p.MainActivity#3847)
12-07 21:41:58.163 16935 16935 E NearbyMediums: MEDIUM_ERROR [SYSTEM][BLE][START_ADVERTISING][START_LEGACY_ADVERTISING_FAILED][UNKNOWN], service-id=com.fyp.resilientp2p
12-07 21:41:58.164 16935 16935 W NearbyMediums: Failed to start BLE Legacy advertising, service-id=com.fyp.resilientp2p, with advertiseData : AdvertiseData [mServiceUuids=[0000fef3-0000-1000-8000-00805f9b34fb], mServiceSolicitationUuids=[], mTransportDiscoveryData=[], mManufacturerSpecificData={}, mServiceData={}, mIncludeTxPowerLevel=false, mIncludeDeviceName=false], scanResponse : AdvertiseData [mServiceUuids=[], mServiceSolicitationUuids=[], mTransportDiscoveryData=[], mManufacturerSpecificData={}, mServiceData={0000fef3-0000-1000-8000-00805f9b34fb=[74, 23, 35, 49, 75, 74, 81, 17, 52, -11, 110, -60, -78, 7, 19, 114, -92, -36, 29, -88, -109, -93, 40, -37, 61, 42, -42]}, mIncludeTxPowerLevel=false, mIncludeDeviceName=false], advertiseSettings : AdvertisingSetParameters [connectable=true, isLegacy=true, isAnonymous=false, includeTxPower=false, primaryPhy=1, secondaryPhy=1, interval=160, txPowerLevel=1, ownAddressType=-1]
12-07 21:41:58.166 16935 16494 E NearbyMediums: MEDIUM_ERROR [SYSTEM][BLE][START_ADVERTISING][START_LEGACY_ADVERTISING_FAILED][EXECUTION_EXCEPTION], service-id=com.fyp.resilientp2p
12-07 21:41:58.186 16935 16935 E NearbyMediums: MEDIUM_ERROR [SYSTEM][BLE][START_ADVERTISING][START_LEGACY_ADVERTISING_FAILED][UNKNOWN], service-id=com.fyp.resilientp2p
12-07 21:41:58.188 16935 16935 W NearbyMediums: Failed to start BLE Legacy advertising, service-id=com.fyp.resilientp2p, with advertiseData : AdvertiseData [mServiceUuids=[0000fef3-0000-1000-8000-00805f9b34fb], mServiceSolicitationUuids=[], mTransportDiscoveryData=[], mManufacturerSpecificData={}, mServiceData={}, mIncludeTxPowerLevel=false, mIncludeDeviceName=false], scanResponse : AdvertiseData [mServiceUuids=[], mServiceSolicitationUuids=[], mTransportDiscoveryData=[], mManufacturerSpecificData={}, mServiceData={0000fef3-0000-1000-8000-00805f9b34fb=[86, 82, 65, 81, 67, 65, 67, 65, 103, 65, 65, 81, 67, 66, 67, 119, 103, 122, 81, 89, 65, 78, 52]}, mIncludeTxPowerLevel=false, mIncludeDeviceName=false], advertiseSettings : AdvertisingSetParameters [connectable=true, isLegacy=true, isAnonymous=false, includeTxPower=false, primaryPhy=1, secondaryPhy=1, interval=160, txPowerLevel=1, ownAddressType=-1]
12-07 21:41:58.190 16935 16494 E NearbyMediums: MEDIUM_ERROR [SYSTEM][BLE][START_ADVERTISING][START_LEGACY_ADVERTISING_FAILED][EXECUTION_EXCEPTION], service-id=com.fyp.resilientp2p
12-07 21:42:00.101   807   807 I SurfaceFlinger: operator()(), mtkRenderCntDebug 259534, screenshot (com.fyp.resilientp2p/com.fyp.resilientp2p.MainActivity#3847)
12-07 21:42:02.787 16935 16935 E NearbyMediums: MEDIUM_ERROR [SYSTEM][BLE][START_ADVERTISING][START_LEGACY_ADVERTISING_FAILED][UNKNOWN], service-id=com.fyp.resilientp2p
12-07 21:42:02.788 16935 16935 W NearbyMediums: Failed to start BLE Legacy advertising, service-id=com.fyp.resilientp2p, with advertiseData : AdvertiseData [mServiceUuids=[0000fef3-0000-1000-8000-00805f9b34fb], mServiceSolicitationUuids=[], mTransportDiscoveryData=[], mManufacturerSpecificData={}, mServiceData={}, mIncludeTxPowerLevel=false, mIncludeDeviceName=false], scanResponse : AdvertiseData [mServiceUuids=[], mServiceSolicitationUuids=[], mTransportDiscoveryData=[], mManufacturerSpecificData={}, mServiceData={0000fef3-0000-1000-8000-00805f9b34fb=[86, 81, 67, 65, 85, 103, 65, 103, 65, 65, 65, 65, 65, 65, 65, 57, 83, 87, 100, 79, 65, 78, 52]}, mIncludeTxPowerLevel=false, mIncludeDeviceName=false], advertiseSettings : AdvertisingSetParameters [connectable=true, isLegacy=true, isAnonymous=false, includeTxPower=false, primaryPhy=1, secondaryPhy=1, interval=400, txPowerLevel=1, ownAddressType=-1]
12-07 21:42:02.791 16935 16494 E NearbyMediums: MEDIUM_ERROR [SYSTEM][BLE][START_ADVERTISING][START_LEGACY_ADVERTISING_FAILED][EXECUTION_EXCEPTION], service-id=com.fyp.resilientp2p
12-07 21:42:02.793   807   807 I BufferQueueProducer: [com.fyp.resilientp2p/com.fyp.resilientp2p.MainActivity#3847](this:0xb400007df2c247c0,id:-1,api:0,p:-1,c:807) queueBuffer: fps=0.46 dur=8683.53 max=8612.58 min=16.61
12-07 21:42:02.796 16935 16494 I NearbyMediums: Successfully stopped BLE advertising for service com.fyp.resilientp2p
12-07 21:42:02.799   807   807 I SurfaceFlinger: operator()(), mtkRenderCntDebug 259535, screenshot (com.fyp.resilientp2p/com.fyp.resilientp2p.MainActivity#3847)
12-07 21:42:02.800 16935 16494 I NearbyMediums: Close BLE L2CAP server socket, service-id=com.fyp.resilientp2p
12-07 21:42:02.811 16935 16494 I NearbyMediums: Close BLE GATT server socket, service-id=com.fyp.resilientp2p
12-07 21:42:02.856 16935 16494 I NearbyMediums: Stopped accepting Bluetooth Classic connections for com.fyp.resilientp2p.
12-07 21:42:02.864 16935 16494 I NearbyMediums: Skipping stop accepting connections: we are not currently accepting WebRTC connections for com.fyp.resilientp2p.
12-07 21:42:02.864 16935 16494 I NearbyMediums: [WifiNetworkV2] WifiStatusChangedCallback unregistered for com.fyp.resilientp2p (wifiStatusChangedCallbacks.size:1)
12-07 21:42:02.865 16935 16507 E NearbyMediums: MEDIUM_ERROR [SYSTEM][WIFI_LAN][START_LISTENING_INCOMING_CONNECTION][ACCEPT_CONNECTION_FAILED][SOCKET_CLOSED], service-id=com.fyp.resilientp2p
12-07 21:42:02.866 16935 16494 I NearbyConnections: [InstantConnectionPcpMgr] In invalidateTxAdvertisementScanning(by stopAdvertising) tx advertisement scanning skipped or stopped for endpointId: serviceId:com.fyp.resilientp2p isScreenUnlocked:true isAdvertising:false powerLevel:HIGH isTxScanning:false
12-07 21:42:02.899   807   807 I SurfaceFlinger: operator()(), mtkRenderCntDebug 259536, screenshot (com.fyp.resilientp2p/com.fyp.resilientp2p.MainActivity#3847)
12-07 21:42:05.583   807   807 I SurfaceFlinger: operator()(), mtkRenderCntDebug 259537, screenshot (com.fyp.resilientp2p/com.fyp.resilientp2p.MainActivity#3847)
12-07 21:42:06.943   807   807 I BufferQueueProducer: [com.fyp.resilientp2p/com.fyp.resilientp2p.MainActivity#3847](this:0xb400007df2c247c0,id:-1,api:0,p:-1,c:807) queueBuffer: fps=0.72 dur=4150.09 max=4090.53 min=9.77
12-07 21:42:06.949   807   807 I SurfaceFlinger: operator()(), mtkRenderCntDebug 259538, screenshot (com.fyp.resilientp2p/com.fyp.resilientp2p.MainActivity#3847)
12-07 21:42:07.051   807   807 I SurfaceFlinger: operator()(), mtkRenderCntDebug 259539, screenshot (com.fyp.resilientp2p/com.fyp.resilientp2p.MainActivity#3847)
12-07 21:42:07.141   782   854 I libPowerHal: [perfNotifyAppState] pack:com.fyp.resilientp2p, act:com.fyp.resilientp2p.MainActivity, state:5, pid:16167, uid:10282, fps:60
12-07 21:42:07.151   807   807 I SurfaceFlinger: operator()(), mtkRenderCntDebug 259540, screenshot (com.fyp.resilientp2p/com.fyp.resilientp2p.MainActivity#3847)
12-07 21:42:07.252   807   807 I SurfaceFlinger: operator()(), mtkRenderCntDebug 259541, screenshot (com.fyp.resilientp2p/com.fyp.resilientp2p.MainActivity#3847)
12-07 21:42:07.354   807   807 I SurfaceFlinger: operator()(), mtkRenderCntDebug 259542, screenshot (com.fyp.resilientp2p/com.fyp.resilientp2p.MainActivity#3847)
12-07 21:42:07.817 16935 16935 E NearbyMediums: MEDIUM_ERROR [SYSTEM][BLE][START_ADVERTISING][START_LEGACY_ADVERTISING_FAILED][UNKNOWN], service-id=com.fyp.resilientp2p
12-07 21:42:07.818 16935 16935 W NearbyMediums: Failed to start BLE Legacy advertising, service-id=com.fyp.resilientp2p, with advertiseData : AdvertiseData [mServiceUuids=[0000fef3-0000-1000-8000-00805f9b34fb], mServiceSolicitationUuids=[], mTransportDiscoveryData=[], mManufacturerSpecificData={}, mServiceData={}, mIncludeTxPowerLevel=false, mIncludeDeviceName=false], scanResponse : AdvertiseData [mServiceUuids=[], mServiceSolicitationUuids=[], mTransportDiscoveryData=[], mManufacturerSpecificData={}, mServiceData={0000fef3-0000-1000-8000-00805f9b34fb=[86, 81, 67, 65, 85, 103, 65, 103, 65, 65, 65, 65, 65, 65, 65, 57, 83, 87, 100, 79, 65, 78, 52]}, mIncludeTxPowerLevel=false, mIncludeDeviceName=false], advertiseSettings : AdvertisingSetParameters [connectable=true, isLegacy=true, isAnonymous=false, includeTxPower=false, primaryPhy=1, secondaryPhy=1, interval=400, txPowerLevel=1, ownAddressType=-1]
12-07 21:42:07.820 16935 16494 E NearbyMediums: MEDIUM_ERROR [SYSTEM][BLE][START_ADVERTISING][START_LEGACY_ADVERTISING_FAILED][EXECUTION_EXCEPTION], service-id=com.fyp.resilientp2p
12-07 21:42:09.143   782   854 I libPowerHal: [perfNotifyAppState] pack:com.fyp.resilientp2p, act:com.fyp.resilientp2p.MainActivity, state:5, pid:16167, uid:10282, fps:-1
12-07 21:42:09.690 16935 16497 E NearbyMediums: MEDIUM_ERROR [NETWORK][WIFI_LAN][RECEIVE_PAYLOAD][RECEIVE_PAYLOAD_FAILED][NULL_MESSAGE], service-id=com.fyp.resilientp2p
12-07 21:42:10.109   807   807 I BufferQueueProducer: [com.fyp.resilientp2p/com.fyp.resilientp2p.MainActivity#3847](this:0xb400007df2c247c0,id:-1,api:0,p:-1,c:807) queueBuffer: fps=6.63 dur=3166.69 max=2820.66 min=12.15
12-07 21:42:10.116   807   807 I SurfaceFlinger: operator()(), mtkRenderCntDebug 259543, screenshot (com.fyp.resilientp2p/com.fyp.resilientp2p.MainActivity#3847)
12-07 21:42:10.218   807   807 I SurfaceFlinger: operator()(), mtkRenderCntDebug 259544, screenshot (com.fyp.resilientp2p/com.fyp.resilientp2p.MainActivity#3847)
12-07 21:42:15.343 16935 16935 E NearbyMediums: MEDIUM_ERROR [SYSTEM][BLE][START_ADVERTISING][START_LEGACY_ADVERTISING_FAILED][UNKNOWN], service-id=com.fyp.resilientp2p
12-07 21:42:15.344 16935 16935 W NearbyMediums: Failed to start BLE Legacy advertising, service-id=com.fyp.resilientp2p, with advertiseData : AdvertiseData [mServiceUuids=[0000fef3-0000-1000-8000-00805f9b34fb], mServiceSolicitationUuids=[], mTransportDiscoveryData=[], mManufacturerSpecificData={}, mServiceData={}, mIncludeTxPowerLevel=false, mIncludeDeviceName=false], scanResponse : AdvertiseData [mServiceUuids=[], mServiceSolicitationUuids=[], mTransportDiscoveryData=[], mManufacturerSpecificData={}, mServiceData={0000fef3-0000-1000-8000-00805f9b34fb=[86, 81, 67, 65, 85, 103, 65, 103, 65, 65, 65, 65, 65, 65, 65, 57, 83, 87, 100, 79, 65, 78, 52]}, mIncludeTxPowerLevel=false, mIncludeDeviceName=false], advertiseSettings : AdvertisingSetParameters [connectable=true, isLegacy=true, isAnonymous=false, includeTxPower=false, primaryPhy=1, secondaryPhy=1, interval=400, txPowerLevel=1, ownAddressType=-1]
12-07 21:42:15.345 16935 16498 E NearbyMediums: MEDIUM_ERROR [SYSTEM][BLE][START_ADVERTISING][START_LEGACY_ADVERTISING_FAILED][EXECUTION_EXCEPTION], service-id=com.fyp.resilientp2p
12-07 21:42:17.717 16935 16498 I NearbyConnections: 259828889 com.fyp.resilientp2p startDiscovery in nc mode.
12-07 21:42:17.742 16935 16497 W NearbyConnections: Missing permission: com.fyp.resilientp2p does not have required permission android.permission.NFC
12-07 21:42:17.776   807   807 I BufferQueueProducer: [com.fyp.resilientp2p/com.fyp.resilientp2p.MainActivity#3847](this:0xb400007df2c247c0,id:-1,api:0,p:-1,c:807) queueBuffer: fps=0.39 dur=7666.89 max=7600.64 min=16.41
12-07 21:42:17.785   807   807 I SurfaceFlinger: operator()(), mtkRenderCntDebug 259545, screenshot (com.fyp.resilientp2p/com.fyp.resilientp2p.MainActivity#3847)
12-07 21:42:17.810 16935 16497 I NearbyMediums: Started BLE scanning, service-id=com.fyp.resilientp2p, is-extended-advert=true, power-level=3, scan-mode=low-latency
12-07 21:42:17.812 16935 16497 I NearbyConnections: Pause bluetooth discovery for service id : com.fyp.resilientp2p
12-07 21:42:17.838 16935 16497 I NearbyMediums: Successfully started Wifi LAN discovery for serviceID com.fyp.resilientp2p.
12-07 21:42:17.843 16935 16497 I NearbyConnections: In startUsbDiscovery(), client 259828889 couldn't start scanning on USB for serviceId com.fyp.resilientp2p.
12-07 21:42:17.885   807   807 I SurfaceFlinger: operator()(), mtkRenderCntDebug 259546, screenshot (com.fyp.resilientp2p/com.fyp.resilientp2p.MainActivity#3847)
12-07 21:42:17.985   807   807 I SurfaceFlinger: operator()(), mtkRenderCntDebug 259547, screenshot (com.fyp.resilientp2p/com.fyp.resilientp2p.MainActivity#3847)
12-07 21:42:18.086   807   807 I SurfaceFlinger: operator()(), mtkRenderCntDebug 259548, screenshot (com.fyp.resilientp2p/com.fyp.resilientp2p.MainActivity#3847)
12-07 21:42:18.152   782   854 I libPowerHal: [perfNotifyAppState] pack:com.fyp.resilientp2p, act:com.fyp.resilientp2p.MainActivity, state:5, pid:16167, uid:10282, fps:60
12-07 21:42:18.187   807   807 I SurfaceFlinger: operator()(), mtkRenderCntDebug 259549, screenshot (com.fyp.resilientp2p/com.fyp.resilientp2p.MainActivity#3847)
12-07 21:42:18.288   807   807 I SurfaceFlinger: operator()(), mtkRenderCntDebug 259550, screenshot (com.fyp.resilientp2p/com.fyp.resilientp2p.MainActivity#3847)
12-07 21:42:18.389   807   807 I SurfaceFlinger: operator()(), mtkRenderCntDebug 259551, screenshot (com.fyp.resilientp2p/com.fyp.resilientp2p.MainActivity#3847)
12-07 21:42:20.153   782   854 I libPowerHal: [perfNotifyAppState] pack:com.fyp.resilientp2p, act:com.fyp.resilientp2p.MainActivity, state:5, pid:16167, uid:10282, fps:-1
12-07 21:42:24.350   807   807 I SurfaceFlinger: operator()(), mtkRenderCntDebug 259552, screenshot (com.fyp.resilientp2p/com.fyp.resilientp2p.MainActivity#3847)
12-07 21:42:25.815 16935 16503 I NearbyMediums: Current Tracked Scanning Clients are : {NearbyConnections.EnvironmentMonitor, NearbySharing, NearbyConnections.TxAdvertisement, com.fyp.resilientp2p}
12-07 21:42:25.916   807   807 I SurfaceFlinger: operator()(), mtkRenderCntDebug 259553, screenshot (com.fyp.resilientp2p/com.fyp.resilientp2p.MainActivity#3847)
12-07 21:42:26.619 16935 16935 E NearbyMediums: MEDIUM_ERROR [SYSTEM][BLE][START_ADVERTISING][START_LEGACY_ADVERTISING_FAILED][UNKNOWN], service-id=com.fyp.resilientp2p
12-07 21:42:26.620 16935 16935 W NearbyMediums: Failed to start BLE Legacy advertising, service-id=com.fyp.resilientp2p, with advertiseData : AdvertiseData [mServiceUuids=[0000fef3-0000-1000-8000-00805f9b34fb], mServiceSolicitationUuids=[], mTransportDiscoveryData=[], mManufacturerSpecificData={}, mServiceData={}, mIncludeTxPowerLevel=false, mIncludeDeviceName=false], scanResponse : AdvertiseData [mServiceUuids=[], mServiceSolicitationUuids=[], mTransportDiscoveryData=[], mManufacturerSpecificData={}, mServiceData={0000fef3-0000-1000-8000-00805f9b34fb=[86, 81, 67, 65, 85, 103, 65, 103, 65, 65, 65, 65, 65, 65, 65, 57, 83, 87, 100, 79, 65, 78, 52]}, mIncludeTxPowerLevel=false, mIncludeDeviceName=false], advertiseSettings : AdvertisingSetParameters [connectable=true, isLegacy=true, isAnonymous=false, includeTxPower=false, primaryPhy=1, secondaryPhy=1, interval=400, txPowerLevel=1, ownAddressType=-1]
12-07 21:42:26.622 16935 16503 E NearbyMediums: MEDIUM_ERROR [SYSTEM][BLE][START_ADVERTISING][START_LEGACY_ADVERTISING_FAILED][EXECUTION_EXCEPTION], service-id=com.fyp.resilientp2p
12-07 21:42:27.762 16935 16503 I NearbyMediums: Stopped BLE scanning, service-id=com.fyp.resilientp2p
12-07 21:42:27.842   807   807 I BufferQueueProducer: [com.fyp.resilientp2p/com.fyp.resilientp2p.MainActivity#3847](this:0xb400007df2c247c0,id:-1,api:0,p:-1,c:807) queueBuffer: fps=2.68 dur=10066.13 max=9545.85 min=16.25
12-07 21:42:27.849   807   807 I SurfaceFlinger: operator()(), mtkRenderCntDebug 259554, screenshot (com.fyp.resilientp2p/com.fyp.resilientp2p.MainActivity#3847)
12-07 21:42:27.950   807   807 I SurfaceFlinger: operator()(), mtkRenderCntDebug 259555, screenshot (com.fyp.resilientp2p/com.fyp.resilientp2p.MainActivity#3847)
12-07 21:42:28.050   807   807 I SurfaceFlinger: operator()(), mtkRenderCntDebug 259556, screenshot (com.fyp.resilientp2p/com.fyp.resilientp2p.MainActivity#3847)
12-07 21:42:28.151   807   807 I SurfaceFlinger: operator()(), mtkRenderCntDebug 259557, screenshot (com.fyp.resilientp2p/com.fyp.resilientp2p.MainActivity#3847)
12-07 21:42:28.164   782   854 I libPowerHal: [perfNotifyAppState] pack:com.fyp.resilientp2p, act:com.fyp.resilientp2p.MainActivity, state:5, pid:16167, uid:10282, fps:60
12-07 21:42:28.252   807   807 I SurfaceFlinger: operator()(), mtkRenderCntDebug 259558, screenshot (com.fyp.resilientp2p/com.fyp.resilientp2p.MainActivity#3847)
12-07 21:42:29.166   782   854 I libPowerHal: [perfNotifyAppState] pack:com.fyp.resilientp2p, act:com.fyp.resilientp2p.MainActivity, state:5, pid:16167, uid:10282, fps:-1
12-07 21:42:30.399   807   807 I SurfaceFlinger: operator()(), mtkRenderCntDebug 259559, screenshot (com.fyp.resilientp2p/com.fyp.resilientp2p.MainActivity#3847)
12-07 21:42:36.450   807   807 I SurfaceFlinger: operator()(), mtkRenderCntDebug 259560, screenshot (com.fyp.resilientp2p/com.fyp.resilientp2p.MainActivity#3847)
12-07 21:42:42.483   807   807 I SurfaceFlinger: operator()(), mtkRenderCntDebug 259561, screenshot (com.fyp.resilientp2p/com.fyp.resilientp2p.MainActivity#3847)
12-07 21:42:42.734 16935 16503 I NearbyConnections: 259828889 com.fyp.resilientp2p startDiscovery in nc mode.
12-07 21:42:42.757 16935 16497 W NearbyConnections: Missing permission: com.fyp.resilientp2p does not have required permission android.permission.NFC
12-07 21:42:42.798 16935 16497 I NearbyMediums: Started BLE scanning, service-id=com.fyp.resilientp2p, is-extended-advert=true, power-level=3, scan-mode=low-latency
12-07 21:42:42.800 16935 16497 I NearbyConnections: Pause bluetooth discovery for service id : com.fyp.resilientp2p
12-07 21:42:42.824 16935 16497 I NearbyMediums: Successfully started Wifi LAN discovery for serviceID com.fyp.resilientp2p.
12-07 21:42:42.826   807   807 I BufferQueueProducer: [com.fyp.resilientp2p/com.fyp.resilientp2p.MainActivity#3847](this:0xb400007df2c247c0,id:-1,api:0,p:-1,c:807) queueBuffer: fps=1.47 dur=14983.83 max=14606.16 min=16.14
12-07 21:42:42.829 16935 16497 I NearbyConnections: In startUsbDiscovery(), client 259828889 couldn't start scanning on USB for serviceId com.fyp.resilientp2p.
12-07 21:42:42.831   807   807 I SurfaceFlinger: operator()(), mtkRenderCntDebug 259562, screenshot (com.fyp.resilientp2p/com.fyp.resilientp2p.MainActivity#3847)
12-07 21:42:42.945   807   807 I SurfaceFlinger: operator()(), mtkRenderCntDebug 259563, screenshot (com.fyp.resilientp2p/com.fyp.resilientp2p.MainActivity#3847)
12-07 21:42:43.049   807   807 I SurfaceFlinger: operator()(), mtkRenderCntDebug 259564, screenshot (com.fyp.resilientp2p/com.fyp.resilientp2p.MainActivity#3847)
12-07 21:42:43.152   807   807 I SurfaceFlinger: operator()(), mtkRenderCntDebug 259565, screenshot (com.fyp.resilientp2p/com.fyp.resilientp2p.MainActivity#3847)
12-07 21:42:43.209 16935 16497 I NearbyConnections: ClientProxy(259828889 com.fyp.resilientp2p) reporting onEndpointFound(7KLU)
12-07 21:42:43.213 16935 17025 I NearbyConnections: ClientProxy(com.fyp.resilientp2p) allow WebRtc to use mobile data.
12-07 21:42:43.241 16935 16536 I NearbyConnections: In requestConnection(), client com.fyp.resilientp2p attempting to connect to endpoint 7KLU over mediums [WIFI_LAN, BLUETOOTH].
12-07 21:42:43.253   807   807 I SurfaceFlinger: operator()(), mtkRenderCntDebug 259566, screenshot (com.fyp.resilientp2p/com.fyp.resilientp2p.MainActivity#3847)
12-07 21:42:43.283 16935 16536 I NearbyConnections: Get local endpoint id from the existing localEndpointId:L9ZV (last:null) for client 259828889(com.fyp.resilientp2p)
12-07 21:42:43.354   807   807 I SurfaceFlinger: operator()(), mtkRenderCntDebug 259567, screenshot (com.fyp.resilientp2p/com.fyp.resilientp2p.MainActivity#3847)
12-07 21:42:43.463   782   854 I libPowerHal: [perfNotifyAppState] pack:com.fyp.resilientp2p, act:com.fyp.resilientp2p.MainActivity, state:5, pid:16167, uid:10282, fps:60
12-07 21:42:43.464 16935 16533 I NearbyConnections: Get local endpoint id from the existing localEndpointId:L9ZV (last:null) for client 259828889(com.fyp.resilientp2p)
12-07 21:42:43.470 16935 16533 I NearbyConnections: Get local endpoint id from the existing localEndpointId:L9ZV (last:null) for client 259828889(com.fyp.resilientp2p)
12-07 21:42:43.519 16935 16935 E NearbyMediums: MEDIUM_ERROR [SYSTEM][BLE][START_ADVERTISING][START_LEGACY_ADVERTISING_FAILED][UNKNOWN], service-id=com.fyp.resilientp2p
12-07 21:42:43.520 16935 16935 W NearbyMediums: Failed to start BLE Legacy advertising, service-id=com.fyp.resilientp2p, with advertiseData : AdvertiseData [mServiceUuids=[0000fef3-0000-1000-8000-00805f9b34fb], mServiceSolicitationUuids=[], mTransportDiscoveryData=[], mManufacturerSpecificData={}, mServiceData={}, mIncludeTxPowerLevel=false, mIncludeDeviceName=false], scanResponse : AdvertiseData [mServiceUuids=[], mServiceSolicitationUuids=[], mTransportDiscoveryData=[], mManufacturerSpecificData={}, mServiceData={0000fef3-0000-1000-8000-00805f9b34fb=[86, 81, 67, 65, 85, 103, 65, 103, 65, 65, 65, 65, 65, 65, 65, 57, 83, 87, 100, 79, 65, 78, 52]}, mIncludeTxPowerLevel=false, mIncludeDeviceName=false], advertiseSettings : AdvertisingSetParameters [connectable=true, isLegacy=true, isAnonymous=false, includeTxPower=false, primaryPhy=1, secondaryPhy=1, interval=400, txPowerLevel=1, ownAddressType=-1]
12-07 21:42:43.521 16935 16497 E NearbyMediums: MEDIUM_ERROR [SYSTEM][BLE][START_ADVERTISING][START_LEGACY_ADVERTISING_FAILED][EXECUTION_EXCEPTION], service-id=com.fyp.resilientp2p
12-07 21:42:43.535   807   807 I SurfaceFlinger: operator()(), mtkRenderCntDebug 259568, screenshot (com.fyp.resilientp2p/com.fyp.resilientp2p.MainActivity#3847)
12-07 21:42:43.581 16935 16497 I NearbyMediums: Stopped BLE scanning, service-id=com.fyp.resilientp2p
12-07 21:42:43.589 16935 16539 I NearbyConnections: ClientProxy(com.fyp.resilientp2p) reporting onPayloadTransferUpdate(7KLU, -6576401556973697814, SUCCESS, 100%) processed(payloadListener:non-null isClientAlive:true)
12-07 21:42:43.636   807   807 I SurfaceFlinger: operator()(), mtkRenderCntDebug 259569, screenshot (com.fyp.resilientp2p/com.fyp.resilientp2p.MainActivity#3847)
12-07 21:42:43.766 16935 16533 I NearbyConnections: ClientProxy(com.fyp.resilientp2p) reporting onPayloadReceived(7KLU, -8836188988716486619), with result: DETAIL_SUCCESS
12-07 21:42:43.781 16935 16533 I NearbyConnections: ClientProxy(com.fyp.resilientp2p) reporting onPayloadTransferUpdate(7KLU, -9155043786444686956, SUCCESS, 100%) processed(payloadListener:non-null isClientAlive:true)
12-07 21:42:43.807 16935 16539 I NearbyConnections: ClientProxy(com.fyp.resilientp2p) reporting onPayloadTransferUpdate(7KLU, -8836188988716486619, SUCCESS, 100%) processed(payloadListener:non-null isClientAlive:true)
12-07 21:42:43.809 16935 16539 I NearbyConnections: ClientProxy(com.fyp.resilientp2p) reporting onPayloadReceived(7KLU, -8024213777133536786), with result: DETAIL_SUCCESS
12-07 21:42:43.810 16935 16539 I NearbyConnections: ClientProxy(com.fyp.resilientp2p) reporting onPayloadTransferUpdate(7KLU, -8024213777133536786, SUCCESS, 100%) processed(payloadListener:non-null isClientAlive:true)
12-07 21:42:43.812 16935 16539 I NearbyConnections: ClientProxy(com.fyp.resilientp2p) reporting onPayloadReceived(7KLU, -4885956574149765402), with result: DETAIL_SUCCESS
12-07 21:42:43.819   807   807 I SurfaceFlinger: operator()(), mtkRenderCntDebug 259570, screenshot (com.fyp.resilientp2p/com.fyp.resilientp2p.MainActivity#3847)
12-07 21:42:43.820 16935 16539 I NearbyConnections: ClientProxy(com.fyp.resilientp2p) reporting onPayloadTransferUpdate(7KLU, -4885956574149765402, SUCCESS, 100%) processed(payloadListener:non-null isClientAlive:true)
12-07 21:42:43.832 16935 16533 I NearbyConnections: ClientProxy(com.fyp.resilientp2p) reporting onPayloadTransferUpdate(7KLU, -7600317256702850258, SUCCESS, 100%) processed(payloadListener:non-null isClientAlive:true)
12-07 21:42:43.843 16935 16533 I NearbyConnections: ClientProxy(com.fyp.resilientp2p) reporting onPayloadReceived(7KLU, -7536223766094039007), with result: DETAIL_SUCCESS
12-07 21:42:43.845 16935 16533 I NearbyConnections: ClientProxy(com.fyp.resilientp2p) reporting onPayloadTransferUpdate(7KLU, -7536223766094039007, SUCCESS, 100%) processed(payloadListener:non-null isClientAlive:true)
12-07 21:42:43.847   807   807 I BufferQueueProducer: [com.fyp.resilientp2p/com.fyp.resilientp2p.MainActivity#3847](this:0xb400007df2c247c0,id:-1,api:0,p:-1,c:807) queueBuffer: fps=27.44 dur=1020.36 max=233.31 min=16.30
12-07 21:42:43.852 16935 16533 I NearbyConnections: ClientProxy(com.fyp.resilientp2p) reporting onPayloadTransferUpdate(7KLU, -4900947671038119395, SUCCESS, 100%) processed(payloadListener:non-null isClientAlive:true)
12-07 21:42:43.920   807   807 I SurfaceFlinger: operator()(), mtkRenderCntDebug 259571, screenshot (com.fyp.resilientp2p/com.fyp.resilientp2p.MainActivity#3847)
12-07 21:42:45.465   782   854 I libPowerHal: [perfNotifyAppState] pack:com.fyp.resilientp2p, act:com.fyp.resilientp2p.MainActivity, state:5, pid:16167, uid:10282, fps:-1
12-07 21:42:52.826   807   807 I BufferQueueProducer: [com.fyp.resilientp2p/com.fyp.resilientp2p.MainActivity#3847](this:0xb400007df2c247c0,id:-1,api:0,p:-1,c:807) queueBuffer: fps=0.22 dur=8979.22 max=8962.06 min=17.16
12-07 21:42:52.833   807   807 I SurfaceFlinger: operator()(), mtkRenderCntDebug 259572, screenshot (com.fyp.resilientp2p/com.fyp.resilientp2p.MainActivity#3847)
12-07 21:42:57.583   807   807 I SurfaceFlinger: operator()(), mtkRenderCntDebug 259573, screenshot (com.fyp.resilientp2p/com.fyp.resilientp2p.MainActivity#3847)
12-07 21:43:00.066   807   807 I SurfaceFlinger: operator()(), mtkRenderCntDebug 259574, screenshot (com.fyp.resilientp2p/com.fyp.resilientp2p.MainActivity#3847)
12-07 21:43:00.610   807   807 I SurfaceFlinger: operator()(), mtkRenderCntDebug 259575, screenshot (com.fyp.resilientp2p/com.fyp.resilientp2p.MainActivity#3847)
12-07 21:43:07.746 16935 17025 I NearbyConnections: ClientProxy(com.fyp.resilientp2p) allow WebRtc to use mobile data.
12-07 21:43:07.747 16935 16543 I NearbyConnections: 259828889 com.fyp.resilientp2p startAdvertising in nc mode.
12-07 21:43:07.766 16935 16497 I NearbyConnections: Get local endpoint id from the existing localEndpointId:0U5B (last:L9ZV) for client 259828889(com.fyp.resilientp2p)
12-07 21:43:07.767 16935 16497 I NearbyConnections: generateRxInstantConnectionAdvBytes() returns null because the client (com.fyp.resilientp2p) is not allowed for an instant connection.
12-07 21:43:07.770 16935 16497 W NearbyConnections: Missing permission: com.fyp.resilientp2p does not have required permission android.permission.NFC
12-07 21:43:07.786  2271  5452 I bt_btif_sock_rfcomm: btsock_rfc_listen: Adding listening socket service_name: com.fyp.resilientp2p - channel: -1
12-07 21:43:07.789 16935 16497 I NearbyMediums: Started accepting Bluetooth Classic connections for com.fyp.resilientp2p.
12-07 21:43:07.859   807   807 I BufferQueueProducer: [com.fyp.resilientp2p/com.fyp.resilientp2p.MainActivity#3847](this:0xb400007df2c247c0,id:-1,api:0,p:-1,c:807) queueBuffer: fps=0.07 dur=15033.33 max=15033.33 min=15033.33
12-07 21:43:07.863   807   807 I SurfaceFlinger: operator()(), mtkRenderCntDebug 259576, screenshot (com.fyp.resilientp2p/com.fyp.resilientp2p.MainActivity#3847)
12-07 21:43:07.874 16935 16497 I NearbyMediums: Started accepting BLE Gatt connections, service-id=com.fyp.resilientp2p
12-07 21:43:07.888 16935 16497 I NearbyMediums: Started accepting BLE L2CAP connections, service-id=com.fyp.resilientp2p
12-07 21:43:08.216 16935 16935 E NearbyMediums: MEDIUM_ERROR [SYSTEM][BLE][START_ADVERTISING][START_LEGACY_ADVERTISING_FAILED][UNKNOWN], service-id=com.fyp.resilientp2p
12-07 21:43:08.218 16935 16935 W NearbyMediums: Failed to start BLE Legacy advertising, service-id=com.fyp.resilientp2p, with advertiseData : AdvertiseData [mServiceUuids=[0000fef3-0000-1000-8000-00805f9b34fb], mServiceSolicitationUuids=[], mTransportDiscoveryData=[], mManufacturerSpecificData={}, mServiceData={}, mIncludeTxPowerLevel=false, mIncludeDeviceName=false], scanResponse : AdvertiseData [mServiceUuids=[], mServiceSolicitationUuids=[], mTransportDiscoveryData=[], mManufacturerSpecificData={}, mServiceData={0000fef3-0000-1000-8000-00805f9b34fb=[74, 23, 35, 49, 75, 74, 81, 17, 52, -11, 110, -60, -78, 7, 19, 114, -92, -36, 29, -88, -109, -93, 40, -37, 61, 42, -42]}, mIncludeTxPowerLevel=false, mIncludeDeviceName=false], advertiseSettings : AdvertisingSetParameters [connectable=true, isLegacy=true, isAnonymous=false, includeTxPower=false, primaryPhy=1, secondaryPhy=1, interval=160, txPowerLevel=1, ownAddressType=-1]
12-07 21:43:08.220 16935 16497 E NearbyMediums: MEDIUM_ERROR [SYSTEM][BLE][START_ADVERTISING][START_LEGACY_ADVERTISING_FAILED][EXECUTION_EXCEPTION], service-id=com.fyp.resilientp2p
12-07 21:43:08.237 16935 16935 E NearbyMediums: MEDIUM_ERROR [SYSTEM][BLE][START_ADVERTISING][START_LEGACY_ADVERTISING_FAILED][UNKNOWN], service-id=com.fyp.resilientp2p
12-07 21:43:08.238 16935 16935 W NearbyMediums: Failed to start BLE Legacy advertising, service-id=com.fyp.resilientp2p, with advertiseData : AdvertiseData [mServiceUuids=[0000fef3-0000-1000-8000-00805f9b34fb], mServiceSolicitationUuids=[], mTransportDiscoveryData=[], mManufacturerSpecificData={}, mServiceData={}, mIncludeTxPowerLevel=false, mIncludeDeviceName=false], scanResponse : AdvertiseData [mServiceUuids=[], mServiceSolicitationUuids=[], mTransportDiscoveryData=[], mManufacturerSpecificData={}, mServiceData={0000fef3-0000-1000-8000-00805f9b34fb=[86, 82, 103, 119, 81, 65, 67, 65, 103, 65, 65, 65, 81, 74, 66, 90, 122, 121, 51, 110, 65, 78, 56]}, mIncludeTxPowerLevel=false, mIncludeDeviceName=false], advertiseSettings : AdvertisingSetParameters [connectable=true, isLegacy=true, isAnonymous=false, includeTxPower=false, primaryPhy=1, secondaryPhy=1, interval=160, txPowerLevel=1, ownAddressType=-1]
12-07 21:43:08.243 16935 16497 E NearbyMediums: MEDIUM_ERROR [SYSTEM][BLE][START_ADVERTISING][START_LEGACY_ADVERTISING_FAILED][EXECUTION_EXCEPTION], service-id=com.fyp.resilientp2p
12-07 21:43:08.246 16935 16497 I NearbyMediums: Successfully started BLE advertising of size 24 for service com.fyp.resilientp2p, deviceToken : [ 0x2a 0xd6 ].
12-07 21:43:08.254 16935 16497 I NearbyMediums: Successfully bound ServerSocket for service com.fyp.resilientp2p to the stable port 51559.
12-07 21:43:09.245 16935 16497 I NearbyMediums: Successfully advertised IjBVNUI6nt4AAA on serviceID com.fyp.resilientp2p over Wifi LAN.
12-07 21:43:09.247 16935 16497 W NearbyConnections: In startUsbAdvertising([ 0x54 0x42 0x31 0x33 0x32 0x46 0x55 ]), client 259828889 failed to start listening for incoming USB connections to ServiceId com.fyp.resilientp2p
12-07 21:43:09.253 16935 16497 I NearbyMediums: [WifiNetworkV2] WifiStatusChangedCallback registered for com.fyp.resilientp2p (wifiStatusChangedCallbacks.size:2)
12-07 21:43:09.255 16935 16497 I NearbyConnections: Get local endpoint id from the existing localEndpointId:0U5B (last:L9ZV) for client 259828889(com.fyp.resilientp2p)
12-07 21:43:09.376   807   807 I BufferQueueProducer: [com.fyp.resilientp2p/com.fyp.resilientp2p.MainActivity#3847](this:0xb400007df2c247c0,id:-1,api:0,p:-1,c:807) queueBuffer: fps=0.66 dur=1516.72 max=1516.72 min=1516.72
12-07 21:43:09.383   807   807 I SurfaceFlinger: operator()(), mtkRenderCntDebug 259577, screenshot (com.fyp.resilientp2p/com.fyp.resilientp2p.MainActivity#3847)
12-07 21:43:13.241 16935 16935 E NearbyMediums: MEDIUM_ERROR [SYSTEM][BLE][START_ADVERTISING][START_LEGACY_ADVERTISING_FAILED][UNKNOWN], service-id=com.fyp.resilientp2p
12-07 21:43:13.242 16935 16935 W NearbyMediums: Failed to start BLE Legacy advertising, service-id=com.fyp.resilientp2p, with advertiseData : AdvertiseData [mServiceUuids=[0000fef3-0000-1000-8000-00805f9b34fb], mServiceSolicitationUuids=[], mTransportDiscoveryData=[], mManufacturerSpecificData={}, mServiceData={}, mIncludeTxPowerLevel=false, mIncludeDeviceName=false], scanResponse : AdvertiseData [mServiceUuids=[], mServiceSolicitationUuids=[], mTransportDiscoveryData=[], mManufacturerSpecificData={}, mServiceData={0000fef3-0000-1000-8000-00805f9b34fb=[74, 23, 35, 49, 75, 74, 81, 17, 52, -11, 110, -60, -78, 7, 19, 114, -92, -36, 29, -88, -109, -93, 40, -37, 61, 42, -42]}, mIncludeTxPowerLevel=false, mIncludeDeviceName=false], advertiseSettings : AdvertisingSetParameters [connectable=true, isLegacy=true, isAnonymous=false, includeTxPower=false, primaryPhy=1, secondaryPhy=1, interval=160, txPowerLevel=1, ownAddressType=-1]
12-07 21:43:13.243 16935 16543 E NearbyMediums: MEDIUM_ERROR [SYSTEM][BLE][START_ADVERTISING][START_LEGACY_ADVERTISING_FAILED][EXECUTION_EXCEPTION], service-id=com.fyp.resilientp2p
12-07 21:43:13.263 16935 16935 E NearbyMediums: MEDIUM_ERROR [SYSTEM][BLE][START_ADVERTISING][START_LEGACY_ADVERTISING_FAILED][UNKNOWN], service-id=com.fyp.resilientp2p
12-07 21:43:13.266 16935 16935 W NearbyMediums: Failed to start BLE Legacy advertising, service-id=com.fyp.resilientp2p, with advertiseData : AdvertiseData [mServiceUuids=[0000fef3-0000-1000-8000-00805f9b34fb], mServiceSolicitationUuids=[], mTransportDiscoveryData=[], mManufacturerSpecificData={}, mServiceData={}, mIncludeTxPowerLevel=false, mIncludeDeviceName=false], scanResponse : AdvertiseData [mServiceUuids=[], mServiceSolicitationUuids=[], mTransportDiscoveryData=[], mManufacturerSpecificData={}, mServiceData={0000fef3-0000-1000-8000-00805f9b34fb=[86, 82, 103, 119, 81, 65, 67, 65, 103, 65, 65, 65, 81, 74, 66, 90, 122, 121, 51, 110, 65, 78, 56]}, mIncludeTxPowerLevel=false, mIncludeDeviceName=false], advertiseSettings : AdvertisingSetParameters [connectable=true, isLegacy=true, isAnonymous=false, includeTxPower=false, primaryPhy=1, secondaryPhy=1, interval=160, txPowerLevel=1, ownAddressType=-1]
12-07 21:43:13.267 16935 16543 E NearbyMediums: MEDIUM_ERROR [SYSTEM][BLE][START_ADVERTISING][START_LEGACY_ADVERTISING_FAILED][EXECUTION_EXCEPTION], service-id=com.fyp.resilientp2p
12-07 21:43:16.959   807   807 I BufferQueueProducer: [com.fyp.resilientp2p/com.fyp.resilientp2p.MainActivity#3847](this:0xb400007df2c247c0,id:-1,api:0,p:-1,c:807) queueBuffer: fps=0.13 dur=7583.30 max=7583.30 min=7583.30
12-07 21:43:16.965   807   807 I SurfaceFlinger: operator()(), mtkRenderCntDebug 259578, screenshot (com.fyp.resilientp2p/com.fyp.resilientp2p.MainActivity#3847)
12-07 21:43:17.066   807   807 I SurfaceFlinger: operator()(), mtkRenderCntDebug 259579, screenshot (com.fyp.resilientp2p/com.fyp.resilientp2p.MainActivity#3847)
12-07 21:43:17.371 16935 16553 I NearbyMediums: [MultiplexSocket] Virtual socket(com.fyp.resilientp2p) disconnected
12-07 21:43:17.424   807   807 I SurfaceFlinger: operator()(), mtkRenderCntDebug 259580, screenshot (com.fyp.resilientp2p/com.fyp.resilientp2p.MainActivity#3847)
12-07 21:43:17.808   807   807 I SurfaceFlinger: operator()(), mtkRenderCntDebug 259581, screenshot (com.fyp.resilientp2p/com.fyp.resilientp2p.MainActivity#3847)
12-07 21:43:17.826 16935 16935 E NearbyMediums: MEDIUM_ERROR [SYSTEM][BLE][START_ADVERTISING][START_LEGACY_ADVERTISING_FAILED][UNKNOWN], service-id=com.fyp.resilientp2p
12-07 21:43:17.827 16935 16935 W NearbyMediums: Failed to start BLE Legacy advertising, service-id=com.fyp.resilientp2p, with advertiseData : AdvertiseData [mServiceUuids=[0000fef3-0000-1000-8000-00805f9b34fb], mServiceSolicitationUuids=[], mTransportDiscoveryData=[], mManufacturerSpecificData={}, mServiceData={}, mIncludeTxPowerLevel=false, mIncludeDeviceName=false], scanResponse : AdvertiseData [mServiceUuids=[], mServiceSolicitationUuids=[], mTransportDiscoveryData=[], mManufacturerSpecificData={}, mServiceData={0000fef3-0000-1000-8000-00805f9b34fb=[86, 81, 65, 65, 65, 66, 67, 74, 67, 65, 65, 65, 65, 65, 66, 75, 81, 67, 55, 118, 65, 78, 56]}, mIncludeTxPowerLevel=false, mIncludeDeviceName=false], advertiseSettings : AdvertisingSetParameters [connectable=true, isLegacy=true, isAnonymous=false, includeTxPower=false, primaryPhy=1, secondaryPhy=1, interval=400, txPowerLevel=1, ownAddressType=-1]
12-07 21:43:17.831 16935 16552 E NearbyMediums: MEDIUM_ERROR [SYSTEM][BLE][START_ADVERTISING][START_LEGACY_ADVERTISING_FAILED][EXECUTION_EXCEPTION], service-id=com.fyp.resilientp2p
12-07 21:43:17.834 16935 16552 I NearbyMediums: Successfully stopped BLE advertising for service com.fyp.resilientp2p
12-07 21:43:17.836 16935 16552 I NearbyMediums: Close BLE L2CAP server socket, service-id=com.fyp.resilientp2p
12-07 21:43:17.846 16935 16552 I NearbyMediums: Close BLE GATT server socket, service-id=com.fyp.resilientp2p
12-07 21:43:17.859   782   854 I libPowerHal: [perfNotifyAppState] pack:com.fyp.resilientp2p, act:com.fyp.resilientp2p.MainActivity, state:5, pid:16167, uid:10282, fps:60
12-07 21:43:17.892 16935 16552 I NearbyMediums: Stopped accepting Bluetooth Classic connections for com.fyp.resilientp2p.
12-07 21:43:17.899 16935 16548 E NearbyMediums: MEDIUM_ERROR [SYSTEM][WIFI_LAN][START_LISTENING_INCOMING_CONNECTION][ACCEPT_CONNECTION_FAILED][SOCKET_CLOSED], service-id=com.fyp.resilientp2p
12-07 21:43:17.899 16935 16552 I NearbyMediums: Skipping stop accepting connections: we are not currently accepting WebRTC connections for com.fyp.resilientp2p.
12-07 21:43:17.900 16935 16552 I NearbyMediums: [WifiNetworkV2] WifiStatusChangedCallback unregistered for com.fyp.resilientp2p (wifiStatusChangedCallbacks.size:1)
12-07 21:43:17.909   807   807 I SurfaceFlinger: operator()(), mtkRenderCntDebug 259582, screenshot (com.fyp.resilientp2p/com.fyp.resilientp2p.MainActivity#3847)
12-07 21:43:17.932 16935 16552 I NearbyConnections: [InstantConnectionPcpMgr] In invalidateTxAdvertisementScanning(by stopAdvertising) tx advertisement scanning skipped or stopped for endpointId: serviceId:com.fyp.resilientp2p isScreenUnlocked:true isAdvertising:false powerLevel:HIGH isTxScanning:false
12-07 21:43:17.969   807   807 I BufferQueueProducer: [com.fyp.resilientp2p/com.fyp.resilientp2p.MainActivity#3847](this:0xb400007df2c247c0,id:-1,api:0,p:-1,c:807) queueBuffer: fps=12.87 dur=1009.85 max=383.65 min=16.09
12-07 21:43:18.011   807   807 I SurfaceFlinger: operator()(), mtkRenderCntDebug 259583, screenshot (com.fyp.resilientp2p/com.fyp.resilientp2p.MainActivity#3847)
12-07 21:43:18.112   807   807 I SurfaceFlinger: operator()(), mtkRenderCntDebug 259584, screenshot (com.fyp.resilientp2p/com.fyp.resilientp2p.MainActivity#3847)
12-07 21:43:18.212   807   807 I SurfaceFlinger: operator()(), mtkRenderCntDebug 259585, screenshot (com.fyp.resilientp2p/com.fyp.resilientp2p.MainActivity#3847)
12-07 21:43:19.861   782   854 I libPowerHal: [perfNotifyAppState] pack:com.fyp.resilientp2p, act:com.fyp.resilientp2p.MainActivity, state:5, pid:16167, uid:10282, fps:-1
